******************************************************************************
                  TI ARM Linker Unix v5.1.1                    
******************************************************************************
>> Linked Sat Aug 15 10:58:07 2015

OUTPUT FILE NAME:   <n64controller.out>
ENTRY POINT SYMBOL: "_c_int00"  address: 00003691


MEMORY CONFIGURATION

         name            origin    length      used     unused   attr    fill
----------------------  --------  ---------  --------  --------  ----  --------
  FLASH                 00000000   00040000  00004a76  0003b58a  R  X
  SRAM                  20000000   00008000  00000b39  000074c7  RW X


SEGMENT ALLOCATION MAP

run origin  load origin   length   init length attrs members
----------  ----------- ---------- ----------- ----- -------
00000000    00000000    00004a78   00004a78    r-x
  00000000    00000000    0000026c   0000026c    r-- .intvecs
  0000026c    0000026c    00004408   00004408    r-x .text
  00004674    00004674    0000032a   0000032a    r-- .const
  000049a0    000049a0    000000d8   000000d8    r-- .cinit
20000000    20000000    00000b3c   00000000    rw-
  20000000    20000000    00000800   00000000    rw- .stack
  20000800    20000800    00000239   00000000    rw- .bss
  20000a3c    20000a3c    00000100   00000000    rw- .data


SECTION ALLOCATION MAP

 output                                  attributes/
section   page    origin      length       input sections
--------  ----  ----------  ----------   ----------------
.intvecs   0    00000000    0000026c     
                  00000000    0000026c     tm4c123gh6pm_startup_ccs.obj (.intvecs)

.init_array 
*          0    00000000    00000000     UNINITIALIZED

.text      0    0000026c    00004408     
                  0000026c    00000a48     ustdlib.obj (.text)
                  00000cb4    00000430     uartstdio.obj (.text)
                  000010e4    00000260     protocol.obj (.text)
                  00001344    00000160     usblib.lib : usbdenum.obj (.text:USBDEP0StateTxConfig)
                  000014a4    00000160                : usbdma.obj (.text:USBLibDMAInit)
                  00001604    00000148                : usbdenum.obj (.text:USBDCDInit)
                  0000174c    00000148     n64usbhid.obj (.text)
                  00001894    00000140     usblib.lib : usbdconfig.obj (.text:USBDeviceConfig)
                  000019d4    00000140                : usbdenum.obj (.text:USBDeviceIntHandlerInternal)
                  00001b14    00000130     driverlib.lib : gpio.obj (.text:GPIOPadConfigSet)
                  00001c44    0000010e     usblib.lib : usbdhid.obj (.text:HandleRequest)
                  00001d52    00000002                : usbdma.obj (.text:iDMAUSBArbSizeSet)
                  00001d54    00000104     driverlib.lib : sysctl.obj (.text:SysCtlClockSet)
                  00001e58    00000100     main.obj (.text)
                  00001f58    000000e8     usblib.lib : usbdma.obj (.text:iDMAUSBTransfer)
                  00002040    000000e0                : usbdhid.obj (.text:USBDHIDCompositeInit)
                  00002120    000000dc                : usbdenum.obj (.text:USBDGetDescriptor)
                  000021fc    000000d8                : usbdenum.obj (.text:USBDeviceEnumHandler)
                  000022d4    000000c8     driverlib.lib : sysctl.obj (.text:SysCtlClockGet)
                  0000239c    000000c0     usblib.lib : usbdma.obj (.text:uDMAUSBChannelAllocate)
                  0000245c    000000ba                : usbdma.obj (.text:uDMAUSBTransfer)
                  00002516    0000009c     rtsv7M4_T_le_v4SPD16_eabi.lib : memcpy_t2.obj (.text)
                  000025b2    00000002     usblib.lib : usbdma.obj (.text:iDMAUSBUnitSizeSet)
                  000025b4    00000098                : usbdenum.obj (.text:USBDSetInterface)
                  0000264c    00000094     rtsv7M4_T_le_v4SPD16_eabi.lib : auto_init.obj (.text)
                  000026e0    0000008c     usblib.lib : usbdhid.obj (.text:ProcessIdleTimers)
                  0000276c    0000008c                : usbdenum.obj (.text:USBDSetConfiguration)
                  000027f8    0000008c                : usbdconfig.obj (.text:USBDeviceConfigAlternate)
                  00002884    00000086                : usbdma.obj (.text:iDMAUSBChannelAllocate)
                  0000290a    00000002                : usbdma.obj (.text:uDMAUSBChannelIntDisable)
                  0000290c    00000080     driverlib.lib : udma.obj (.text:uDMAChannelTransferSet)
                  0000298c    0000007a                   : usb.obj (.text:USBDevEndpointConfigSet)
                  00002a06    00000002     usblib.lib : usbdma.obj (.text:uDMAUSBChannelIntEnable)
                  00002a08    00000078                : usbdenum.obj (.text:USBDClearFeature)
                  00002a80    00000072                : usbdhid.obj (.text:USBDHIDPacketRead)
                  00002af2    00000072                : usbdma.obj (.text:uDMAUSBArbSizeSet)
                  00002b64    00000070                : usbdenum.obj (.text:USBDEP0StateTx)
                  00002bd4    00000070                : usbdenum.obj (.text:USBDGetStatus)
                  00002c44    00000070                : usbdma.obj (.text:uDMAUSBUnitSizeSet)
                  00002cb4    00000068     driverlib.lib : interrupt.obj (.text:IntDisable)
                  00002d1c    00000068                   : interrupt.obj (.text:IntEnable)
                  00002d84    00000064                   : interrupt.obj (.text:IntIsEnabled)
                  00002de8    00000064     usblib.lib : usbdenum.obj (.text:USBDSetFeature)
                  00002e4c    00000064                : usbdma.obj (.text:uDMAUSBChannelEnable)
                  00002eb0    00000060                : usbdhid.obj (.text:HandleGetDescriptor)
                  00002f10    00000060     driverlib.lib : timer.obj (.text:TimerConfigure)
                  00002f70    00000060     usblib.lib : usbdenum.obj (.text:USBDReadAndDispatchRequest)
                  00002fd0    0000005e     driverlib.lib : usb.obj (.text:USBDevEndpointStatusClear)
                  0000302e    0000005e     rtsv7M4_T_le_v4SPD16_eabi.lib : copy_decompress_rle.obj (.text)
                  0000308c    0000005c     usblib.lib : usbdhid.obj (.text:FindHIDDescriptor)
                  000030e8    0000005c                : usbdenum.obj (.text:USBDStringIndexFromRequest)
                  00003144    0000005a                : usbdhid.obj (.text:HandleDevice)
                  0000319e    00000002     --HOLE-- [fill = 0]
                  000031a0    00000058                : usbdhid.obj (.text:ProcessDataFromHost)
                  000031f8    00000056     driverlib.lib : gpio.obj (.text:GPIOIntTypeSet)
                  0000324e    00000054     usblib.lib : usbdhid.obj (.text:ProcessDataToHost)
                  000032a2    00000054                : usbdma.obj (.text:uDMAUSBChannelRelease)
                  000032f6    00000052                : usbulpi.obj (.text:ULPIConfigSet)
                  00003348    00000050     driverlib.lib : sysctl.obj (.text:SysCtlPeripheralReset)
                  00003398    00000050     usblib.lib : usbdcdesc.obj (.text:USBDCDConfigDescGet)
                  000033e8    00000050                : usbdenum.obj (.text:USBDeviceResumeTickHandler)
                  00003438    0000004e     driverlib.lib : usb.obj (.text:USBDevEndpointStallClear)
                  00003486    0000004c     usblib.lib : usbdcdesc.obj (.text:ConfigAlternateInterfaceGet)
                  000034d2    0000004c                : usbdconfig.obj (.text:GetEPDescriptorType)
                  0000351e    0000004c     driverlib.lib : usb.obj (.text:USBEndpointDMAConfigSet)
                  0000356a    0000004a     usblib.lib : usbdhid.obj (.text:USBDHIDReportWrite)
                  000035b4    0000004a                : usbdma.obj (.text:iDMAUSBChannelEnable)
                  000035fe    0000004a                : usbdma.obj (.text:uDMAUSBChannelDisable)
                  00003648    00000048     driverlib.lib : gpio.obj (.text:GPIOPinConfigure)
                  00003690    00000048     rtsv7M4_T_le_v4SPD16_eabi.lib : boot.obj (.text)
                  000036d8    00000048     driverlib.lib : udma.obj (.text:uDMAChannelAttributeDisable)
                  00003720    00000044     usblib.lib : usbdenum.obj (.text:USBDCDDeviceInfoInit)
                  00003764    00000044                : usbdenum.obj (.text:USBDeviceEnumResetHandler)
                  000037a8    00000044     driverlib.lib : usb.obj (.text:USBEndpointDataGet)
                  000037ec    00000044     rtsv7M4_T_le_v4SPD16_eabi.lib : cpy_tbl.obj (.text)
                  00003830    00000044                                   : exit.obj (.text)
                  00003874    00000042     usblib.lib : usbdhid.obj (.text:SetIdleTimeout)
                  000038b6    00000042     driverlib.lib : uart.obj (.text:UARTConfigSetExpClk)
                  000038f8    00000042     rtsv7M4_T_le_v4SPD16_eabi.lib : u_divt2.obj (.text)
                  0000393a    00000002     --HOLE-- [fill = 0]
                  0000393c    00000040     usblib.lib : usbdenum.obj (.text:USBDGetInterface)
                  0000397c    0000003e                : usbdhid.obj (.text:ScheduleReportTransmission)
                  000039ba    0000003a                : usbdcdesc.obj (.text:USBDCDConfigGetInterfaceEndpoint)
                  000039f4    0000003a     driverlib.lib : usb.obj (.text:USBFIFOConfigSet)
                  00003a2e    0000003a     usblib.lib : usbdma.obj (.text:iDMAUSBChannelRelease)
                  00003a68    00000038     driverlib.lib : sysctl.obj (.text:SysCtlPeripheralPresent)
                  00003aa0    00000038                   : usb.obj (.text:USBIntStatusControl)
                  00003ad8    00000036     usblib.lib : usbdhid.obj (.text:HandleEndpoints)
                  00003b0e    00000002     --HOLE-- [fill = 0]
                  00003b10    00000034                : usbdhid.obj (.text:HIDTickHandler)
                  00003b44    00000034                : usbtick.obj (.text:InternalUSBRegisterTickHandler)
                  00003b78    00000034                : usbtick.obj (.text:InternalUSBStartOfFrameTick)
                  00003bac    00000034     driverlib.lib : sysctl.obj (.text:SysCtlPeripheralEnable)
                  00003be0    00000034     usblib.lib : usbdma.obj (.text:iDMAUSBChannelStatus)
                  00003c14    00000032                : usbdhid.obj (.text:ClearReportTimer)
                  00003c46    00000032                : usbdcdesc.obj (.text:NextConfigDescGet)
                  00003c78    00000032     driverlib.lib : usb.obj (.text:USBDevEndpointStall)
                  00003caa    00000032     usblib.lib : usbdma.obj (.text:iDMAUSBChannelDisable)
                  00003cdc    00000030                : usbdma.obj (.text:DMAUSBIntHandler)
                  00003d0c    00000030                : usbdhid.obj (.text:HandleConfigChange)
                  00003d3c    00000030                : usbtick.obj (.text:InternalUSBTickInit)
                  00003d6c    00000030                : usbdenum.obj (.text:USBDGetConfiguration)
                  00003d9c    00000030     driverlib.lib : usb.obj (.text:USBEndpointDataPut)
                  00003dcc    0000002e                   : usb.obj (.text:USBEndpointDataSend)
                  00003dfa    0000002c     usblib.lib : usbdesc.obj (.text:USBDescGet)
                  00003e26    0000002c                : usbdma.obj (.text:uDMAUSBIntStatus)
                  00003e52    0000002a     driverlib.lib : gpio.obj (.text:GPIODirModeSet)
                  00003e7c    0000002a     usblib.lib : usbdcdesc.obj (.text:USBDCDConfigDescGetNum)
                  00003ea6    00000028                : usbdesc.obj (.text:USBDescGetNum)
                  00003ece    00000002     --HOLE-- [fill = 0]
                  00003ed0    00000028     driverlib.lib : usb.obj (.text:USBIntEnableControl)
                  00003ef8    00000028                   : udma.obj (.text:uDMAChannelModeGet)
                  00003f20    00000026     usblib.lib : usbdhid.obj (.text:GetIdleTimeout)
                  00003f46    00000026                : usbdhid.obj (.text:HandleEP0DataReceived)
                  00003f6c    00000026                : usbdhid.obj (.text:USBDHIDInit)
                  00003f92    00000002     --HOLE-- [fill = 0]
                  00003f94    00000024                : usbdenum.obj (.text:USBDSetAddress)
                  00003fb8    00000024     driverlib.lib : usb.obj (.text:USBDevEndpointDataAck)
                  00003fdc    00000024                   : usb.obj (.text:USBEndpointDMADisable)
                  00004000    00000024                   : usb.obj (.text:USBEndpointDMAEnable)
                  00004024    00000024     protocol.obj (.text:delayUs)
                  00004048    00000024     driverlib.lib : udma.obj (.text:uDMAChannelControlSet)
                  0000406c    00000022     usblib.lib : usbdhid.obj (.text:USBDHIDRxPacketAvailable)
                  0000408e    00000022                : usbdma.obj (.text:uDMAUSBChannelStatus)
                  000040b0    00000020                : usbdconfig.obj (.text:GetEndpointFIFOSize)
                  000040d0    00000020                : usbmode.obj (.text:USBStackModeSet)
                  000040f0    00000020     protocol.obj (.text:transmit0)
                  00004110    00000020     protocol.obj (.text:transmit1)
                  00004130    00000020     protocol.obj (.text:transmitStop)
                  00004150    0000001e     usblib.lib : usbdhid.obj (.text:HandleDisconnect)
                  0000416e    0000001e                : usbdhid.obj (.text:HandleEP0DataSent)
                  0000418c    0000001e     driverlib.lib : usb.obj (.text:USBULPIRegRead)
                  000041aa    0000001e                   : usb.obj (.text:USBULPIRegWrite)
                  000041c8    0000001c     usblib.lib : usbdhid.obj (.text:ClearIdleTimers)
                  000041e4    0000001c                : usbdhid.obj (.text:SetDeferredOpFlag)
                  00004200    0000001c     driverlib.lib : sysctl.obj (.text:SysCtlGPIOAHBEnable)
                  0000421c    0000001c                   : uart.obj (.text:UARTDisable)
                  00004238    0000001c     usblib.lib : usbdcdesc.obj (.text:USBDCDConfigGetInterface)
                  00004254    0000001c                : usbdenum.obj (.text:USBDCDStallEP0)
                  00004270    0000001c     driverlib.lib : usb.obj (.text:USBEndpointDataAvail)
                  0000428c    0000001a                   : usb.obj (.text:USBEndpointDMAChannel)
                  000042a6    00000018                   : gpio.obj (.text:GPIOPinTypeGPIOOutput)
                  000042be    00000002     --HOLE-- [fill = 0]
                  000042c0    00000018     usblib.lib : usbdhandler.obj (.text:USB0DeviceIntHandler)
                  000042d8    00000018                : usbdcdesc.obj (.text:USBDCDConfigDescGetSize)
                  000042f0    00000018                : usbdenum.obj (.text:USBDSetDescriptor)
                  00004308    00000018                : usbdenum.obj (.text:USBDSyncFrame)
                  00004320    00000018     rtsv7M4_T_le_v4SPD16_eabi.lib : args_main.obj (.text)
                  00004338    00000018     driverlib.lib : udma.obj (.text:uDMAChannelDisable)
                  00004350    00000018                   : udma.obj (.text:uDMAChannelEnable)
                  00004368    00000014                   : sysctl.obj (.text:SysCtlUSBPLLEnable)
                  0000437c    00000014                   : uart.obj (.text:UARTEnable)
                  00004390    00000014     usblib.lib : usbdenum.obj (.text:USBDCDRequestDataEP0)
                  000043a4    00000014                : usbdenum.obj (.text:USBDCDSendDataEP0)
                  000043b8    00000014     driverlib.lib : usb.obj (.text:USBDMAChannelConfigSet)
                  000043cc    00000014                   : usb.obj (.text:USBHostResume)
                  000043e0    00000014                   : usb.obj (.text:USBIntEnableEndpoint)
                  000043f4    00000014                   : usb.obj (.text:_USBIndexWrite)
                  00004408    00000014     rtsv7M4_T_le_v4SPD16_eabi.lib : _lock.obj (.text)
                  0000441c    00000012     driverlib.lib : gpio.obj (.text:GPIOPinTypeGPIOInput)
                  0000442e    00000012                   : gpio.obj (.text:GPIOPinTypeUART)
                  00004440    00000012                   : gpio.obj (.text:GPIOPinTypeUSBAnalog)
                  00004452    00000012     usblib.lib : usbdhid.obj (.text:HandleResume)
                  00004464    00000012                : usbdhid.obj (.text:HandleSuspend)
                  00004476    00000012     driverlib.lib : timer.obj (.text:TimerLoadSet)
                  00004488    00000012                   : usb.obj (.text:USBDMAChannelDisable)
                  0000449a    00000012                   : usb.obj (.text:USBDMAChannelEnable)
                  000044ac    00000012                   : usb.obj (.text:USBDMAChannelIntDisable)
                  000044be    00000012                   : usb.obj (.text:USBDMAChannelIntEnable)
                  000044d0    00000012     rtsv7M4_T_le_v4SPD16_eabi.lib : copy_zero_init.obj (.text:decompress:ZI)
                  000044e2    00000010     driverlib.lib : interrupt.obj (.text:IntMasterEnable)
                  000044f2    00000010                   : usb.obj (.text:USBEndpointStatus)
                  00004502    0000000e     usblib.lib : usbdma.obj (.text:DMAUSBIntStatusClear)
                  00004510    0000000e                : usbdhid.obj (.text:USBDHIDTxPacketAvailable)
                  0000451e    0000000e     driverlib.lib : usb.obj (.text:USBDMAChannelStatus)
                  0000452c    0000000e                   : usb.obj (.text:USBDevLPMDisable)
                  0000453a    0000000e                   : usb.obj (.text:USBDevLPMEnable)
                  00004548    0000000e                   : usb.obj (.text:USBULPIDisable)
                  00004556    0000000e                   : usb.obj (.text:USBULPIEnable)
                  00004564    0000000e     rtsv7M4_T_le_v4SPD16_eabi.lib : copy_decompress_none.obj (.text:decompress:none)
                  00004572    0000000c     driverlib.lib : cpu.obj (.text:CPUcpsie)
                  0000457e    0000000c                   : gpio.obj (.text:GPIOIntEnable)
                  0000458a    0000000c                   : usb.obj (.text:USBEndpointPacketCountSet)
                  00004596    0000000c                   : usb.obj (.text:USBLPMIntEnable)
                  000045a2    0000000c     tm4c123gh6pm_startup_ccs.obj (.text)
                  000045ae    0000000a     driverlib.lib : uart.obj (.text:UARTCharGet)
                  000045b8    0000000a                   : uart.obj (.text:UARTCharPut)
                  000045c2    0000000a                   : usb.obj (.text:USBClockEnable)
                  000045cc    0000000a                   : usb.obj (.text:USBControllerVersion)
                  000045d6    0000000a                   : usb.obj (.text:USBDMAChannelAddressSet)
                  000045e0    0000000a                   : usb.obj (.text:USBDMAChannelCountSet)
                  000045ea    0000000a                   : usb.obj (.text:USBDevConnect)
                  000045f4    0000000a                   : usb.obj (.text:USBDevDisconnect)
                  000045fe    0000000a                   : usb.obj (.text:USBIntStatusEndpoint)
                  00004608    00000008                   : timer.obj (.text:TimerIntEnable)
                  00004610    00000008                   : usb.obj (.text:USBDevMode)
                  00004618    00000008                   : usb.obj (.text:USBFIFOAddrGet)
                  00004620    00000008                   : usb.obj (.text:USBOTGMode)
                  00004628    00000008     usblib.lib : usbdma.obj (.text:iDMAUSBChannelIntDisable)
                  00004630    00000008                : usbdma.obj (.text:iDMAUSBChannelIntEnable)
                  00004638    00000006     driverlib.lib : gpio.obj (.text:GPIOIntClear)
                  0000463e    00000006                   : gpio.obj (.text:GPIOPinWrite)
                  00004644    00000006                   : sysctl.obj (.text:SysCtlDelay)
                  0000464a    00000006                   : usb.obj (.text:USBDMAChannelIntStatus)
                  00004650    00000006                   : usb.obj (.text:USBDevLPMConfig)
                  00004656    00000006                   : usb.obj (.text:USBLPMIntStatus)
                  0000465c    00000006     rtsv7M4_T_le_v4SPD16_eabi.lib : copy_decompress_rle.obj (.text:decompress:rle24)
                  00004662    00000006     usblib.lib : usbdma.obj (.text:iDMAUSBIntStatus)
                  00004668    00000004                : usbdma.obj (.text:DMAUSBStatus)
                  0000466c    00000004                : usbdhid.obj (.text:HandleReset)
                  00004670    00000004     driverlib.lib : usb.obj (.text:USBDevAddrSet)

.const     0    00004674    0000032a     
                  00004674    00000090     driverlib.lib : gpio.obj (.const:g_pui32GPIOBaseAddrs)
                  00004704    0000007e     n64usbhid.obj (.const:.string)
                  00004782    00000002     --HOLE-- [fill = 0]
                  00004784    00000070     driverlib.lib : interrupt.obj (.const)
                  000047f4    0000006c                   : sysctl.obj (.const:g_pui32Xtals)
                  00004860    0000004c     n64usbhid.obj (.const)
                  000048ac    00000034     usblib.lib : usbdenum.obj (.const:g_psUSBDStdRequests)
                  000048e0    00000030                : usbdhid.obj (.const:g_sHIDHandlers)
                  00004910    0000002e     n64usbhid.obj (.const:.string:configString)
                  0000493e    00000002     --HOLE-- [fill = 0]
                  00004940    0000001c     uartstdio.obj (.const)
                  0000495c    0000001c     ustdlib.obj (.const)
                  00004978    00000012     uartstdio.obj (.const:.string)
                  0000498a    00000002     --HOLE-- [fill = 0]
                  0000498c    00000012     ustdlib.obj (.const:.string)

.cinit     0    000049a0    000000d8     
                  000049a0    000000ae     (.cinit..data.load) [load image, compression = rle]
                  00004a4e    00000002     --HOLE-- [fill = 0]
                  00004a50    0000000c     (__TI_handler_table)
                  00004a5c    00000004     --HOLE-- [fill = 0]
                  00004a60    00000008     (.cinit..bss.load) [load image, compression = zero_init]
                  00004a68    00000010     (__TI_cinit_table)

.stack     0    20000000    00000800     UNINITIALIZED
                  20000000    00000800     --HOLE--

.bss       0    20000800    00000239     UNINITIALIZED
                  20000800    00000110     usblib.lib : usbdma.obj (.bss:g_psUSBDMAInst)
                  20000910    00000050                : usbdenum.obj (.bss:g_psDCDInst)
                  20000960    00000040                : usbdenum.obj (.bss:g_pui8DataBufferIn)
                  200009a0    00000040     n64usbhid.obj (.bss:readBuffer)
                  200009e0    00000030     usblib.lib : usbtick.obj (.bss)
                  20000a10    0000000c                : usbmode.obj (.bss)
                  20000a1c    00000008                : usbdenum.obj (.bss)
                  20000a24    00000004     (.common:currentByteNumber)
                  20000a28    00000004     (.common:highTime)
                  20000a2c    00000004     (.common:interruptCount)
                  20000a30    00000004     (.common:lowTime)
                  20000a34    00000001     (.common:currentBit)
                  20000a35    00000001     (.common:currentBitMask)
                  20000a36    00000001     (.common:currentByte)
                  20000a37    00000001     (.common:data)
                  20000a38    00000001     (.common:newBit)

.data      0    20000a3c    00000100     UNINITIALIZED
                  20000a3c    0000006c     n64usbhid.obj (.data:hidDevice)
                  20000aa8    00000042     n64usbhid.obj (.data)
                  20000aea    00000001     protocol.obj (.data)
                  20000aeb    00000001     --HOLE--
                  20000aec    00000012     usblib.lib : usbdhid.obj (.data)
                  20000afe    00000002     --HOLE--
                  20000b00    0000000c                : usbtick.obj (.data)
                  20000b0c    00000009                : usbmode.obj (.data)
                  20000b15    00000003     --HOLE--
                  20000b18    00000008     rtsv7M4_T_le_v4SPD16_eabi.lib : _lock.obj (.data)
                  20000b20    00000008                                   : exit.obj (.data)
                  20000b28    00000008     usblib.lib : usbdenum.obj (.data)
                  20000b30    00000004     rtsv7M4_T_le_v4SPD16_eabi.lib : stkdepth_vars.obj (.data)
                  20000b34    00000004     uartstdio.obj (.data)
                  20000b38    00000004     ustdlib.obj (.data)


LINKER GENERATED COPY TABLES

__TI_cinit_table @ 00004a68 records: 2, size/record: 8, table size: 16
	.data: load addr=000049a0, load size=000000ae bytes, run addr=20000a3c, run size=00000100 bytes, compression=rle
	.bss: load addr=00004a60, load size=00000008 bytes, run addr=20000800, run size=00000239 bytes, compression=zero_init


LINKER GENERATED HANDLER TABLE

__TI_handler_table @ 00004a50 records: 3, size/record: 4, table size: 12
	index: 0, handler: __TI_decompress_rle24
	index: 1, handler: __TI_decompress_none
	index: 2, handler: __TI_zero_init


GLOBAL SYMBOLS: SORTED ALPHABETICALLY BY Name 

address    name
--------   ----
00003831   C$$EXIT
00004573   CPUcpsie
000012a1   GCN64InitializeProtocol
00003e53   GPIODirModeSet
00004639   GPIOIntClear
0000457f   GPIOIntEnable
000031f9   GPIOIntTypeSet
00001b15   GPIOPadConfigSet
00003649   GPIOPinConfigure
0000441d   GPIOPinTypeGPIOInput
000042a7   GPIOPinTypeGPIOOutput
0000442f   GPIOPinTypeUART
00004441   GPIOPinTypeUSBAnalog
0000463f   GPIOPinWrite
0000128f   GpioBIntHandler
00002cb5   IntDisable
00002d1d   IntEnable
00002d85   IntIsEnabled
000044e3   IntMasterEnable
00003b45   InternalUSBRegisterTickHandler
00003b79   InternalUSBStartOfFrameTick
00003d3d   InternalUSBTickInit
000045a3   ResetISR
UNDEFED    SHT$$INIT_ARRAY$$Base
UNDEFED    SHT$$INIT_ARRAY$$Limit
000022d5   SysCtlClockGet
00001d55   SysCtlClockSet
00004645   SysCtlDelay
00004201   SysCtlGPIOAHBEnable
00003bad   SysCtlPeripheralEnable
00003a69   SysCtlPeripheralPresent
00003349   SysCtlPeripheralReset
00004369   SysCtlUSBPLLEnable
00001279   Timer0IntHandler
00002f11   TimerConfigure
00004609   TimerIntEnable
00004477   TimerLoadSet
000045af   UARTCharGet
000045b9   UARTCharPut
000038b7   UARTConfigSetExpClk
0000421d   UARTDisable
0000437d   UARTEnable
00000cb5   UARTStdioConfig
00000cfb   UARTStdioInit
00000d11   UARTStdioInitExpClk
00000db5   UARTgetc
00000d59   UARTgets
00000dd5   UARTprintf
00000d27   UARTwrite
000032f7   ULPIConfigSet
000042c1   USB0DeviceIntHandler
000045c3   USBClockEnable
000045cd   USBControllerVersion
00003399   USBDCDConfigDescGet
00003e7d   USBDCDConfigDescGetNum
000042d9   USBDCDConfigDescGetSize
00004239   USBDCDConfigGetInterface
000039bb   USBDCDConfigGetInterfaceEndpoint
00003721   USBDCDDeviceInfoInit
00001605   USBDCDInit
00004391   USBDCDRequestDataEP0
000043a5   USBDCDSendDataEP0
00004255   USBDCDStallEP0
00002041   USBDHIDCompositeInit
00003f6d   USBDHIDInit
00002a81   USBDHIDPacketRead
0000356b   USBDHIDReportWrite
0000406d   USBDHIDRxPacketAvailable
00004511   USBDHIDTxPacketAvailable
000045d7   USBDMAChannelAddressSet
000043b9   USBDMAChannelConfigSet
000045e1   USBDMAChannelCountSet
00004489   USBDMAChannelDisable
0000449b   USBDMAChannelEnable
000044ad   USBDMAChannelIntDisable
000044bf   USBDMAChannelIntEnable
0000464b   USBDMAChannelIntStatus
0000451f   USBDMAChannelStatus
00003dfb   USBDescGet
00003ea7   USBDescGetNum
00004671   USBDevAddrSet
000045eb   USBDevConnect
000045f5   USBDevDisconnect
0000298d   USBDevEndpointConfigSet
00003fb9   USBDevEndpointDataAck
00003c79   USBDevEndpointStall
00003439   USBDevEndpointStallClear
00002fd1   USBDevEndpointStatusClear
00004651   USBDevLPMConfig
0000452d   USBDevLPMDisable
0000453b   USBDevLPMEnable
00004611   USBDevMode
00001895   USBDeviceConfig
000027f9   USBDeviceConfigAlternate
000021fd   USBDeviceEnumHandler
00003765   USBDeviceEnumResetHandler
000019d5   USBDeviceIntHandlerInternal
000033e9   USBDeviceResumeTickHandler
0000428d   USBEndpointDMAChannel
0000351f   USBEndpointDMAConfigSet
00003fdd   USBEndpointDMADisable
00004001   USBEndpointDMAEnable
00004271   USBEndpointDataAvail
000037a9   USBEndpointDataGet
00003d9d   USBEndpointDataPut
00003dcd   USBEndpointDataSend
0000458b   USBEndpointPacketCountSet
000044f3   USBEndpointStatus
00004619   USBFIFOAddrGet
000039f5   USBFIFOConfigSet
000043cd   USBHostResume
00003ed1   USBIntEnableControl
000043e1   USBIntEnableEndpoint
00003aa1   USBIntStatusControl
000045ff   USBIntStatusEndpoint
00004597   USBLPMIntEnable
00004657   USBLPMIntStatus
000014a5   USBLibDMAInit
00004621   USBOTGMode
000040d1   USBStackModeSet
00004549   USBULPIDisable
00004557   USBULPIEnable
0000418d   USBULPIRegRead
000041ab   USBULPIRegWrite
20000800   __STACK_END
00000800   __STACK_SIZE
20000200   __STACK_TOP
00004a68   __TI_CINIT_Base
00004a78   __TI_CINIT_Limit
00004a50   __TI_Handler_Table_Base
00004a5c   __TI_Handler_Table_Limit
00000001   __TI_args_main
0000264d   __TI_auto_init
20000b20   __TI_cleanup_ptr
00004565   __TI_decompress_none
0000465d   __TI_decompress_rle24
20000b24   __TI_dtors_ptr
00000000   __TI_static_base__
000044d1   __TI_zero_init
00002517   __aeabi_memcpy
00002517   __aeabi_memcpy4
00002517   __aeabi_memcpy8
000038f9   __aeabi_uidivmod
ffffffff   __binit__
ffffffff   __c_args__
20000000   __stack
00004321   _args_main
00003691   _c_int00
20000b18   _lock
00004417   _nop
0000440f   _register_lock
00004409   _register_unlock
20000b1c   _unlock
00003835   abort
ffffffff   binit
000048a8   configDescriptors
20000ae0   configHeader
00004888   configSection
20000acc   configSections
00004910   configString
00004744   controlInterfaceString
000037ed   copy_in
20000a34   currentBit
20000a35   currentBitMask
20000a36   currentByte
20000a24   currentByteNumber
20000a37   data
00004025   delayUs
0000383d   exit
20000b00   g_bUSBTimerInitialized
20000a14   g_eOTGModeState
20000b0c   g_iUSBMode
200009e0   g_pfnTickHandlers
00000000   g_pfnVectors
20000a20   g_ppsDevInfo
20000910   g_psDCDInst
20000aec   g_pui8HIDDeviceDescriptor
00004774   g_pui8HIDInEndpoint
20000ab9   g_pui8HIDInterface
0000477b   g_pui8HIDOutEndpoint
20000ab0   g_pui8MouseDescriptor
200009f8   g_pvTickInstance
20000ac4   g_sHIDDescriptorSection
000048e0   g_sHIDHandlers
00004898   g_sHIDInEndpointSection
00004890   g_sHIDInterfaceSection
000048a0   g_sHIDOutEndpointSection
20000b04   g_ui32CurrentUSBTick
20000a10   g_ui32PollRate
20000b08   g_ui32USBSOFCount
20000b10   g_ui32WaitTicks
20000a3c   hidDevice
20000a28   highTime
00001e99   initN64Controller
0000174d   initN64USB
00001e71   init_usb_uart
20000a2c   interruptCount
00001795   isConnected
0000179b   isDataReadyToRead
00001771   isRxDataAvailable
00001783   isTxDataAvailable
00004704   languageDescriptor
20000a30   lowTime
00001eb9   main
20000b30   main_func_sp
00004708   manufacturerString
00002517   memcpy
00001183   n64Receive
000010e5   n64Transmit
20000a38   newBit
00004722   productString
200009a0   readBuffer
00001801   receiveUsbData
20000aa8   reportIdle
00001815   rxCallback
000017a5   sendString
000017e5   sendUsbData
00004732   serialNumberString
00004860   stringDescriptors
00001e59   sysDelayUs
000040f1   transmit0
00004111   transmit1
00004131   transmitStop
00001865   txCallback
000036d9   uDMAChannelAttributeDisable
00004049   uDMAChannelControlSet
00004339   uDMAChannelDisable
00004351   uDMAChannelEnable
00003ef9   uDMAChannelModeGet
0000290d   uDMAChannelTransferSet
00000751   ulocaltime
00000953   umktime
00000c91   urand
00000721   usnprintf
000006ef   usprintf
00000c81   usrand
00000bf9   ustrcasecmp
00000c6d   ustrcmp
00000b05   ustrlen
00000c0d   ustrncmp
0000026d   ustrncpy
00000b59   ustrnicmp
00000b27   ustrstr
000009cd   ustrtoul
000002c5   uvsnprintf


GLOBAL SYMBOLS: SORTED BY Symbol Address 

address    name
--------   ----
00000000   __TI_static_base__
00000000   g_pfnVectors
00000001   __TI_args_main
0000026d   ustrncpy
000002c5   uvsnprintf
000006ef   usprintf
00000721   usnprintf
00000751   ulocaltime
00000800   __STACK_SIZE
00000953   umktime
000009cd   ustrtoul
00000b05   ustrlen
00000b27   ustrstr
00000b59   ustrnicmp
00000bf9   ustrcasecmp
00000c0d   ustrncmp
00000c6d   ustrcmp
00000c81   usrand
00000c91   urand
00000cb5   UARTStdioConfig
00000cfb   UARTStdioInit
00000d11   UARTStdioInitExpClk
00000d27   UARTwrite
00000d59   UARTgets
00000db5   UARTgetc
00000dd5   UARTprintf
000010e5   n64Transmit
00001183   n64Receive
00001279   Timer0IntHandler
0000128f   GpioBIntHandler
000012a1   GCN64InitializeProtocol
000014a5   USBLibDMAInit
00001605   USBDCDInit
0000174d   initN64USB
00001771   isRxDataAvailable
00001783   isTxDataAvailable
00001795   isConnected
0000179b   isDataReadyToRead
000017a5   sendString
000017e5   sendUsbData
00001801   receiveUsbData
00001815   rxCallback
00001865   txCallback
00001895   USBDeviceConfig
000019d5   USBDeviceIntHandlerInternal
00001b15   GPIOPadConfigSet
00001d55   SysCtlClockSet
00001e59   sysDelayUs
00001e71   init_usb_uart
00001e99   initN64Controller
00001eb9   main
00002041   USBDHIDCompositeInit
000021fd   USBDeviceEnumHandler
000022d5   SysCtlClockGet
00002517   __aeabi_memcpy
00002517   __aeabi_memcpy4
00002517   __aeabi_memcpy8
00002517   memcpy
0000264d   __TI_auto_init
000027f9   USBDeviceConfigAlternate
0000290d   uDMAChannelTransferSet
0000298d   USBDevEndpointConfigSet
00002a81   USBDHIDPacketRead
00002cb5   IntDisable
00002d1d   IntEnable
00002d85   IntIsEnabled
00002f11   TimerConfigure
00002fd1   USBDevEndpointStatusClear
000031f9   GPIOIntTypeSet
000032f7   ULPIConfigSet
00003349   SysCtlPeripheralReset
00003399   USBDCDConfigDescGet
000033e9   USBDeviceResumeTickHandler
00003439   USBDevEndpointStallClear
0000351f   USBEndpointDMAConfigSet
0000356b   USBDHIDReportWrite
00003649   GPIOPinConfigure
00003691   _c_int00
000036d9   uDMAChannelAttributeDisable
00003721   USBDCDDeviceInfoInit
00003765   USBDeviceEnumResetHandler
000037a9   USBEndpointDataGet
000037ed   copy_in
00003831   C$$EXIT
00003835   abort
0000383d   exit
000038b7   UARTConfigSetExpClk
000038f9   __aeabi_uidivmod
000039bb   USBDCDConfigGetInterfaceEndpoint
000039f5   USBFIFOConfigSet
00003a69   SysCtlPeripheralPresent
00003aa1   USBIntStatusControl
00003b45   InternalUSBRegisterTickHandler
00003b79   InternalUSBStartOfFrameTick
00003bad   SysCtlPeripheralEnable
00003c79   USBDevEndpointStall
00003d3d   InternalUSBTickInit
00003d9d   USBEndpointDataPut
00003dcd   USBEndpointDataSend
00003dfb   USBDescGet
00003e53   GPIODirModeSet
00003e7d   USBDCDConfigDescGetNum
00003ea7   USBDescGetNum
00003ed1   USBIntEnableControl
00003ef9   uDMAChannelModeGet
00003f6d   USBDHIDInit
00003fb9   USBDevEndpointDataAck
00003fdd   USBEndpointDMADisable
00004001   USBEndpointDMAEnable
00004025   delayUs
00004049   uDMAChannelControlSet
0000406d   USBDHIDRxPacketAvailable
000040d1   USBStackModeSet
000040f1   transmit0
00004111   transmit1
00004131   transmitStop
0000418d   USBULPIRegRead
000041ab   USBULPIRegWrite
00004201   SysCtlGPIOAHBEnable
0000421d   UARTDisable
00004239   USBDCDConfigGetInterface
00004255   USBDCDStallEP0
00004271   USBEndpointDataAvail
0000428d   USBEndpointDMAChannel
000042a7   GPIOPinTypeGPIOOutput
000042c1   USB0DeviceIntHandler
000042d9   USBDCDConfigDescGetSize
00004321   _args_main
00004339   uDMAChannelDisable
00004351   uDMAChannelEnable
00004369   SysCtlUSBPLLEnable
0000437d   UARTEnable
00004391   USBDCDRequestDataEP0
000043a5   USBDCDSendDataEP0
000043b9   USBDMAChannelConfigSet
000043cd   USBHostResume
000043e1   USBIntEnableEndpoint
00004409   _register_unlock
0000440f   _register_lock
00004417   _nop
0000441d   GPIOPinTypeGPIOInput
0000442f   GPIOPinTypeUART
00004441   GPIOPinTypeUSBAnalog
00004477   TimerLoadSet
00004489   USBDMAChannelDisable
0000449b   USBDMAChannelEnable
000044ad   USBDMAChannelIntDisable
000044bf   USBDMAChannelIntEnable
000044d1   __TI_zero_init
000044e3   IntMasterEnable
000044f3   USBEndpointStatus
00004511   USBDHIDTxPacketAvailable
0000451f   USBDMAChannelStatus
0000452d   USBDevLPMDisable
0000453b   USBDevLPMEnable
00004549   USBULPIDisable
00004557   USBULPIEnable
00004565   __TI_decompress_none
00004573   CPUcpsie
0000457f   GPIOIntEnable
0000458b   USBEndpointPacketCountSet
00004597   USBLPMIntEnable
000045a3   ResetISR
000045af   UARTCharGet
000045b9   UARTCharPut
000045c3   USBClockEnable
000045cd   USBControllerVersion
000045d7   USBDMAChannelAddressSet
000045e1   USBDMAChannelCountSet
000045eb   USBDevConnect
000045f5   USBDevDisconnect
000045ff   USBIntStatusEndpoint
00004609   TimerIntEnable
00004611   USBDevMode
00004619   USBFIFOAddrGet
00004621   USBOTGMode
00004639   GPIOIntClear
0000463f   GPIOPinWrite
00004645   SysCtlDelay
0000464b   USBDMAChannelIntStatus
00004651   USBDevLPMConfig
00004657   USBLPMIntStatus
0000465d   __TI_decompress_rle24
00004671   USBDevAddrSet
00004704   languageDescriptor
00004708   manufacturerString
00004722   productString
00004732   serialNumberString
00004744   controlInterfaceString
00004774   g_pui8HIDInEndpoint
0000477b   g_pui8HIDOutEndpoint
00004860   stringDescriptors
00004888   configSection
00004890   g_sHIDInterfaceSection
00004898   g_sHIDInEndpointSection
000048a0   g_sHIDOutEndpointSection
000048a8   configDescriptors
000048e0   g_sHIDHandlers
00004910   configString
00004a50   __TI_Handler_Table_Base
00004a5c   __TI_Handler_Table_Limit
00004a68   __TI_CINIT_Base
00004a78   __TI_CINIT_Limit
20000000   __stack
20000200   __STACK_TOP
20000800   __STACK_END
20000910   g_psDCDInst
200009a0   readBuffer
200009e0   g_pfnTickHandlers
200009f8   g_pvTickInstance
20000a10   g_ui32PollRate
20000a14   g_eOTGModeState
20000a20   g_ppsDevInfo
20000a24   currentByteNumber
20000a28   highTime
20000a2c   interruptCount
20000a30   lowTime
20000a34   currentBit
20000a35   currentBitMask
20000a36   currentByte
20000a37   data
20000a38   newBit
20000a3c   hidDevice
20000aa8   reportIdle
20000ab0   g_pui8MouseDescriptor
20000ab9   g_pui8HIDInterface
20000ac4   g_sHIDDescriptorSection
20000acc   configSections
20000ae0   configHeader
20000aec   g_pui8HIDDeviceDescriptor
20000b00   g_bUSBTimerInitialized
20000b04   g_ui32CurrentUSBTick
20000b08   g_ui32USBSOFCount
20000b0c   g_iUSBMode
20000b10   g_ui32WaitTicks
20000b18   _lock
20000b1c   _unlock
20000b20   __TI_cleanup_ptr
20000b24   __TI_dtors_ptr
20000b30   main_func_sp
ffffffff   __binit__
ffffffff   __c_args__
ffffffff   binit
UNDEFED    SHT$$INIT_ARRAY$$Base
UNDEFED    SHT$$INIT_ARRAY$$Limit

[245 symbols]
