******************************************************************************
                  TI ARM Linker Unix v5.1.1                    
******************************************************************************
>> Linked Sat Aug  8 22:46:07 2015

OUTPUT FILE NAME:   <n64controller.out>
ENTRY POINT SYMBOL: "_c_int00"  address: 000036e1


MEMORY CONFIGURATION

         name            origin    length      used     unused   attr    fill
----------------------  --------  ---------  --------  --------  ----  --------
  FLASH                 00000000   00040000  00004ae6  0003b51a  R  X
  SRAM                  20000000   00008000  00000b39  000074c7  RW X


SEGMENT ALLOCATION MAP

run origin  load origin   length   init length attrs members
----------  ----------- ---------- ----------- ----- -------
00000000    00000000    00004ae8   00004ae8    r-x
  00000000    00000000    0000026c   0000026c    r-- .intvecs
  0000026c    0000026c    00004458   00004458    r-x .text
  000046c4    000046c4    0000034a   0000034a    r-- .const
  00004a10    00004a10    000000d8   000000d8    r-- .cinit
20000000    20000000    00000b3c   00000000    rw-
  20000000    20000000    00000800   00000000    rw- .stack
  20000800    20000800    00000239   00000000    rw- .bss
  20000a3c    20000a3c    00000100   00000000    rw- .data


SECTION ALLOCATION MAP

 output                                  attributes/
section   page    origin      length       input sections
--------  ----  ----------  ----------   ----------------
.intvecs   0    00000000    0000026c     
                  00000000    0000026c     tm4c123gh6pm_startup_ccs.obj (.intvecs)

.init_array 
*          0    00000000    00000000     UNINITIALIZED

.text      0    0000026c    00004458     
                  0000026c    00000a48     ustdlib.obj (.text)
                  00000cb4    00000430     uartstdio.obj (.text)
                  000010e4    00000260     protocol.obj (.text)
                  00001344    00000160     usblib.lib : usbdenum.obj (.text:USBDEP0StateTxConfig)
                  000014a4    00000160                : usbdma.obj (.text:USBLibDMAInit)
                  00001604    00000150     main.obj (.text)
                  00001754    00000148     usblib.lib : usbdenum.obj (.text:USBDCDInit)
                  0000189c    00000148     n64usbhid.obj (.text)
                  000019e4    00000140     usblib.lib : usbdconfig.obj (.text:USBDeviceConfig)
                  00001b24    00000140                : usbdenum.obj (.text:USBDeviceIntHandlerInternal)
                  00001c64    00000130     driverlib.lib : gpio.obj (.text:GPIOPadConfigSet)
                  00001d94    0000010e     usblib.lib : usbdhid.obj (.text:HandleRequest)
                  00001ea2    00000002                : usbdma.obj (.text:iDMAUSBArbSizeSet)
                  00001ea4    00000104     driverlib.lib : sysctl.obj (.text:SysCtlClockSet)
                  00001fa8    000000e8     usblib.lib : usbdma.obj (.text:iDMAUSBTransfer)
                  00002090    000000e0                : usbdhid.obj (.text:USBDHIDCompositeInit)
                  00002170    000000dc                : usbdenum.obj (.text:USBDGetDescriptor)
                  0000224c    000000d8                : usbdenum.obj (.text:USBDeviceEnumHandler)
                  00002324    000000c8     driverlib.lib : sysctl.obj (.text:SysCtlClockGet)
                  000023ec    000000c0     usblib.lib : usbdma.obj (.text:uDMAUSBChannelAllocate)
                  000024ac    000000ba                : usbdma.obj (.text:uDMAUSBTransfer)
                  00002566    0000009c     rtsv7M4_T_le_v4SPD16_eabi.lib : memcpy_t2.obj (.text)
                  00002602    00000002     usblib.lib : usbdma.obj (.text:iDMAUSBUnitSizeSet)
                  00002604    00000098                : usbdenum.obj (.text:USBDSetInterface)
                  0000269c    00000094     rtsv7M4_T_le_v4SPD16_eabi.lib : auto_init.obj (.text)
                  00002730    0000008c     usblib.lib : usbdhid.obj (.text:ProcessIdleTimers)
                  000027bc    0000008c                : usbdenum.obj (.text:USBDSetConfiguration)
                  00002848    0000008c                : usbdconfig.obj (.text:USBDeviceConfigAlternate)
                  000028d4    00000086                : usbdma.obj (.text:iDMAUSBChannelAllocate)
                  0000295a    00000002                : usbdma.obj (.text:uDMAUSBChannelIntDisable)
                  0000295c    00000080     driverlib.lib : udma.obj (.text:uDMAChannelTransferSet)
                  000029dc    0000007a                   : usb.obj (.text:USBDevEndpointConfigSet)
                  00002a56    00000002     usblib.lib : usbdma.obj (.text:uDMAUSBChannelIntEnable)
                  00002a58    00000078                : usbdenum.obj (.text:USBDClearFeature)
                  00002ad0    00000072                : usbdhid.obj (.text:USBDHIDPacketRead)
                  00002b42    00000072                : usbdma.obj (.text:uDMAUSBArbSizeSet)
                  00002bb4    00000070                : usbdenum.obj (.text:USBDEP0StateTx)
                  00002c24    00000070                : usbdenum.obj (.text:USBDGetStatus)
                  00002c94    00000070                : usbdma.obj (.text:uDMAUSBUnitSizeSet)
                  00002d04    00000068     driverlib.lib : interrupt.obj (.text:IntDisable)
                  00002d6c    00000068                   : interrupt.obj (.text:IntEnable)
                  00002dd4    00000064                   : interrupt.obj (.text:IntIsEnabled)
                  00002e38    00000064     usblib.lib : usbdenum.obj (.text:USBDSetFeature)
                  00002e9c    00000064                : usbdma.obj (.text:uDMAUSBChannelEnable)
                  00002f00    00000060                : usbdhid.obj (.text:HandleGetDescriptor)
                  00002f60    00000060     driverlib.lib : timer.obj (.text:TimerConfigure)
                  00002fc0    00000060     usblib.lib : usbdenum.obj (.text:USBDReadAndDispatchRequest)
                  00003020    0000005e     driverlib.lib : usb.obj (.text:USBDevEndpointStatusClear)
                  0000307e    0000005e     rtsv7M4_T_le_v4SPD16_eabi.lib : copy_decompress_rle.obj (.text)
                  000030dc    0000005c     usblib.lib : usbdhid.obj (.text:FindHIDDescriptor)
                  00003138    0000005c                : usbdenum.obj (.text:USBDStringIndexFromRequest)
                  00003194    0000005a                : usbdhid.obj (.text:HandleDevice)
                  000031ee    00000002     --HOLE-- [fill = 0]
                  000031f0    00000058                : usbdhid.obj (.text:ProcessDataFromHost)
                  00003248    00000056     driverlib.lib : gpio.obj (.text:GPIOIntTypeSet)
                  0000329e    00000054     usblib.lib : usbdhid.obj (.text:ProcessDataToHost)
                  000032f2    00000054                : usbdma.obj (.text:uDMAUSBChannelRelease)
                  00003346    00000052                : usbulpi.obj (.text:ULPIConfigSet)
                  00003398    00000050     driverlib.lib : sysctl.obj (.text:SysCtlPeripheralReset)
                  000033e8    00000050     usblib.lib : usbdcdesc.obj (.text:USBDCDConfigDescGet)
                  00003438    00000050                : usbdenum.obj (.text:USBDeviceResumeTickHandler)
                  00003488    0000004e     driverlib.lib : usb.obj (.text:USBDevEndpointStallClear)
                  000034d6    0000004c     usblib.lib : usbdcdesc.obj (.text:ConfigAlternateInterfaceGet)
                  00003522    0000004c                : usbdconfig.obj (.text:GetEPDescriptorType)
                  0000356e    0000004c     driverlib.lib : usb.obj (.text:USBEndpointDMAConfigSet)
                  000035ba    0000004a     usblib.lib : usbdhid.obj (.text:USBDHIDReportWrite)
                  00003604    0000004a                : usbdma.obj (.text:iDMAUSBChannelEnable)
                  0000364e    0000004a                : usbdma.obj (.text:uDMAUSBChannelDisable)
                  00003698    00000048     driverlib.lib : gpio.obj (.text:GPIOPinConfigure)
                  000036e0    00000048     rtsv7M4_T_le_v4SPD16_eabi.lib : boot.obj (.text)
                  00003728    00000048     driverlib.lib : udma.obj (.text:uDMAChannelAttributeDisable)
                  00003770    00000044     usblib.lib : usbdenum.obj (.text:USBDCDDeviceInfoInit)
                  000037b4    00000044                : usbdenum.obj (.text:USBDeviceEnumResetHandler)
                  000037f8    00000044     driverlib.lib : usb.obj (.text:USBEndpointDataGet)
                  0000383c    00000044     rtsv7M4_T_le_v4SPD16_eabi.lib : cpy_tbl.obj (.text)
                  00003880    00000044                                   : exit.obj (.text)
                  000038c4    00000042     usblib.lib : usbdhid.obj (.text:SetIdleTimeout)
                  00003906    00000042     driverlib.lib : uart.obj (.text:UARTConfigSetExpClk)
                  00003948    00000042     rtsv7M4_T_le_v4SPD16_eabi.lib : u_divt2.obj (.text)
                  0000398a    00000002     --HOLE-- [fill = 0]
                  0000398c    00000040     usblib.lib : usbdenum.obj (.text:USBDGetInterface)
                  000039cc    0000003e                : usbdhid.obj (.text:ScheduleReportTransmission)
                  00003a0a    0000003a                : usbdcdesc.obj (.text:USBDCDConfigGetInterfaceEndpoint)
                  00003a44    0000003a     driverlib.lib : usb.obj (.text:USBFIFOConfigSet)
                  00003a7e    0000003a     usblib.lib : usbdma.obj (.text:iDMAUSBChannelRelease)
                  00003ab8    00000038     driverlib.lib : sysctl.obj (.text:SysCtlPeripheralPresent)
                  00003af0    00000038                   : usb.obj (.text:USBIntStatusControl)
                  00003b28    00000036     usblib.lib : usbdhid.obj (.text:HandleEndpoints)
                  00003b5e    00000002     --HOLE-- [fill = 0]
                  00003b60    00000034                : usbdhid.obj (.text:HIDTickHandler)
                  00003b94    00000034                : usbtick.obj (.text:InternalUSBRegisterTickHandler)
                  00003bc8    00000034                : usbtick.obj (.text:InternalUSBStartOfFrameTick)
                  00003bfc    00000034     driverlib.lib : sysctl.obj (.text:SysCtlPeripheralEnable)
                  00003c30    00000034     usblib.lib : usbdma.obj (.text:iDMAUSBChannelStatus)
                  00003c64    00000032                : usbdhid.obj (.text:ClearReportTimer)
                  00003c96    00000032                : usbdcdesc.obj (.text:NextConfigDescGet)
                  00003cc8    00000032     driverlib.lib : usb.obj (.text:USBDevEndpointStall)
                  00003cfa    00000032     usblib.lib : usbdma.obj (.text:iDMAUSBChannelDisable)
                  00003d2c    00000030                : usbdma.obj (.text:DMAUSBIntHandler)
                  00003d5c    00000030                : usbdhid.obj (.text:HandleConfigChange)
                  00003d8c    00000030                : usbtick.obj (.text:InternalUSBTickInit)
                  00003dbc    00000030                : usbdenum.obj (.text:USBDGetConfiguration)
                  00003dec    00000030     driverlib.lib : usb.obj (.text:USBEndpointDataPut)
                  00003e1c    0000002e                   : usb.obj (.text:USBEndpointDataSend)
                  00003e4a    0000002c     usblib.lib : usbdesc.obj (.text:USBDescGet)
                  00003e76    0000002c                : usbdma.obj (.text:uDMAUSBIntStatus)
                  00003ea2    0000002a     driverlib.lib : gpio.obj (.text:GPIODirModeSet)
                  00003ecc    0000002a     usblib.lib : usbdcdesc.obj (.text:USBDCDConfigDescGetNum)
                  00003ef6    00000028                : usbdesc.obj (.text:USBDescGetNum)
                  00003f1e    00000002     --HOLE-- [fill = 0]
                  00003f20    00000028     driverlib.lib : usb.obj (.text:USBIntEnableControl)
                  00003f48    00000028                   : udma.obj (.text:uDMAChannelModeGet)
                  00003f70    00000026     usblib.lib : usbdhid.obj (.text:GetIdleTimeout)
                  00003f96    00000026                : usbdhid.obj (.text:HandleEP0DataReceived)
                  00003fbc    00000026                : usbdhid.obj (.text:USBDHIDInit)
                  00003fe2    00000002     --HOLE-- [fill = 0]
                  00003fe4    00000024                : usbdenum.obj (.text:USBDSetAddress)
                  00004008    00000024     driverlib.lib : usb.obj (.text:USBDevEndpointDataAck)
                  0000402c    00000024                   : usb.obj (.text:USBEndpointDMADisable)
                  00004050    00000024                   : usb.obj (.text:USBEndpointDMAEnable)
                  00004074    00000024     protocol.obj (.text:delayUs)
                  00004098    00000024     driverlib.lib : udma.obj (.text:uDMAChannelControlSet)
                  000040bc    00000022     usblib.lib : usbdhid.obj (.text:USBDHIDRxPacketAvailable)
                  000040de    00000022                : usbdma.obj (.text:uDMAUSBChannelStatus)
                  00004100    00000020                : usbdconfig.obj (.text:GetEndpointFIFOSize)
                  00004120    00000020                : usbmode.obj (.text:USBStackModeSet)
                  00004140    00000020     protocol.obj (.text:transmit0)
                  00004160    00000020     protocol.obj (.text:transmit1)
                  00004180    00000020     protocol.obj (.text:transmitStop)
                  000041a0    0000001e     usblib.lib : usbdhid.obj (.text:HandleDisconnect)
                  000041be    0000001e                : usbdhid.obj (.text:HandleEP0DataSent)
                  000041dc    0000001e     driverlib.lib : usb.obj (.text:USBULPIRegRead)
                  000041fa    0000001e                   : usb.obj (.text:USBULPIRegWrite)
                  00004218    0000001c     usblib.lib : usbdhid.obj (.text:ClearIdleTimers)
                  00004234    0000001c                : usbdhid.obj (.text:SetDeferredOpFlag)
                  00004250    0000001c     driverlib.lib : sysctl.obj (.text:SysCtlGPIOAHBEnable)
                  0000426c    0000001c                   : uart.obj (.text:UARTDisable)
                  00004288    0000001c     usblib.lib : usbdcdesc.obj (.text:USBDCDConfigGetInterface)
                  000042a4    0000001c                : usbdenum.obj (.text:USBDCDStallEP0)
                  000042c0    0000001c     driverlib.lib : usb.obj (.text:USBEndpointDataAvail)
                  000042dc    0000001a                   : usb.obj (.text:USBEndpointDMAChannel)
                  000042f6    00000018                   : gpio.obj (.text:GPIOPinTypeGPIOOutput)
                  0000430e    00000002     --HOLE-- [fill = 0]
                  00004310    00000018     usblib.lib : usbdhandler.obj (.text:USB0DeviceIntHandler)
                  00004328    00000018                : usbdcdesc.obj (.text:USBDCDConfigDescGetSize)
                  00004340    00000018                : usbdenum.obj (.text:USBDSetDescriptor)
                  00004358    00000018                : usbdenum.obj (.text:USBDSyncFrame)
                  00004370    00000018     rtsv7M4_T_le_v4SPD16_eabi.lib : args_main.obj (.text)
                  00004388    00000018     driverlib.lib : udma.obj (.text:uDMAChannelDisable)
                  000043a0    00000018                   : udma.obj (.text:uDMAChannelEnable)
                  000043b8    00000014                   : sysctl.obj (.text:SysCtlUSBPLLEnable)
                  000043cc    00000014                   : uart.obj (.text:UARTEnable)
                  000043e0    00000014     usblib.lib : usbdenum.obj (.text:USBDCDRequestDataEP0)
                  000043f4    00000014                : usbdenum.obj (.text:USBDCDSendDataEP0)
                  00004408    00000014     driverlib.lib : usb.obj (.text:USBDMAChannelConfigSet)
                  0000441c    00000014                   : usb.obj (.text:USBHostResume)
                  00004430    00000014                   : usb.obj (.text:USBIntEnableEndpoint)
                  00004444    00000014                   : usb.obj (.text:_USBIndexWrite)
                  00004458    00000014     rtsv7M4_T_le_v4SPD16_eabi.lib : _lock.obj (.text)
                  0000446c    00000012     driverlib.lib : gpio.obj (.text:GPIOPinTypeGPIOInput)
                  0000447e    00000012                   : gpio.obj (.text:GPIOPinTypeUART)
                  00004490    00000012                   : gpio.obj (.text:GPIOPinTypeUSBAnalog)
                  000044a2    00000012     usblib.lib : usbdhid.obj (.text:HandleResume)
                  000044b4    00000012                : usbdhid.obj (.text:HandleSuspend)
                  000044c6    00000012     driverlib.lib : timer.obj (.text:TimerLoadSet)
                  000044d8    00000012                   : usb.obj (.text:USBDMAChannelDisable)
                  000044ea    00000012                   : usb.obj (.text:USBDMAChannelEnable)
                  000044fc    00000012                   : usb.obj (.text:USBDMAChannelIntDisable)
                  0000450e    00000012                   : usb.obj (.text:USBDMAChannelIntEnable)
                  00004520    00000012     rtsv7M4_T_le_v4SPD16_eabi.lib : copy_zero_init.obj (.text:decompress:ZI)
                  00004532    00000010     driverlib.lib : interrupt.obj (.text:IntMasterEnable)
                  00004542    00000010                   : usb.obj (.text:USBEndpointStatus)
                  00004552    0000000e     usblib.lib : usbdma.obj (.text:DMAUSBIntStatusClear)
                  00004560    0000000e                : usbdhid.obj (.text:USBDHIDTxPacketAvailable)
                  0000456e    0000000e     driverlib.lib : usb.obj (.text:USBDMAChannelStatus)
                  0000457c    0000000e                   : usb.obj (.text:USBDevLPMDisable)
                  0000458a    0000000e                   : usb.obj (.text:USBDevLPMEnable)
                  00004598    0000000e                   : usb.obj (.text:USBULPIDisable)
                  000045a6    0000000e                   : usb.obj (.text:USBULPIEnable)
                  000045b4    0000000e     rtsv7M4_T_le_v4SPD16_eabi.lib : copy_decompress_none.obj (.text:decompress:none)
                  000045c2    0000000c     driverlib.lib : cpu.obj (.text:CPUcpsie)
                  000045ce    0000000c                   : gpio.obj (.text:GPIOIntEnable)
                  000045da    0000000c                   : usb.obj (.text:USBEndpointPacketCountSet)
                  000045e6    0000000c                   : usb.obj (.text:USBLPMIntEnable)
                  000045f2    0000000c     tm4c123gh6pm_startup_ccs.obj (.text)
                  000045fe    0000000a     driverlib.lib : uart.obj (.text:UARTCharGet)
                  00004608    0000000a                   : uart.obj (.text:UARTCharPut)
                  00004612    0000000a                   : usb.obj (.text:USBClockEnable)
                  0000461c    0000000a                   : usb.obj (.text:USBControllerVersion)
                  00004626    0000000a                   : usb.obj (.text:USBDMAChannelAddressSet)
                  00004630    0000000a                   : usb.obj (.text:USBDMAChannelCountSet)
                  0000463a    0000000a                   : usb.obj (.text:USBDevConnect)
                  00004644    0000000a                   : usb.obj (.text:USBDevDisconnect)
                  0000464e    0000000a                   : usb.obj (.text:USBIntStatusEndpoint)
                  00004658    00000008                   : timer.obj (.text:TimerIntEnable)
                  00004660    00000008                   : usb.obj (.text:USBDevMode)
                  00004668    00000008                   : usb.obj (.text:USBFIFOAddrGet)
                  00004670    00000008                   : usb.obj (.text:USBOTGMode)
                  00004678    00000008     usblib.lib : usbdma.obj (.text:iDMAUSBChannelIntDisable)
                  00004680    00000008                : usbdma.obj (.text:iDMAUSBChannelIntEnable)
                  00004688    00000006     driverlib.lib : gpio.obj (.text:GPIOIntClear)
                  0000468e    00000006                   : gpio.obj (.text:GPIOPinWrite)
                  00004694    00000006                   : sysctl.obj (.text:SysCtlDelay)
                  0000469a    00000006                   : usb.obj (.text:USBDMAChannelIntStatus)
                  000046a0    00000006                   : usb.obj (.text:USBDevLPMConfig)
                  000046a6    00000006                   : usb.obj (.text:USBLPMIntStatus)
                  000046ac    00000006     rtsv7M4_T_le_v4SPD16_eabi.lib : copy_decompress_rle.obj (.text:decompress:rle24)
                  000046b2    00000006     usblib.lib : usbdma.obj (.text:iDMAUSBIntStatus)
                  000046b8    00000004                : usbdma.obj (.text:DMAUSBStatus)
                  000046bc    00000004                : usbdhid.obj (.text:HandleReset)
                  000046c0    00000004     driverlib.lib : usb.obj (.text:USBDevAddrSet)

.const     0    000046c4    0000034a     
                  000046c4    00000090     driverlib.lib : gpio.obj (.const:g_pui32GPIOBaseAddrs)
                  00004754    00000070                   : interrupt.obj (.const)
                  000047c4    0000006c                   : sysctl.obj (.const:g_pui32Xtals)
                  00004830    00000060     n64usbhid.obj (.const:.string)
                  00004890    0000004c     n64usbhid.obj (.const)
                  000048dc    0000003e     n64usbhid.obj (.const:.string:hidReportDescriptor)
                  0000491a    00000002     --HOLE-- [fill = 0]
                  0000491c    00000034     usblib.lib : usbdenum.obj (.const:g_psUSBDStdRequests)
                  00004950    00000030                : usbdhid.obj (.const:g_sHIDHandlers)
                  00004980    0000002e     n64usbhid.obj (.const:.string:configString)
                  000049ae    00000002     --HOLE-- [fill = 0]
                  000049b0    0000001c     uartstdio.obj (.const)
                  000049cc    0000001c     ustdlib.obj (.const)
                  000049e8    00000012     uartstdio.obj (.const:.string)
                  000049fa    00000002     --HOLE-- [fill = 0]
                  000049fc    00000012     ustdlib.obj (.const:.string)

.cinit     0    00004a10    000000d8     
                  00004a10    000000ae     (.cinit..data.load) [load image, compression = rle]
                  00004abe    00000002     --HOLE-- [fill = 0]
                  00004ac0    0000000c     (__TI_handler_table)
                  00004acc    00000004     --HOLE-- [fill = 0]
                  00004ad0    00000008     (.cinit..bss.load) [load image, compression = zero_init]
                  00004ad8    00000010     (__TI_cinit_table)

.stack     0    20000000    00000800     UNINITIALIZED
                  20000000    00000800     --HOLE--

.bss       0    20000800    00000239     UNINITIALIZED
                  20000800    00000110     usblib.lib : usbdma.obj (.bss:g_psUSBDMAInst)
                  20000910    00000050                : usbdenum.obj (.bss:g_psDCDInst)
                  20000960    00000040                : usbdenum.obj (.bss:g_pui8DataBufferIn)
                  200009a0    00000040     n64usbhid.obj (.bss:readBuffer)
                  200009e0    00000030     usblib.lib : usbtick.obj (.bss)
                  20000a10    0000000c                : usbmode.obj (.bss)
                  20000a1c    00000008                : usbdenum.obj (.bss)
                  20000a24    00000004     (.common:currentByteNumber)
                  20000a28    00000004     (.common:highTime)
                  20000a2c    00000004     (.common:interruptCount)
                  20000a30    00000004     (.common:lowTime)
                  20000a34    00000001     (.common:currentBit)
                  20000a35    00000001     (.common:currentBitMask)
                  20000a36    00000001     (.common:currentByte)
                  20000a37    00000001     (.common:data)
                  20000a38    00000001     (.common:newBit)

.data      0    20000a3c    00000100     UNINITIALIZED
                  20000a3c    0000006c     n64usbhid.obj (.data:hidDevice)
                  20000aa8    00000042     n64usbhid.obj (.data)
                  20000aea    00000001     protocol.obj (.data)
                  20000aeb    00000001     --HOLE--
                  20000aec    00000012     usblib.lib : usbdhid.obj (.data)
                  20000afe    00000002     --HOLE--
                  20000b00    0000000c                : usbtick.obj (.data)
                  20000b0c    00000009                : usbmode.obj (.data)
                  20000b15    00000003     --HOLE--
                  20000b18    00000008     rtsv7M4_T_le_v4SPD16_eabi.lib : _lock.obj (.data)
                  20000b20    00000008                                   : exit.obj (.data)
                  20000b28    00000008     usblib.lib : usbdenum.obj (.data)
                  20000b30    00000004     rtsv7M4_T_le_v4SPD16_eabi.lib : stkdepth_vars.obj (.data)
                  20000b34    00000004     uartstdio.obj (.data)
                  20000b38    00000004     ustdlib.obj (.data)


LINKER GENERATED COPY TABLES

__TI_cinit_table @ 00004ad8 records: 2, size/record: 8, table size: 16
	.data: load addr=00004a10, load size=000000ae bytes, run addr=20000a3c, run size=00000100 bytes, compression=rle
	.bss: load addr=00004ad0, load size=00000008 bytes, run addr=20000800, run size=00000239 bytes, compression=zero_init


LINKER GENERATED HANDLER TABLE

__TI_handler_table @ 00004ac0 records: 3, size/record: 4, table size: 12
	index: 0, handler: __TI_decompress_rle24
	index: 1, handler: __TI_decompress_none
	index: 2, handler: __TI_zero_init


GLOBAL SYMBOLS: SORTED ALPHABETICALLY BY Name 

address    name
--------   ----
00003881   C$$EXIT
000045c3   CPUcpsie
000012a1   GCN64InitializeProtocol
00003ea3   GPIODirModeSet
00004689   GPIOIntClear
000045cf   GPIOIntEnable
00003249   GPIOIntTypeSet
00001c65   GPIOPadConfigSet
00003699   GPIOPinConfigure
0000446d   GPIOPinTypeGPIOInput
000042f7   GPIOPinTypeGPIOOutput
0000447f   GPIOPinTypeUART
00004491   GPIOPinTypeUSBAnalog
0000468f   GPIOPinWrite
0000128f   GpioBIntHandler
00002d05   IntDisable
00002d6d   IntEnable
00002dd5   IntIsEnabled
00004533   IntMasterEnable
00003b95   InternalUSBRegisterTickHandler
00003bc9   InternalUSBStartOfFrameTick
00003d8d   InternalUSBTickInit
000045f3   ResetISR
UNDEFED    SHT$$INIT_ARRAY$$Base
UNDEFED    SHT$$INIT_ARRAY$$Limit
00002325   SysCtlClockGet
00001ea5   SysCtlClockSet
00004695   SysCtlDelay
00004251   SysCtlGPIOAHBEnable
00003bfd   SysCtlPeripheralEnable
00003ab9   SysCtlPeripheralPresent
00003399   SysCtlPeripheralReset
000043b9   SysCtlUSBPLLEnable
00001279   Timer0IntHandler
00002f61   TimerConfigure
00004659   TimerIntEnable
000044c7   TimerLoadSet
000045ff   UARTCharGet
00004609   UARTCharPut
00003907   UARTConfigSetExpClk
0000426d   UARTDisable
000043cd   UARTEnable
00000cb5   UARTStdioConfig
00000cfb   UARTStdioInit
00000d11   UARTStdioInitExpClk
00000db5   UARTgetc
00000d59   UARTgets
00000dd5   UARTprintf
00000d27   UARTwrite
00003347   ULPIConfigSet
00004311   USB0DeviceIntHandler
00004613   USBClockEnable
0000461d   USBControllerVersion
000033e9   USBDCDConfigDescGet
00003ecd   USBDCDConfigDescGetNum
00004329   USBDCDConfigDescGetSize
00004289   USBDCDConfigGetInterface
00003a0b   USBDCDConfigGetInterfaceEndpoint
00003771   USBDCDDeviceInfoInit
00001755   USBDCDInit
000043e1   USBDCDRequestDataEP0
000043f5   USBDCDSendDataEP0
000042a5   USBDCDStallEP0
00002091   USBDHIDCompositeInit
00003fbd   USBDHIDInit
00002ad1   USBDHIDPacketRead
000035bb   USBDHIDReportWrite
000040bd   USBDHIDRxPacketAvailable
00004561   USBDHIDTxPacketAvailable
00004627   USBDMAChannelAddressSet
00004409   USBDMAChannelConfigSet
00004631   USBDMAChannelCountSet
000044d9   USBDMAChannelDisable
000044eb   USBDMAChannelEnable
000044fd   USBDMAChannelIntDisable
0000450f   USBDMAChannelIntEnable
0000469b   USBDMAChannelIntStatus
0000456f   USBDMAChannelStatus
00003e4b   USBDescGet
00003ef7   USBDescGetNum
000046c1   USBDevAddrSet
0000463b   USBDevConnect
00004645   USBDevDisconnect
000029dd   USBDevEndpointConfigSet
00004009   USBDevEndpointDataAck
00003cc9   USBDevEndpointStall
00003489   USBDevEndpointStallClear
00003021   USBDevEndpointStatusClear
000046a1   USBDevLPMConfig
0000457d   USBDevLPMDisable
0000458b   USBDevLPMEnable
00004661   USBDevMode
000019e5   USBDeviceConfig
00002849   USBDeviceConfigAlternate
0000224d   USBDeviceEnumHandler
000037b5   USBDeviceEnumResetHandler
00001b25   USBDeviceIntHandlerInternal
00003439   USBDeviceResumeTickHandler
000042dd   USBEndpointDMAChannel
0000356f   USBEndpointDMAConfigSet
0000402d   USBEndpointDMADisable
00004051   USBEndpointDMAEnable
000042c1   USBEndpointDataAvail
000037f9   USBEndpointDataGet
00003ded   USBEndpointDataPut
00003e1d   USBEndpointDataSend
000045db   USBEndpointPacketCountSet
00004543   USBEndpointStatus
00004669   USBFIFOAddrGet
00003a45   USBFIFOConfigSet
0000441d   USBHostResume
00003f21   USBIntEnableControl
00004431   USBIntEnableEndpoint
00003af1   USBIntStatusControl
0000464f   USBIntStatusEndpoint
000045e7   USBLPMIntEnable
000046a7   USBLPMIntStatus
000014a5   USBLibDMAInit
00004671   USBOTGMode
00004121   USBStackModeSet
00004599   USBULPIDisable
000045a7   USBULPIEnable
000041dd   USBULPIRegRead
000041fb   USBULPIRegWrite
20000800   __STACK_END
00000800   __STACK_SIZE
20000200   __STACK_TOP
00004ad8   __TI_CINIT_Base
00004ae8   __TI_CINIT_Limit
00004ac0   __TI_Handler_Table_Base
00004acc   __TI_Handler_Table_Limit
00000001   __TI_args_main
0000269d   __TI_auto_init
20000b20   __TI_cleanup_ptr
000045b5   __TI_decompress_none
000046ad   __TI_decompress_rle24
20000b24   __TI_dtors_ptr
00000000   __TI_static_base__
00004521   __TI_zero_init
00002567   __aeabi_memcpy
00002567   __aeabi_memcpy4
00002567   __aeabi_memcpy8
00003949   __aeabi_uidivmod
ffffffff   __binit__
ffffffff   __c_args__
20000000   __stack
00004371   _args_main
000036e1   _c_int00
20000b18   _lock
00004467   _nop
0000445f   _register_lock
00004459   _register_unlock
20000b1c   _unlock
00003885   abort
ffffffff   binit
000048d8   configDescriptors
20000ae0   configHeader
000048b8   configSection
20000acc   configSections
00004980   configString
00004870   controlInterfaceString
0000383d   copy_in
20000a34   currentBit
20000a35   currentBitMask
20000a36   currentByte
20000a24   currentByteNumber
20000a37   data
00004075   delayUs
0000388d   exit
20000b00   g_bUSBTimerInitialized
20000a14   g_eOTGModeState
20000b0c   g_iUSBMode
200009e0   g_pfnTickHandlers
00000000   g_pfnVectors
20000a20   g_ppsDevInfo
20000910   g_psDCDInst
20000aec   g_pui8HIDDeviceDescriptor
00004882   g_pui8HIDInEndpoint
20000ab9   g_pui8HIDInterface
00004889   g_pui8HIDOutEndpoint
20000ab0   g_pui8MouseDescriptor
200009f8   g_pvTickInstance
20000ac4   g_sHIDDescriptorSection
00004950   g_sHIDHandlers
000048c8   g_sHIDInEndpointSection
000048c0   g_sHIDInterfaceSection
000048d0   g_sHIDOutEndpointSection
20000b04   g_ui32CurrentUSBTick
20000a10   g_ui32PollRate
20000b08   g_ui32USBSOFCount
20000b10   g_ui32WaitTicks
20000a3c   hidDevice
20000a28   highTime
00001645   initN64Controller
0000189d   initN64USB
0000161d   init_usb_uart
20000a2c   interruptCount
000018e5   isConnected
000018eb   isDataReadyToRead
000018c1   isRxDataAvailable
000018d3   isTxDataAvailable
00004830   languageDescriptor
20000a30   lowTime
00001665   main
20000b30   main_func_sp
00004834   manufacturerString
00002567   memcpy
00001183   n64Receive
000010e5   n64Transmit
20000a38   newBit
0000484e   productString
200009a0   readBuffer
00001951   receiveUsbData
20000aa8   reportIdle
00001965   rxCallback
000018f5   sendString
00001935   sendUsbData
0000485e   serialNumberString
00004890   stringDescriptors
00001605   sysDelayUs
00004141   transmit0
00004161   transmit1
00004181   transmitStop
000019b5   txCallback
00003729   uDMAChannelAttributeDisable
00004099   uDMAChannelControlSet
00004389   uDMAChannelDisable
000043a1   uDMAChannelEnable
00003f49   uDMAChannelModeGet
0000295d   uDMAChannelTransferSet
00000751   ulocaltime
00000953   umktime
00000c91   urand
00000721   usnprintf
000006ef   usprintf
00000c81   usrand
00000bf9   ustrcasecmp
00000c6d   ustrcmp
00000b05   ustrlen
00000c0d   ustrncmp
0000026d   ustrncpy
00000b59   ustrnicmp
00000b27   ustrstr
000009cd   ustrtoul
000002c5   uvsnprintf


GLOBAL SYMBOLS: SORTED BY Symbol Address 

address    name
--------   ----
00000000   __TI_static_base__
00000000   g_pfnVectors
00000001   __TI_args_main
0000026d   ustrncpy
000002c5   uvsnprintf
000006ef   usprintf
00000721   usnprintf
00000751   ulocaltime
00000800   __STACK_SIZE
00000953   umktime
000009cd   ustrtoul
00000b05   ustrlen
00000b27   ustrstr
00000b59   ustrnicmp
00000bf9   ustrcasecmp
00000c0d   ustrncmp
00000c6d   ustrcmp
00000c81   usrand
00000c91   urand
00000cb5   UARTStdioConfig
00000cfb   UARTStdioInit
00000d11   UARTStdioInitExpClk
00000d27   UARTwrite
00000d59   UARTgets
00000db5   UARTgetc
00000dd5   UARTprintf
000010e5   n64Transmit
00001183   n64Receive
00001279   Timer0IntHandler
0000128f   GpioBIntHandler
000012a1   GCN64InitializeProtocol
000014a5   USBLibDMAInit
00001605   sysDelayUs
0000161d   init_usb_uart
00001645   initN64Controller
00001665   main
00001755   USBDCDInit
0000189d   initN64USB
000018c1   isRxDataAvailable
000018d3   isTxDataAvailable
000018e5   isConnected
000018eb   isDataReadyToRead
000018f5   sendString
00001935   sendUsbData
00001951   receiveUsbData
00001965   rxCallback
000019b5   txCallback
000019e5   USBDeviceConfig
00001b25   USBDeviceIntHandlerInternal
00001c65   GPIOPadConfigSet
00001ea5   SysCtlClockSet
00002091   USBDHIDCompositeInit
0000224d   USBDeviceEnumHandler
00002325   SysCtlClockGet
00002567   __aeabi_memcpy
00002567   __aeabi_memcpy4
00002567   __aeabi_memcpy8
00002567   memcpy
0000269d   __TI_auto_init
00002849   USBDeviceConfigAlternate
0000295d   uDMAChannelTransferSet
000029dd   USBDevEndpointConfigSet
00002ad1   USBDHIDPacketRead
00002d05   IntDisable
00002d6d   IntEnable
00002dd5   IntIsEnabled
00002f61   TimerConfigure
00003021   USBDevEndpointStatusClear
00003249   GPIOIntTypeSet
00003347   ULPIConfigSet
00003399   SysCtlPeripheralReset
000033e9   USBDCDConfigDescGet
00003439   USBDeviceResumeTickHandler
00003489   USBDevEndpointStallClear
0000356f   USBEndpointDMAConfigSet
000035bb   USBDHIDReportWrite
00003699   GPIOPinConfigure
000036e1   _c_int00
00003729   uDMAChannelAttributeDisable
00003771   USBDCDDeviceInfoInit
000037b5   USBDeviceEnumResetHandler
000037f9   USBEndpointDataGet
0000383d   copy_in
00003881   C$$EXIT
00003885   abort
0000388d   exit
00003907   UARTConfigSetExpClk
00003949   __aeabi_uidivmod
00003a0b   USBDCDConfigGetInterfaceEndpoint
00003a45   USBFIFOConfigSet
00003ab9   SysCtlPeripheralPresent
00003af1   USBIntStatusControl
00003b95   InternalUSBRegisterTickHandler
00003bc9   InternalUSBStartOfFrameTick
00003bfd   SysCtlPeripheralEnable
00003cc9   USBDevEndpointStall
00003d8d   InternalUSBTickInit
00003ded   USBEndpointDataPut
00003e1d   USBEndpointDataSend
00003e4b   USBDescGet
00003ea3   GPIODirModeSet
00003ecd   USBDCDConfigDescGetNum
00003ef7   USBDescGetNum
00003f21   USBIntEnableControl
00003f49   uDMAChannelModeGet
00003fbd   USBDHIDInit
00004009   USBDevEndpointDataAck
0000402d   USBEndpointDMADisable
00004051   USBEndpointDMAEnable
00004075   delayUs
00004099   uDMAChannelControlSet
000040bd   USBDHIDRxPacketAvailable
00004121   USBStackModeSet
00004141   transmit0
00004161   transmit1
00004181   transmitStop
000041dd   USBULPIRegRead
000041fb   USBULPIRegWrite
00004251   SysCtlGPIOAHBEnable
0000426d   UARTDisable
00004289   USBDCDConfigGetInterface
000042a5   USBDCDStallEP0
000042c1   USBEndpointDataAvail
000042dd   USBEndpointDMAChannel
000042f7   GPIOPinTypeGPIOOutput
00004311   USB0DeviceIntHandler
00004329   USBDCDConfigDescGetSize
00004371   _args_main
00004389   uDMAChannelDisable
000043a1   uDMAChannelEnable
000043b9   SysCtlUSBPLLEnable
000043cd   UARTEnable
000043e1   USBDCDRequestDataEP0
000043f5   USBDCDSendDataEP0
00004409   USBDMAChannelConfigSet
0000441d   USBHostResume
00004431   USBIntEnableEndpoint
00004459   _register_unlock
0000445f   _register_lock
00004467   _nop
0000446d   GPIOPinTypeGPIOInput
0000447f   GPIOPinTypeUART
00004491   GPIOPinTypeUSBAnalog
000044c7   TimerLoadSet
000044d9   USBDMAChannelDisable
000044eb   USBDMAChannelEnable
000044fd   USBDMAChannelIntDisable
0000450f   USBDMAChannelIntEnable
00004521   __TI_zero_init
00004533   IntMasterEnable
00004543   USBEndpointStatus
00004561   USBDHIDTxPacketAvailable
0000456f   USBDMAChannelStatus
0000457d   USBDevLPMDisable
0000458b   USBDevLPMEnable
00004599   USBULPIDisable
000045a7   USBULPIEnable
000045b5   __TI_decompress_none
000045c3   CPUcpsie
000045cf   GPIOIntEnable
000045db   USBEndpointPacketCountSet
000045e7   USBLPMIntEnable
000045f3   ResetISR
000045ff   UARTCharGet
00004609   UARTCharPut
00004613   USBClockEnable
0000461d   USBControllerVersion
00004627   USBDMAChannelAddressSet
00004631   USBDMAChannelCountSet
0000463b   USBDevConnect
00004645   USBDevDisconnect
0000464f   USBIntStatusEndpoint
00004659   TimerIntEnable
00004661   USBDevMode
00004669   USBFIFOAddrGet
00004671   USBOTGMode
00004689   GPIOIntClear
0000468f   GPIOPinWrite
00004695   SysCtlDelay
0000469b   USBDMAChannelIntStatus
000046a1   USBDevLPMConfig
000046a7   USBLPMIntStatus
000046ad   __TI_decompress_rle24
000046c1   USBDevAddrSet
00004830   languageDescriptor
00004834   manufacturerString
0000484e   productString
0000485e   serialNumberString
00004870   controlInterfaceString
00004882   g_pui8HIDInEndpoint
00004889   g_pui8HIDOutEndpoint
00004890   stringDescriptors
000048b8   configSection
000048c0   g_sHIDInterfaceSection
000048c8   g_sHIDInEndpointSection
000048d0   g_sHIDOutEndpointSection
000048d8   configDescriptors
00004950   g_sHIDHandlers
00004980   configString
00004ac0   __TI_Handler_Table_Base
00004acc   __TI_Handler_Table_Limit
00004ad8   __TI_CINIT_Base
00004ae8   __TI_CINIT_Limit
20000000   __stack
20000200   __STACK_TOP
20000800   __STACK_END
20000910   g_psDCDInst
200009a0   readBuffer
200009e0   g_pfnTickHandlers
200009f8   g_pvTickInstance
20000a10   g_ui32PollRate
20000a14   g_eOTGModeState
20000a20   g_ppsDevInfo
20000a24   currentByteNumber
20000a28   highTime
20000a2c   interruptCount
20000a30   lowTime
20000a34   currentBit
20000a35   currentBitMask
20000a36   currentByte
20000a37   data
20000a38   newBit
20000a3c   hidDevice
20000aa8   reportIdle
20000ab0   g_pui8MouseDescriptor
20000ab9   g_pui8HIDInterface
20000ac4   g_sHIDDescriptorSection
20000acc   configSections
20000ae0   configHeader
20000aec   g_pui8HIDDeviceDescriptor
20000b00   g_bUSBTimerInitialized
20000b04   g_ui32CurrentUSBTick
20000b08   g_ui32USBSOFCount
20000b0c   g_iUSBMode
20000b10   g_ui32WaitTicks
20000b18   _lock
20000b1c   _unlock
20000b20   __TI_cleanup_ptr
20000b24   __TI_dtors_ptr
20000b30   main_func_sp
ffffffff   __binit__
ffffffff   __c_args__
ffffffff   binit
UNDEFED    SHT$$INIT_ARRAY$$Base
UNDEFED    SHT$$INIT_ARRAY$$Limit

[245 symbols]
