******************************************************************************
                  TI ARM Linker Unix v5.1.1                    
******************************************************************************
>> Linked Sun Aug  2 15:49:58 2015

OUTPUT FILE NAME:   <n64controller.out>
ENTRY POINT SYMBOL: "_c_int00"  address: 0000348d


MEMORY CONFIGURATION

         name            origin    length      used     unused   attr    fill
----------------------  --------  ---------  --------  --------  ----  --------
  FLASH                 00000000   00040000  0000469c  0003b964  R  X
  SRAM                  20000000   00008000  00000c58  000073a8  RW X


SEGMENT ALLOCATION MAP

run origin  load origin   length   init length attrs members
----------  ----------- ---------- ----------- ----- -------
00000000    00000000    000046a0   000046a0    r-x
  00000000    00000000    0000026c   0000026c    r-- .intvecs
  0000026c    0000026c    000040ae   000040ae    r-x .text
  0000431c    0000431c    000002aa   000002aa    r-- .const
  000045c8    000045c8    000000d8   000000d8    r-- .cinit
20000000    20000000    00000c58   00000000    rw-
  20000000    20000000    00000800   00000000    rw- .stack
  20000800    20000800    0000035c   00000000    rw- .bss
  20000b5c    20000b5c    000000fc   00000000    rw- .data


SECTION ALLOCATION MAP

 output                                  attributes/
section   page    origin      length       input sections
--------  ----  ----------  ----------   ----------------
.intvecs   0    00000000    0000026c     
                  00000000    0000026c     tm4c123gh6pm_startup_ccs.obj (.intvecs)

.init_array 
*          0    00000000    00000000     UNINITIALIZED

.text      0    0000026c    000040ae     
                  0000026c    00000a48     ustdlib.obj (.text)
                  00000cb4    00000418     protocol.obj (.text)
                  000010cc    00000160     usblib.lib : usbdenum.obj (.text:USBDEP0StateTxConfig)
                  0000122c    00000160                : usbdma.obj (.text:USBLibDMAInit)
                  0000138c    00000148                : usbdenum.obj (.text:USBDCDInit)
                  000014d4    00000140                : usbdconfig.obj (.text:USBDeviceConfig)
                  00001614    00000140                : usbdenum.obj (.text:USBDeviceIntHandlerInternal)
                  00001754    00000130     driverlib.lib : gpio.obj (.text:GPIOPadConfigSet)
                  00001884    0000012c     n64usbhid.obj (.text)
                  000019b0    0000010e     usblib.lib : usbdhid.obj (.text:HandleRequest)
                  00001abe    00000002                : usbdma.obj (.text:iDMAUSBArbSizeSet)
                  00001ac0    00000104     driverlib.lib : sysctl.obj (.text:SysCtlClockSet)
                  00001bc4    000000f8     device.obj (.text)
                  00001cbc    000000e8     usblib.lib : usbdma.obj (.text:iDMAUSBTransfer)
                  00001da4    000000e0                : usbdhid.obj (.text:USBDHIDCompositeInit)
                  00001e84    000000dc                : usbdenum.obj (.text:USBDGetDescriptor)
                  00001f60    000000d8                : usbdenum.obj (.text:USBDeviceEnumHandler)
                  00002038    000000c8     driverlib.lib : sysctl.obj (.text:SysCtlClockGet)
                  00002100    000000c0     usblib.lib : usbdma.obj (.text:uDMAUSBChannelAllocate)
                  000021c0    000000ba                : usbdma.obj (.text:uDMAUSBTransfer)
                  0000227a    0000009c     rtsv7M4_T_le_v4SPD16_eabi.lib : memcpy_t2.obj (.text)
                  00002316    00000002     usblib.lib : usbdma.obj (.text:iDMAUSBUnitSizeSet)
                  00002318    00000098                : usbdenum.obj (.text:USBDSetInterface)
                  000023b0    00000094     rtsv7M4_T_le_v4SPD16_eabi.lib : auto_init.obj (.text)
                  00002444    0000008c     usblib.lib : usbdhid.obj (.text:ProcessIdleTimers)
                  000024d0    0000008c                : usbdenum.obj (.text:USBDSetConfiguration)
                  0000255c    0000008c                : usbdconfig.obj (.text:USBDeviceConfigAlternate)
                  000025e8    00000088     main.obj (.text)
                  00002670    00000086     usblib.lib : usbdma.obj (.text:iDMAUSBChannelAllocate)
                  000026f6    00000002                : usbdma.obj (.text:uDMAUSBChannelIntDisable)
                  000026f8    00000080     driverlib.lib : udma.obj (.text:uDMAChannelTransferSet)
                  00002778    0000007a                   : usb.obj (.text:USBDevEndpointConfigSet)
                  000027f2    00000002     usblib.lib : usbdma.obj (.text:uDMAUSBChannelIntEnable)
                  000027f4    00000078                : usbdenum.obj (.text:USBDClearFeature)
                  0000286c    00000072                : usbdhid.obj (.text:USBDHIDPacketRead)
                  000028de    00000072                : usbdma.obj (.text:uDMAUSBArbSizeSet)
                  00002950    00000070                : usbdenum.obj (.text:USBDEP0StateTx)
                  000029c0    00000070                : usbdenum.obj (.text:USBDGetStatus)
                  00002a30    00000070                : usbdma.obj (.text:uDMAUSBUnitSizeSet)
                  00002aa0    00000068     driverlib.lib : interrupt.obj (.text:IntDisable)
                  00002b08    00000068                   : interrupt.obj (.text:IntEnable)
                  00002b70    00000064                   : interrupt.obj (.text:IntIsEnabled)
                  00002bd4    00000064     usblib.lib : usbdenum.obj (.text:USBDSetFeature)
                  00002c38    00000064                : usbdma.obj (.text:uDMAUSBChannelEnable)
                  00002c9c    00000060                : usbdhid.obj (.text:HandleGetDescriptor)
                  00002cfc    00000060     driverlib.lib : timer.obj (.text:TimerConfigure)
                  00002d5c    00000060     usblib.lib : usbdenum.obj (.text:USBDReadAndDispatchRequest)
                  00002dbc    0000005e     driverlib.lib : usb.obj (.text:USBDevEndpointStatusClear)
                  00002e1a    0000005e     rtsv7M4_T_le_v4SPD16_eabi.lib : copy_decompress_rle.obj (.text)
                  00002e78    0000005c     usblib.lib : usbdhid.obj (.text:FindHIDDescriptor)
                  00002ed4    0000005c                : usbdenum.obj (.text:USBDStringIndexFromRequest)
                  00002f30    0000005a                : usbdhid.obj (.text:HandleDevice)
                  00002f8a    00000002     --HOLE-- [fill = 0]
                  00002f8c    00000058                : usbdhid.obj (.text:ProcessDataFromHost)
                  00002fe4    00000058     protocol.obj (.text:prepareOutputSteps)
                  0000303c    00000056     driverlib.lib : gpio.obj (.text:GPIOIntTypeSet)
                  00003092    00000054     usblib.lib : usbdhid.obj (.text:ProcessDataToHost)
                  000030e6    00000054                : usbdma.obj (.text:uDMAUSBChannelRelease)
                  0000313a    00000052                : usbulpi.obj (.text:ULPIConfigSet)
                  0000318c    00000050     driverlib.lib : sysctl.obj (.text:SysCtlPeripheralReset)
                  000031dc    00000050     usblib.lib : usbdcdesc.obj (.text:USBDCDConfigDescGet)
                  0000322c    00000050                : usbdenum.obj (.text:USBDeviceResumeTickHandler)
                  0000327c    0000004e     driverlib.lib : usb.obj (.text:USBDevEndpointStallClear)
                  000032ca    0000004c     usblib.lib : usbdcdesc.obj (.text:ConfigAlternateInterfaceGet)
                  00003316    0000004c                : usbdconfig.obj (.text:GetEPDescriptorType)
                  00003362    0000004c     driverlib.lib : usb.obj (.text:USBEndpointDMAConfigSet)
                  000033ae    0000004a     usblib.lib : usbdhid.obj (.text:USBDHIDReportWrite)
                  000033f8    0000004a                : usbdma.obj (.text:iDMAUSBChannelEnable)
                  00003442    0000004a                : usbdma.obj (.text:uDMAUSBChannelDisable)
                  0000348c    00000048     rtsv7M4_T_le_v4SPD16_eabi.lib : boot.obj (.text)
                  000034d4    00000048     driverlib.lib : udma.obj (.text:uDMAChannelAttributeDisable)
                  0000351c    00000044     usblib.lib : usbdenum.obj (.text:USBDCDDeviceInfoInit)
                  00003560    00000044                : usbdenum.obj (.text:USBDeviceEnumResetHandler)
                  000035a4    00000044     driverlib.lib : usb.obj (.text:USBEndpointDataGet)
                  000035e8    00000044     rtsv7M4_T_le_v4SPD16_eabi.lib : cpy_tbl.obj (.text)
                  0000362c    00000044                                   : exit.obj (.text)
                  00003670    00000042     usblib.lib : usbdhid.obj (.text:SetIdleTimeout)
                  000036b2    00000042     rtsv7M4_T_le_v4SPD16_eabi.lib : u_divt2.obj (.text)
                  000036f4    00000040     usblib.lib : usbdenum.obj (.text:USBDGetInterface)
                  00003734    0000003e                : usbdhid.obj (.text:ScheduleReportTransmission)
                  00003772    0000003a                : usbdcdesc.obj (.text:USBDCDConfigGetInterfaceEndpoint)
                  000037ac    0000003a     driverlib.lib : usb.obj (.text:USBFIFOConfigSet)
                  000037e6    0000003a     usblib.lib : usbdma.obj (.text:iDMAUSBChannelRelease)
                  00003820    00000038     driverlib.lib : usb.obj (.text:USBIntStatusControl)
                  00003858    00000036     usblib.lib : usbdhid.obj (.text:HandleEndpoints)
                  0000388e    00000002     --HOLE-- [fill = 0]
                  00003890    00000034                : usbdhid.obj (.text:HIDTickHandler)
                  000038c4    00000034                : usbtick.obj (.text:InternalUSBRegisterTickHandler)
                  000038f8    00000034                : usbtick.obj (.text:InternalUSBStartOfFrameTick)
                  0000392c    00000034     driverlib.lib : sysctl.obj (.text:SysCtlPeripheralEnable)
                  00003960    00000034     usblib.lib : usbdma.obj (.text:iDMAUSBChannelStatus)
                  00003994    00000032                : usbdhid.obj (.text:ClearReportTimer)
                  000039c6    00000032                : usbdcdesc.obj (.text:NextConfigDescGet)
                  000039f8    00000032     driverlib.lib : usb.obj (.text:USBDevEndpointStall)
                  00003a2a    00000032     usblib.lib : usbdma.obj (.text:iDMAUSBChannelDisable)
                  00003a5c    00000030                : usbdma.obj (.text:DMAUSBIntHandler)
                  00003a8c    00000030                : usbdhid.obj (.text:HandleConfigChange)
                  00003abc    00000030                : usbtick.obj (.text:InternalUSBTickInit)
                  00003aec    00000030                : usbdenum.obj (.text:USBDGetConfiguration)
                  00003b1c    00000030     driverlib.lib : usb.obj (.text:USBEndpointDataPut)
                  00003b4c    0000002e                   : usb.obj (.text:USBEndpointDataSend)
                  00003b7a    0000002c     usblib.lib : usbdesc.obj (.text:USBDescGet)
                  00003ba6    0000002c                : usbdma.obj (.text:uDMAUSBIntStatus)
                  00003bd2    0000002a     driverlib.lib : gpio.obj (.text:GPIODirModeSet)
                  00003bfc    0000002a     usblib.lib : usbdcdesc.obj (.text:USBDCDConfigDescGetNum)
                  00003c26    00000028                : usbdesc.obj (.text:USBDescGetNum)
                  00003c4e    00000002     --HOLE-- [fill = 0]
                  00003c50    00000028     driverlib.lib : usb.obj (.text:USBIntEnableControl)
                  00003c78    00000028                   : udma.obj (.text:uDMAChannelModeGet)
                  00003ca0    00000026     usblib.lib : usbdhid.obj (.text:GetIdleTimeout)
                  00003cc6    00000026                : usbdhid.obj (.text:HandleEP0DataReceived)
                  00003cec    00000026                : usbdhid.obj (.text:USBDHIDInit)
                  00003d12    00000002     --HOLE-- [fill = 0]
                  00003d14    00000024                : usbdenum.obj (.text:USBDSetAddress)
                  00003d38    00000024     driverlib.lib : usb.obj (.text:USBDevEndpointDataAck)
                  00003d5c    00000024                   : usb.obj (.text:USBEndpointDMADisable)
                  00003d80    00000024                   : usb.obj (.text:USBEndpointDMAEnable)
                  00003da4    00000024                   : udma.obj (.text:uDMAChannelControlSet)
                  00003dc8    00000022     usblib.lib : usbdhid.obj (.text:USBDHIDRxPacketAvailable)
                  00003dea    00000022                : usbdma.obj (.text:uDMAUSBChannelStatus)
                  00003e0c    00000020                : usbdconfig.obj (.text:GetEndpointFIFOSize)
                  00003e2c    00000020                : usbmode.obj (.text:USBStackModeSet)
                  00003e4c    0000001e                : usbdhid.obj (.text:HandleDisconnect)
                  00003e6a    0000001e                : usbdhid.obj (.text:HandleEP0DataSent)
                  00003e88    0000001e     driverlib.lib : usb.obj (.text:USBULPIRegRead)
                  00003ea6    0000001e                   : usb.obj (.text:USBULPIRegWrite)
                  00003ec4    0000001c     usblib.lib : usbdhid.obj (.text:ClearIdleTimers)
                  00003ee0    0000001c                : usbdhid.obj (.text:SetDeferredOpFlag)
                  00003efc    0000001c     driverlib.lib : sysctl.obj (.text:SysCtlGPIOAHBEnable)
                  00003f18    0000001c     usblib.lib : usbdcdesc.obj (.text:USBDCDConfigGetInterface)
                  00003f34    0000001c                : usbdenum.obj (.text:USBDCDStallEP0)
                  00003f50    0000001c     driverlib.lib : usb.obj (.text:USBEndpointDataAvail)
                  00003f6c    0000001a                   : usb.obj (.text:USBEndpointDMAChannel)
                  00003f86    00000018                   : gpio.obj (.text:GPIOPinTypeGPIOOutput)
                  00003f9e    00000002     --HOLE-- [fill = 0]
                  00003fa0    00000018     usblib.lib : usbdhandler.obj (.text:USB0DeviceIntHandler)
                  00003fb8    00000018                : usbdcdesc.obj (.text:USBDCDConfigDescGetSize)
                  00003fd0    00000018                : usbdenum.obj (.text:USBDSetDescriptor)
                  00003fe8    00000018                : usbdenum.obj (.text:USBDSyncFrame)
                  00004000    00000018     rtsv7M4_T_le_v4SPD16_eabi.lib : args_main.obj (.text)
                  00004018    00000018     driverlib.lib : udma.obj (.text:uDMAChannelDisable)
                  00004030    00000018                   : udma.obj (.text:uDMAChannelEnable)
                  00004048    00000014                   : sysctl.obj (.text:SysCtlUSBPLLEnable)
                  0000405c    00000014     usblib.lib : usbdenum.obj (.text:USBDCDRequestDataEP0)
                  00004070    00000014                : usbdenum.obj (.text:USBDCDSendDataEP0)
                  00004084    00000014     driverlib.lib : usb.obj (.text:USBDMAChannelConfigSet)
                  00004098    00000014                   : usb.obj (.text:USBHostResume)
                  000040ac    00000014                   : usb.obj (.text:USBIntEnableEndpoint)
                  000040c0    00000014                   : usb.obj (.text:_USBIndexWrite)
                  000040d4    00000014     rtsv7M4_T_le_v4SPD16_eabi.lib : _lock.obj (.text)
                  000040e8    00000012     driverlib.lib : gpio.obj (.text:GPIOPinTypeGPIOInput)
                  000040fa    00000012                   : gpio.obj (.text:GPIOPinTypeUSBAnalog)
                  0000410c    00000012     usblib.lib : usbdhid.obj (.text:HandleResume)
                  0000411e    00000012                : usbdhid.obj (.text:HandleSuspend)
                  00004130    00000012     driverlib.lib : timer.obj (.text:TimerLoadSet)
                  00004142    00000012                   : usb.obj (.text:USBDMAChannelDisable)
                  00004154    00000012                   : usb.obj (.text:USBDMAChannelEnable)
                  00004166    00000012                   : usb.obj (.text:USBDMAChannelIntDisable)
                  00004178    00000012                   : usb.obj (.text:USBDMAChannelIntEnable)
                  0000418a    00000012     rtsv7M4_T_le_v4SPD16_eabi.lib : copy_zero_init.obj (.text:decompress:ZI)
                  0000419c    00000010     driverlib.lib : interrupt.obj (.text:IntMasterEnable)
                  000041ac    00000010                   : usb.obj (.text:USBEndpointStatus)
                  000041bc    0000000e     usblib.lib : usbdma.obj (.text:DMAUSBIntStatusClear)
                  000041ca    0000000e                : usbdhid.obj (.text:USBDHIDTxPacketAvailable)
                  000041d8    0000000e     driverlib.lib : usb.obj (.text:USBDMAChannelStatus)
                  000041e6    0000000e                   : usb.obj (.text:USBDevLPMDisable)
                  000041f4    0000000e                   : usb.obj (.text:USBDevLPMEnable)
                  00004202    0000000e                   : usb.obj (.text:USBULPIDisable)
                  00004210    0000000e                   : usb.obj (.text:USBULPIEnable)
                  0000421e    0000000e     rtsv7M4_T_le_v4SPD16_eabi.lib : copy_decompress_none.obj (.text:decompress:none)
                  0000422c    0000000c     driverlib.lib : cpu.obj (.text:CPUcpsie)
                  00004238    0000000c                   : gpio.obj (.text:GPIOIntEnable)
                  00004244    0000000c                   : usb.obj (.text:USBEndpointPacketCountSet)
                  00004250    0000000c                   : usb.obj (.text:USBLPMIntEnable)
                  0000425c    0000000c     tm4c123gh6pm_startup_ccs.obj (.text)
                  00004268    0000000a     driverlib.lib : usb.obj (.text:USBClockEnable)
                  00004272    0000000a                   : usb.obj (.text:USBControllerVersion)
                  0000427c    0000000a                   : usb.obj (.text:USBDMAChannelAddressSet)
                  00004286    0000000a                   : usb.obj (.text:USBDMAChannelCountSet)
                  00004290    0000000a                   : usb.obj (.text:USBDevConnect)
                  0000429a    0000000a                   : usb.obj (.text:USBDevDisconnect)
                  000042a4    0000000a                   : usb.obj (.text:USBIntStatusEndpoint)
                  000042ae    00000008                   : timer.obj (.text:TimerIntEnable)
                  000042b6    00000008                   : usb.obj (.text:USBDevMode)
                  000042be    00000008                   : usb.obj (.text:USBFIFOAddrGet)
                  000042c6    00000008                   : usb.obj (.text:USBOTGMode)
                  000042ce    00000008     usblib.lib : usbdma.obj (.text:iDMAUSBChannelIntDisable)
                  000042d6    00000008                : usbdma.obj (.text:iDMAUSBChannelIntEnable)
                  000042de    00000006     driverlib.lib : gpio.obj (.text:GPIOIntClear)
                  000042e4    00000006                   : gpio.obj (.text:GPIOPinWrite)
                  000042ea    00000006                   : sysctl.obj (.text:SysCtlDelay)
                  000042f0    00000006                   : usb.obj (.text:USBDMAChannelIntStatus)
                  000042f6    00000006                   : usb.obj (.text:USBDevLPMConfig)
                  000042fc    00000006                   : usb.obj (.text:USBLPMIntStatus)
                  00004302    00000006     rtsv7M4_T_le_v4SPD16_eabi.lib : copy_decompress_rle.obj (.text:decompress:rle24)
                  00004308    00000006     usblib.lib : usbdma.obj (.text:iDMAUSBIntStatus)
                  0000430e    00000004                : usbdma.obj (.text:DMAUSBStatus)
                  00004312    00000004                : usbdhid.obj (.text:HandleReset)
                  00004316    00000004     driverlib.lib : usb.obj (.text:USBDevAddrSet)

.const     0    0000431c    000002aa     
                  0000431c    00000070     driverlib.lib : interrupt.obj (.const)
                  0000438c    0000006c                   : sysctl.obj (.const:g_pui32Xtals)
                  000043f8    00000060     n64usbhid.obj (.const:.string)
                  00004458    0000004c     n64usbhid.obj (.const)
                  000044a4    0000003e     n64usbhid.obj (.const:.string:hidReportDescriptor)
                  000044e2    00000002     --HOLE-- [fill = 0]
                  000044e4    00000034     usblib.lib : usbdenum.obj (.const:g_psUSBDStdRequests)
                  00004518    00000030                : usbdhid.obj (.const:g_sHIDHandlers)
                  00004548    0000002e     n64usbhid.obj (.const:.string:configString)
                  00004576    00000002     --HOLE-- [fill = 0]
                  00004578    00000020     device.obj (.const)
                  00004598    0000001c     ustdlib.obj (.const)
                  000045b4    00000012     ustdlib.obj (.const:.string)

.cinit     0    000045c8    000000d8     
                  000045c8    000000ae     (.cinit..data.load) [load image, compression = rle]
                  00004676    00000002     --HOLE-- [fill = 0]
                  00004678    0000000c     (__TI_handler_table)
                  00004684    00000004     --HOLE-- [fill = 0]
                  00004688    00000008     (.cinit..bss.load) [load image, compression = zero_init]
                  00004690    00000010     (__TI_cinit_table)

.stack     0    20000000    00000800     UNINITIALIZED
                  20000000    00000800     --HOLE--

.bss       0    20000800    0000035c     UNINITIALIZED
                  20000800    00000110     usblib.lib : usbdma.obj (.bss:g_psUSBDMAInst)
                  20000910    00000100     protocol.obj (.bss:buffer)
                  20000a10    00000050     usblib.lib : usbdenum.obj (.bss:g_psDCDInst)
                  20000a60    00000040                : usbdenum.obj (.bss:g_pui8DataBufferIn)
                  20000aa0    00000040     n64usbhid.obj (.bss:readBuffer)
                  20000ae0    00000030     usblib.lib : usbtick.obj (.bss)
                  20000b10    00000024     device.obj (.bss:gcN64Buffer)
                  20000b34    0000000c     usblib.lib : usbmode.obj (.bss)
                  20000b40    00000008                : usbdenum.obj (.bss)
                  20000b48    00000004     (.common:currentByte)
                  20000b4c    00000004     (.common:interruptCount)
                  20000b50    00000004     (.common:outputSteps)
                  20000b54    00000004     (.common:txNumBytes)
                  20000b58    00000001     (.common:currentBit)
                  20000b59    00000001     (.common:data)
                  20000b5a    00000001     (.common:doSomething)
                  20000b5b    00000001     (.common:g_ucNextDelay)

.data      0    20000b5c    000000fc     UNINITIALIZED
                  20000b5c    0000006c     n64usbhid.obj (.data:hidDevice)
                  20000bc8    00000042     n64usbhid.obj (.data)
                  20000c0a    00000002     protocol.obj (.data)
                  20000c0c    00000012     usblib.lib : usbdhid.obj (.data)
                  20000c1e    00000002     --HOLE--
                  20000c20    0000000c                : usbtick.obj (.data)
                  20000c2c    00000009                : usbmode.obj (.data)
                  20000c35    00000003     --HOLE--
                  20000c38    00000008     rtsv7M4_T_le_v4SPD16_eabi.lib : _lock.obj (.data)
                  20000c40    00000008                                   : exit.obj (.data)
                  20000c48    00000008     usblib.lib : usbdenum.obj (.data)
                  20000c50    00000004     rtsv7M4_T_le_v4SPD16_eabi.lib : stkdepth_vars.obj (.data)
                  20000c54    00000004     ustdlib.obj (.data)


LINKER GENERATED COPY TABLES

__TI_cinit_table @ 00004690 records: 2, size/record: 8, table size: 16
	.data: load addr=000045c8, load size=000000ae bytes, run addr=20000b5c, run size=000000fc bytes, compression=rle
	.bss: load addr=00004688, load size=00000008 bytes, run addr=20000800, run size=0000035c bytes, compression=zero_init


LINKER GENERATED HANDLER TABLE

__TI_handler_table @ 00004678 records: 3, size/record: 4, table size: 12
	index: 0, handler: __TI_decompress_rle24
	index: 1, handler: __TI_decompress_none
	index: 2, handler: __TI_zero_init


GLOBAL SYMBOLS: SORTED ALPHABETICALLY BY Name 

address    name
--------   ----
0000362d   C$$EXIT
0000422d   CPUcpsie
00001bf9   GCN64DevInitialize
00001c19   GCN64DevReset
00001c4b   GCN64DevStatus
00000df9   GCN64InitializeProtocol
00000fb9   GCN64Receive
00000e55   GCN64Send
00003bd3   GPIODirModeSet
000042df   GPIOIntClear
00004239   GPIOIntEnable
0000303d   GPIOIntTypeSet
00001755   GPIOPadConfigSet
000040e9   GPIOPinTypeGPIOInput
00003f87   GPIOPinTypeGPIOOutput
000040fb   GPIOPinTypeUSBAnalog
000042e5   GPIOPinWrite
00000de3   GpioBIntHandler
00002aa1   IntDisable
00002b09   IntEnable
00002b71   IntIsEnabled
0000419d   IntMasterEnable
000038c5   InternalUSBRegisterTickHandler
000038f9   InternalUSBStartOfFrameTick
00003abd   InternalUSBTickInit
00001c63   N64DevButtons
0000425d   ResetISR
UNDEFED    SHT$$INIT_ARRAY$$Base
UNDEFED    SHT$$INIT_ARRAY$$Limit
00002039   SysCtlClockGet
00001ac1   SysCtlClockSet
000042eb   SysCtlDelay
00003efd   SysCtlGPIOAHBEnable
0000392d   SysCtlPeripheralEnable
0000318d   SysCtlPeripheralReset
00004049   SysCtlUSBPLLEnable
00000dbf   Timer0IntHandler
00002cfd   TimerConfigure
000042af   TimerIntEnable
00004131   TimerLoadSet
0000313b   ULPIConfigSet
00003fa1   USB0DeviceIntHandler
00004269   USBClockEnable
00004273   USBControllerVersion
000031dd   USBDCDConfigDescGet
00003bfd   USBDCDConfigDescGetNum
00003fb9   USBDCDConfigDescGetSize
00003f19   USBDCDConfigGetInterface
00003773   USBDCDConfigGetInterfaceEndpoint
0000351d   USBDCDDeviceInfoInit
0000138d   USBDCDInit
0000405d   USBDCDRequestDataEP0
00004071   USBDCDSendDataEP0
00003f35   USBDCDStallEP0
00001da5   USBDHIDCompositeInit
00003ced   USBDHIDInit
0000286d   USBDHIDPacketRead
000033af   USBDHIDReportWrite
00003dc9   USBDHIDRxPacketAvailable
000041cb   USBDHIDTxPacketAvailable
0000427d   USBDMAChannelAddressSet
00004085   USBDMAChannelConfigSet
00004287   USBDMAChannelCountSet
00004143   USBDMAChannelDisable
00004155   USBDMAChannelEnable
00004167   USBDMAChannelIntDisable
00004179   USBDMAChannelIntEnable
000042f1   USBDMAChannelIntStatus
000041d9   USBDMAChannelStatus
00003b7b   USBDescGet
00003c27   USBDescGetNum
00004317   USBDevAddrSet
00004291   USBDevConnect
0000429b   USBDevDisconnect
00002779   USBDevEndpointConfigSet
00003d39   USBDevEndpointDataAck
000039f9   USBDevEndpointStall
0000327d   USBDevEndpointStallClear
00002dbd   USBDevEndpointStatusClear
000042f7   USBDevLPMConfig
000041e7   USBDevLPMDisable
000041f5   USBDevLPMEnable
000042b7   USBDevMode
000014d5   USBDeviceConfig
0000255d   USBDeviceConfigAlternate
00001f61   USBDeviceEnumHandler
00003561   USBDeviceEnumResetHandler
00001615   USBDeviceIntHandlerInternal
0000322d   USBDeviceResumeTickHandler
00003f6d   USBEndpointDMAChannel
00003363   USBEndpointDMAConfigSet
00003d5d   USBEndpointDMADisable
00003d81   USBEndpointDMAEnable
00003f51   USBEndpointDataAvail
000035a5   USBEndpointDataGet
00003b1d   USBEndpointDataPut
00003b4d   USBEndpointDataSend
00004245   USBEndpointPacketCountSet
000041ad   USBEndpointStatus
000042bf   USBFIFOAddrGet
000037ad   USBFIFOConfigSet
00004099   USBHostResume
00003c51   USBIntEnableControl
000040ad   USBIntEnableEndpoint
00003821   USBIntStatusControl
000042a5   USBIntStatusEndpoint
00004251   USBLPMIntEnable
000042fd   USBLPMIntStatus
0000122d   USBLibDMAInit
000042c7   USBOTGMode
00003e2d   USBStackModeSet
00004203   USBULPIDisable
00004211   USBULPIEnable
00003e89   USBULPIRegRead
00003ea7   USBULPIRegWrite
20000800   __STACK_END
00000800   __STACK_SIZE
20000200   __STACK_TOP
00004690   __TI_CINIT_Base
000046a0   __TI_CINIT_Limit
00004678   __TI_Handler_Table_Base
00004684   __TI_Handler_Table_Limit
00000001   __TI_args_main
000023b1   __TI_auto_init
20000c40   __TI_cleanup_ptr
0000421f   __TI_decompress_none
00004303   __TI_decompress_rle24
20000c44   __TI_dtors_ptr
00000000   __TI_static_base__
0000418b   __TI_zero_init
0000227b   __aeabi_memcpy
0000227b   __aeabi_memcpy4
0000227b   __aeabi_memcpy8
000036b3   __aeabi_uidivmod
ffffffff   __binit__
ffffffff   __c_args__
20000000   __stack
00004001   _args_main
0000348d   _c_int00
20000c38   _lock
000040e3   _nop
000040db   _register_lock
000040d5   _register_unlock
20000c3c   _unlock
00003631   abort
ffffffff   binit
20000910   buffer
000044a0   configDescriptors
20000c00   configHeader
00004480   configSection
20000bec   configSections
00004548   configString
00004438   controlInterfaceString
000035e9   copy_in
20000b58   currentBit
20000b48   currentByte
20000b59   data
20000b5a   doSomething
00003639   exit
20000c20   g_bUSBTimerInitialized
20000b38   g_eOTGModeState
20000c2c   g_iUSBMode
20000ae0   g_pfnTickHandlers
00000000   g_pfnVectors
20000b44   g_ppsDevInfo
20000a10   g_psDCDInst
20000c0c   g_pui8HIDDeviceDescriptor
0000444a   g_pui8HIDInEndpoint
20000bd9   g_pui8HIDInterface
00004451   g_pui8HIDOutEndpoint
20000bd0   g_pui8MouseDescriptor
20000af8   g_pvTickInstance
20000be4   g_sHIDDescriptorSection
00004518   g_sHIDHandlers
00004490   g_sHIDInEndpointSection
00004488   g_sHIDInterfaceSection
00004498   g_sHIDOutEndpointSection
20000c24   g_ui32CurrentUSBTick
20000b34   g_ui32PollRate
20000c28   g_ui32USBSOFCount
20000c30   g_ui32WaitTicks
20000b5c   hidDevice
00001885   initN64USB
20000b4c   interruptCount
000018cd   isConnected
000018d3   isDataReadyToRead
000018a9   isRxDataAvailable
000018bb   isTxDataAvailable
000043f8   languageDescriptor
00002601   main
20000c50   main_func_sp
000043fc   manufacturerString
0000227b   memcpy
00000cb5   n64Transmit
20000b50   outputSteps
00002fe5   prepareOutputSteps
00004416   productString
20000aa0   readBuffer
0000191d   readData
20000bc8   reportIdle
00001931   rxCallback
000018dd   sendString
00004426   serialNumberString
00004458   stringDescriptors
000025e9   sysDelayUs
20000c0a   trigger
00001981   txCallback
20000b54   txNumBytes
000034d5   uDMAChannelAttributeDisable
00003da5   uDMAChannelControlSet
00004019   uDMAChannelDisable
00004031   uDMAChannelEnable
00003c79   uDMAChannelModeGet
000026f9   uDMAChannelTransferSet
00000751   ulocaltime
00000953   umktime
00000c91   urand
00000721   usnprintf
000006ef   usprintf
00000c81   usrand
00000bf9   ustrcasecmp
00000c6d   ustrcmp
00000b05   ustrlen
00000c0d   ustrncmp
0000026d   ustrncpy
00000b59   ustrnicmp
00000b27   ustrstr
000009cd   ustrtoul
000002c5   uvsnprintf


GLOBAL SYMBOLS: SORTED BY Symbol Address 

address    name
--------   ----
00000000   __TI_static_base__
00000000   g_pfnVectors
00000001   __TI_args_main
0000026d   ustrncpy
000002c5   uvsnprintf
000006ef   usprintf
00000721   usnprintf
00000751   ulocaltime
00000800   __STACK_SIZE
00000953   umktime
000009cd   ustrtoul
00000b05   ustrlen
00000b27   ustrstr
00000b59   ustrnicmp
00000bf9   ustrcasecmp
00000c0d   ustrncmp
00000c6d   ustrcmp
00000c81   usrand
00000c91   urand
00000cb5   n64Transmit
00000dbf   Timer0IntHandler
00000de3   GpioBIntHandler
00000df9   GCN64InitializeProtocol
00000e55   GCN64Send
00000fb9   GCN64Receive
0000122d   USBLibDMAInit
0000138d   USBDCDInit
000014d5   USBDeviceConfig
00001615   USBDeviceIntHandlerInternal
00001755   GPIOPadConfigSet
00001885   initN64USB
000018a9   isRxDataAvailable
000018bb   isTxDataAvailable
000018cd   isConnected
000018d3   isDataReadyToRead
000018dd   sendString
0000191d   readData
00001931   rxCallback
00001981   txCallback
00001ac1   SysCtlClockSet
00001bf9   GCN64DevInitialize
00001c19   GCN64DevReset
00001c4b   GCN64DevStatus
00001c63   N64DevButtons
00001da5   USBDHIDCompositeInit
00001f61   USBDeviceEnumHandler
00002039   SysCtlClockGet
0000227b   __aeabi_memcpy
0000227b   __aeabi_memcpy4
0000227b   __aeabi_memcpy8
0000227b   memcpy
000023b1   __TI_auto_init
0000255d   USBDeviceConfigAlternate
000025e9   sysDelayUs
00002601   main
000026f9   uDMAChannelTransferSet
00002779   USBDevEndpointConfigSet
0000286d   USBDHIDPacketRead
00002aa1   IntDisable
00002b09   IntEnable
00002b71   IntIsEnabled
00002cfd   TimerConfigure
00002dbd   USBDevEndpointStatusClear
00002fe5   prepareOutputSteps
0000303d   GPIOIntTypeSet
0000313b   ULPIConfigSet
0000318d   SysCtlPeripheralReset
000031dd   USBDCDConfigDescGet
0000322d   USBDeviceResumeTickHandler
0000327d   USBDevEndpointStallClear
00003363   USBEndpointDMAConfigSet
000033af   USBDHIDReportWrite
0000348d   _c_int00
000034d5   uDMAChannelAttributeDisable
0000351d   USBDCDDeviceInfoInit
00003561   USBDeviceEnumResetHandler
000035a5   USBEndpointDataGet
000035e9   copy_in
0000362d   C$$EXIT
00003631   abort
00003639   exit
000036b3   __aeabi_uidivmod
00003773   USBDCDConfigGetInterfaceEndpoint
000037ad   USBFIFOConfigSet
00003821   USBIntStatusControl
000038c5   InternalUSBRegisterTickHandler
000038f9   InternalUSBStartOfFrameTick
0000392d   SysCtlPeripheralEnable
000039f9   USBDevEndpointStall
00003abd   InternalUSBTickInit
00003b1d   USBEndpointDataPut
00003b4d   USBEndpointDataSend
00003b7b   USBDescGet
00003bd3   GPIODirModeSet
00003bfd   USBDCDConfigDescGetNum
00003c27   USBDescGetNum
00003c51   USBIntEnableControl
00003c79   uDMAChannelModeGet
00003ced   USBDHIDInit
00003d39   USBDevEndpointDataAck
00003d5d   USBEndpointDMADisable
00003d81   USBEndpointDMAEnable
00003da5   uDMAChannelControlSet
00003dc9   USBDHIDRxPacketAvailable
00003e2d   USBStackModeSet
00003e89   USBULPIRegRead
00003ea7   USBULPIRegWrite
00003efd   SysCtlGPIOAHBEnable
00003f19   USBDCDConfigGetInterface
00003f35   USBDCDStallEP0
00003f51   USBEndpointDataAvail
00003f6d   USBEndpointDMAChannel
00003f87   GPIOPinTypeGPIOOutput
00003fa1   USB0DeviceIntHandler
00003fb9   USBDCDConfigDescGetSize
00004001   _args_main
00004019   uDMAChannelDisable
00004031   uDMAChannelEnable
00004049   SysCtlUSBPLLEnable
0000405d   USBDCDRequestDataEP0
00004071   USBDCDSendDataEP0
00004085   USBDMAChannelConfigSet
00004099   USBHostResume
000040ad   USBIntEnableEndpoint
000040d5   _register_unlock
000040db   _register_lock
000040e3   _nop
000040e9   GPIOPinTypeGPIOInput
000040fb   GPIOPinTypeUSBAnalog
00004131   TimerLoadSet
00004143   USBDMAChannelDisable
00004155   USBDMAChannelEnable
00004167   USBDMAChannelIntDisable
00004179   USBDMAChannelIntEnable
0000418b   __TI_zero_init
0000419d   IntMasterEnable
000041ad   USBEndpointStatus
000041cb   USBDHIDTxPacketAvailable
000041d9   USBDMAChannelStatus
000041e7   USBDevLPMDisable
000041f5   USBDevLPMEnable
00004203   USBULPIDisable
00004211   USBULPIEnable
0000421f   __TI_decompress_none
0000422d   CPUcpsie
00004239   GPIOIntEnable
00004245   USBEndpointPacketCountSet
00004251   USBLPMIntEnable
0000425d   ResetISR
00004269   USBClockEnable
00004273   USBControllerVersion
0000427d   USBDMAChannelAddressSet
00004287   USBDMAChannelCountSet
00004291   USBDevConnect
0000429b   USBDevDisconnect
000042a5   USBIntStatusEndpoint
000042af   TimerIntEnable
000042b7   USBDevMode
000042bf   USBFIFOAddrGet
000042c7   USBOTGMode
000042df   GPIOIntClear
000042e5   GPIOPinWrite
000042eb   SysCtlDelay
000042f1   USBDMAChannelIntStatus
000042f7   USBDevLPMConfig
000042fd   USBLPMIntStatus
00004303   __TI_decompress_rle24
00004317   USBDevAddrSet
000043f8   languageDescriptor
000043fc   manufacturerString
00004416   productString
00004426   serialNumberString
00004438   controlInterfaceString
0000444a   g_pui8HIDInEndpoint
00004451   g_pui8HIDOutEndpoint
00004458   stringDescriptors
00004480   configSection
00004488   g_sHIDInterfaceSection
00004490   g_sHIDInEndpointSection
00004498   g_sHIDOutEndpointSection
000044a0   configDescriptors
00004518   g_sHIDHandlers
00004548   configString
00004678   __TI_Handler_Table_Base
00004684   __TI_Handler_Table_Limit
00004690   __TI_CINIT_Base
000046a0   __TI_CINIT_Limit
20000000   __stack
20000200   __STACK_TOP
20000800   __STACK_END
20000910   buffer
20000a10   g_psDCDInst
20000aa0   readBuffer
20000ae0   g_pfnTickHandlers
20000af8   g_pvTickInstance
20000b34   g_ui32PollRate
20000b38   g_eOTGModeState
20000b44   g_ppsDevInfo
20000b48   currentByte
20000b4c   interruptCount
20000b50   outputSteps
20000b54   txNumBytes
20000b58   currentBit
20000b59   data
20000b5a   doSomething
20000b5c   hidDevice
20000bc8   reportIdle
20000bd0   g_pui8MouseDescriptor
20000bd9   g_pui8HIDInterface
20000be4   g_sHIDDescriptorSection
20000bec   configSections
20000c00   configHeader
20000c0a   trigger
20000c0c   g_pui8HIDDeviceDescriptor
20000c20   g_bUSBTimerInitialized
20000c24   g_ui32CurrentUSBTick
20000c28   g_ui32USBSOFCount
20000c2c   g_iUSBMode
20000c30   g_ui32WaitTicks
20000c38   _lock
20000c3c   _unlock
20000c40   __TI_cleanup_ptr
20000c44   __TI_dtors_ptr
20000c50   main_func_sp
ffffffff   __binit__
ffffffff   __c_args__
ffffffff   binit
UNDEFED    SHT$$INIT_ARRAY$$Base
UNDEFED    SHT$$INIT_ARRAY$$Limit

[229 symbols]
