******************************************************************************
                  TI ARM Linker Unix v5.1.1                    
******************************************************************************
>> Linked Sun Aug  2 17:48:02 2015

OUTPUT FILE NAME:   <n64controller.out>
ENTRY POINT SYMBOL: "_c_int00"  address: 00002059


MEMORY CONFIGURATION

         name            origin    length      used     unused   attr    fill
----------------------  --------  ---------  --------  --------  ----  --------
  FLASH                 00000000   00040000  00002a3c  0003d5c4  R  X
  SRAM                  20000000   00008000  00000a36  000075ca  RW X


SEGMENT ALLOCATION MAP

run origin  load origin   length   init length attrs members
----------  ----------- ---------- ----------- ----- -------
00000000    00000000    00002a40   00002a40    r-x
  00000000    00000000    0000026c   0000026c    r-- .intvecs
  0000026c    0000026c    000025a2   000025a2    r-x .text
  00002810    00002810    000001ee   000001ee    r-- .const
  00002a00    00002a00    00000040   00000040    r-- .cinit
20000000    20000000    00000a36   00000000    rw-
  20000000    20000000    00000800   00000000    rw- .stack
  20000800    20000800    00000208   00000000    rw- .bss
  20000a08    20000a08    0000002e   00000000    rw- .data


SECTION ALLOCATION MAP

 output                                  attributes/
section   page    origin      length       input sections
--------  ----  ----------  ----------   ----------------
.intvecs   0    00000000    0000026c     
                  00000000    0000026c     tm4c123gh6pm_startup_ccs.obj (.intvecs)

.init_array 
*          0    00000000    00000000     UNINITIALIZED

.text      0    0000026c    000025a2     
                  0000026c    00000500     protocol.obj (.text)
                  0000076c    00000430     uartstdio.obj (.text)
                  00000b9c    00000160     usblib.lib : usbdenum.obj (.text:USBDEP0StateTxConfig)
                  00000cfc    00000140                : usbdconfig.obj (.text:USBDeviceConfig)
                  00000e3c    00000140                : usbdenum.obj (.text:USBDeviceIntHandlerInternal)
                  00000f7c    00000130     driverlib.lib : gpio.obj (.text:GPIOPadConfigSet)
                  000010ac    00000120     device.obj (.text)
                  000011cc    00000104     driverlib.lib : sysctl.obj (.text:SysCtlClockSet)
                  000012d0    000000dc     usblib.lib : usbdenum.obj (.text:USBDGetDescriptor)
                  000013ac    000000d8                : usbdenum.obj (.text:USBDeviceEnumHandler)
                  00001484    000000cc     main.obj (.text)
                  00001550    000000c8     driverlib.lib : sysctl.obj (.text:SysCtlClockGet)
                  00001618    0000009c     rtsv7M4_T_le_v4SPD16_eabi.lib : memcpy_t2.obj (.text)
                  000016b4    00000098     usblib.lib : usbdenum.obj (.text:USBDSetInterface)
                  0000174c    00000094     rtsv7M4_T_le_v4SPD16_eabi.lib : auto_init.obj (.text)
                  000017e0    0000008c     usblib.lib : usbdenum.obj (.text:USBDSetConfiguration)
                  0000186c    0000008c                : usbdconfig.obj (.text:USBDeviceConfigAlternate)
                  000018f8    0000007a     driverlib.lib : usb.obj (.text:USBDevEndpointConfigSet)
                  00001972    00000002     --HOLE-- [fill = 0]
                  00001974    00000078     usblib.lib : usbdenum.obj (.text:USBDClearFeature)
                  000019ec    00000070                : usbdenum.obj (.text:USBDEP0StateTx)
                  00001a5c    00000070                : usbdenum.obj (.text:USBDGetStatus)
                  00001acc    00000068     driverlib.lib : interrupt.obj (.text:IntDisable)
                  00001b34    00000068                   : interrupt.obj (.text:IntEnable)
                  00001b9c    00000064     usblib.lib : usbdenum.obj (.text:USBDSetFeature)
                  00001c00    00000060     driverlib.lib : timer.obj (.text:TimerConfigure)
                  00001c60    00000060     usblib.lib : usbdenum.obj (.text:USBDReadAndDispatchRequest)
                  00001cc0    0000005e     driverlib.lib : usb.obj (.text:USBDevEndpointStatusClear)
                  00001d1e    0000005e     rtsv7M4_T_le_v4SPD16_eabi.lib : copy_decompress_rle.obj (.text)
                  00001d7c    0000005c     usblib.lib : usbdenum.obj (.text:USBDStringIndexFromRequest)
                  00001dd8    00000058     protocol.obj (.text:prepareOutputSteps)
                  00001e30    00000056     driverlib.lib : gpio.obj (.text:GPIOIntTypeSet)
                  00001e86    00000050     usblib.lib : usbdcdesc.obj (.text:USBDCDConfigDescGet)
                  00001ed6    00000002     --HOLE-- [fill = 0]
                  00001ed8    00000050                : usbdenum.obj (.text:USBDeviceResumeTickHandler)
                  00001f28    0000004e     driverlib.lib : usb.obj (.text:USBDevEndpointStallClear)
                  00001f76    0000004c     usblib.lib : usbdcdesc.obj (.text:ConfigAlternateInterfaceGet)
                  00001fc2    0000004c                : usbdconfig.obj (.text:GetEPDescriptorType)
                  0000200e    00000002     --HOLE-- [fill = 0]
                  00002010    00000048     driverlib.lib : gpio.obj (.text:GPIOPinConfigure)
                  00002058    00000048     rtsv7M4_T_le_v4SPD16_eabi.lib : boot.obj (.text)
                  000020a0    00000044     usblib.lib : usbdenum.obj (.text:USBDeviceEnumResetHandler)
                  000020e4    00000044     driverlib.lib : usb.obj (.text:USBEndpointDataGet)
                  00002128    00000044     rtsv7M4_T_le_v4SPD16_eabi.lib : cpy_tbl.obj (.text)
                  0000216c    00000044                                   : exit.obj (.text)
                  000021b0    00000042     driverlib.lib : uart.obj (.text:UARTConfigSetExpClk)
                  000021f2    00000042     rtsv7M4_T_le_v4SPD16_eabi.lib : u_divt2.obj (.text)
                  00002234    00000040     usblib.lib : usbdenum.obj (.text:USBDGetInterface)
                  00002274    0000003a                : usbdcdesc.obj (.text:USBDCDConfigGetInterfaceEndpoint)
                  000022ae    0000003a     driverlib.lib : usb.obj (.text:USBFIFOConfigSet)
                  000022e8    00000038                   : sysctl.obj (.text:SysCtlPeripheralPresent)
                  00002320    00000038                   : usb.obj (.text:USBIntStatusControl)
                  00002358    00000034     usblib.lib : usbtick.obj (.text:InternalUSBStartOfFrameTick)
                  0000238c    00000034     driverlib.lib : sysctl.obj (.text:SysCtlPeripheralEnable)
                  000023c0    00000032     usblib.lib : usbdcdesc.obj (.text:NextConfigDescGet)
                  000023f2    00000032     driverlib.lib : usb.obj (.text:USBDevEndpointStall)
                  00002424    00000030     usblib.lib : usbdenum.obj (.text:USBDGetConfiguration)
                  00002454    00000030     driverlib.lib : usb.obj (.text:USBEndpointDataPut)
                  00002484    0000002e                   : usb.obj (.text:USBEndpointDataSend)
                  000024b2    0000002c     usblib.lib : usbdesc.obj (.text:USBDescGet)
                  000024de    0000002a     driverlib.lib : gpio.obj (.text:GPIODirModeSet)
                  00002508    0000002a     usblib.lib : usbdcdesc.obj (.text:USBDCDConfigDescGetNum)
                  00002532    00000028                : usbdesc.obj (.text:USBDescGetNum)
                  0000255a    00000002     --HOLE-- [fill = 0]
                  0000255c    00000024                : usbdenum.obj (.text:USBDSetAddress)
                  00002580    00000024     driverlib.lib : usb.obj (.text:USBDevEndpointDataAck)
                  000025a4    00000020     usblib.lib : usbdconfig.obj (.text:GetEndpointFIFOSize)
                  000025c4    0000001c     driverlib.lib : sysctl.obj (.text:SysCtlGPIOAHBEnable)
                  000025e0    0000001c                   : uart.obj (.text:UARTDisable)
                  000025fc    0000001c     usblib.lib : usbdcdesc.obj (.text:USBDCDConfigGetInterface)
                  00002618    0000001c                : usbdenum.obj (.text:USBDCDStallEP0)
                  00002634    00000018     driverlib.lib : gpio.obj (.text:GPIOPinTypeGPIOOutput)
                  0000264c    00000018     usblib.lib : usbdhandler.obj (.text:USB0DeviceIntHandler)
                  00002664    00000018                : usbdcdesc.obj (.text:USBDCDConfigDescGetSize)
                  0000267c    00000018                : usbdenum.obj (.text:USBDSetDescriptor)
                  00002694    00000018                : usbdenum.obj (.text:USBDSyncFrame)
                  000026ac    00000018     rtsv7M4_T_le_v4SPD16_eabi.lib : args_main.obj (.text)
                  000026c4    00000014     driverlib.lib : uart.obj (.text:UARTEnable)
                  000026d8    00000014                   : usb.obj (.text:USBHostResume)
                  000026ec    00000014                   : usb.obj (.text:_USBIndexWrite)
                  00002700    00000014     rtsv7M4_T_le_v4SPD16_eabi.lib : _lock.obj (.text)
                  00002714    00000012     driverlib.lib : gpio.obj (.text:GPIOPinTypeGPIOInput)
                  00002726    00000012                   : gpio.obj (.text:GPIOPinTypeUART)
                  00002738    00000012                   : timer.obj (.text:TimerLoadSet)
                  0000274a    00000012     rtsv7M4_T_le_v4SPD16_eabi.lib : copy_zero_init.obj (.text:decompress:ZI)
                  0000275c    00000010     driverlib.lib : interrupt.obj (.text:IntMasterEnable)
                  0000276c    00000010                   : usb.obj (.text:USBEndpointStatus)
                  0000277c    0000000e                   : usb.obj (.text:USBDevLPMEnable)
                  0000278a    0000000e     rtsv7M4_T_le_v4SPD16_eabi.lib : copy_decompress_none.obj (.text:decompress:none)
                  00002798    0000000c     driverlib.lib : cpu.obj (.text:CPUcpsie)
                  000027a4    0000000c                   : gpio.obj (.text:GPIOIntEnable)
                  000027b0    0000000c     tm4c123gh6pm_startup_ccs.obj (.text)
                  000027bc    0000000a     driverlib.lib : uart.obj (.text:UARTCharGet)
                  000027c6    0000000a                   : uart.obj (.text:UARTCharPut)
                  000027d0    0000000a                   : usb.obj (.text:USBDevDisconnect)
                  000027da    0000000a                   : usb.obj (.text:USBIntStatusEndpoint)
                  000027e4    00000008                   : timer.obj (.text:TimerIntEnable)
                  000027ec    00000006                   : gpio.obj (.text:GPIOIntClear)
                  000027f2    00000006                   : gpio.obj (.text:GPIOPinWrite)
                  000027f8    00000006                   : sysctl.obj (.text:SysCtlDelay)
                  000027fe    00000006                   : usb.obj (.text:USBLPMIntStatus)
                  00002804    00000006     rtsv7M4_T_le_v4SPD16_eabi.lib : copy_decompress_rle.obj (.text:decompress:rle24)
                  0000280a    00000004     driverlib.lib : usb.obj (.text:USBDevAddrSet)

.const     0    00002810    000001ee     
                  00002810    00000090     driverlib.lib : gpio.obj (.const:g_pui32GPIOBaseAddrs)
                  000028a0    00000070                   : interrupt.obj (.const)
                  00002910    0000006c                   : sysctl.obj (.const:g_pui32Xtals)
                  0000297c    00000034     usblib.lib : usbdenum.obj (.const:g_psUSBDStdRequests)
                  000029b0    00000020     device.obj (.const)
                  000029d0    0000001c     uartstdio.obj (.const)
                  000029ec    00000012     uartstdio.obj (.const:.string)

.cinit     0    00002a00    00000040     
                  00002a00    0000001a     (.cinit..data.load) [load image, compression = rle]
                  00002a1a    00000002     --HOLE-- [fill = 0]
                  00002a1c    0000000c     (__TI_handler_table)
                  00002a28    00000008     (.cinit..bss.load) [load image, compression = zero_init]
                  00002a30    00000010     (__TI_cinit_table)

.stack     0    20000000    00000800     UNINITIALIZED
                  20000000    00000800     --HOLE--

.bss       0    20000800    00000208     UNINITIALIZED
                  20000800    00000100     protocol.obj (.bss:buffer)
                  20000900    00000050     usblib.lib : usbdenum.obj (.bss:g_psDCDInst)
                  20000950    00000040                : usbdenum.obj (.bss:g_pui8DataBufferIn)
                  20000990    00000030                : usbtick.obj (.bss)
                  200009c0    00000024     device.obj (.bss:gcN64Buffer)
                  200009e4    00000008     usblib.lib : usbdenum.obj (.bss)
                  200009ec    00000004     (.common:currentByte)
                  200009f0    00000004     (.common:highTime)
                  200009f4    00000004     (.common:interruptCount)
                  200009f8    00000004     (.common:lowTime)
                  200009fc    00000004     (.common:outputSteps)
                  20000a00    00000004     (.common:txNumBytes)
                  20000a04    00000001     (.common:currentBit)
                  20000a05    00000001     (.common:data)
                  20000a06    00000001     (.common:g_ucNextDelay)
                  20000a07    00000001     (.common:newBit)

.data      0    20000a08    0000002e     UNINITIALIZED
                  20000a08    0000000c     usblib.lib : usbtick.obj (.data)
                  20000a14    00000008     rtsv7M4_T_le_v4SPD16_eabi.lib : _lock.obj (.data)
                  20000a1c    00000008                                   : exit.obj (.data)
                  20000a24    00000008     usblib.lib : usbdenum.obj (.data)
                  20000a2c    00000004     rtsv7M4_T_le_v4SPD16_eabi.lib : stkdepth_vars.obj (.data)
                  20000a30    00000004     uartstdio.obj (.data)
                  20000a34    00000002     protocol.obj (.data)


LINKER GENERATED COPY TABLES

__TI_cinit_table @ 00002a30 records: 2, size/record: 8, table size: 16
	.data: load addr=00002a00, load size=0000001a bytes, run addr=20000a08, run size=0000002e bytes, compression=rle
	.bss: load addr=00002a28, load size=00000008 bytes, run addr=20000800, run size=00000208 bytes, compression=zero_init


LINKER GENERATED HANDLER TABLE

__TI_handler_table @ 00002a1c records: 3, size/record: 4, table size: 12
	index: 0, handler: __TI_decompress_rle24
	index: 1, handler: __TI_decompress_none
	index: 2, handler: __TI_zero_init


GLOBAL SYMBOLS: SORTED ALPHABETICALLY BY Name 

address    name
--------   ----
0000216d   C$$EXIT
00002799   CPUcpsie
000010cf   GCN64DevInitialize
000010ef   GCN64DevReset
00001121   GCN64DevStatus
0000048b   GCN64InitializeProtocol
0000065d   GCN64Receive
00000515   GCN64Send
000024df   GPIODirModeSet
000027ed   GPIOIntClear
000027a5   GPIOIntEnable
00001e31   GPIOIntTypeSet
00000f7d   GPIOPadConfigSet
00002011   GPIOPinConfigure
00002715   GPIOPinTypeGPIOInput
00002635   GPIOPinTypeGPIOOutput
00002727   GPIOPinTypeUART
000027f3   GPIOPinWrite
00000479   GpioBIntHandler
00001acd   IntDisable
00001b35   IntEnable
0000275d   IntMasterEnable
00002359   InternalUSBStartOfFrameTick
00001171   N64DevButtons
000027b1   ResetISR
UNDEFED    SHT$$INIT_ARRAY$$Base
UNDEFED    SHT$$INIT_ARRAY$$Limit
00001551   SysCtlClockGet
000011cd   SysCtlClockSet
000027f9   SysCtlDelay
000025c5   SysCtlGPIOAHBEnable
0000238d   SysCtlPeripheralEnable
000022e9   SysCtlPeripheralPresent
00000455   Timer0IntHandler
00001c01   TimerConfigure
000027e5   TimerIntEnable
00002739   TimerLoadSet
000027bd   UARTCharGet
000027c7   UARTCharPut
000021b1   UARTConfigSetExpClk
000025e1   UARTDisable
000026c5   UARTEnable
0000076d   UARTStdioConfig
000007b3   UARTStdioInit
000007c9   UARTStdioInitExpClk
0000086d   UARTgetc
00000811   UARTgets
0000088d   UARTprintf
000007df   UARTwrite
0000264d   USB0DeviceIntHandler
00001e87   USBDCDConfigDescGet
00002509   USBDCDConfigDescGetNum
00002665   USBDCDConfigDescGetSize
000025fd   USBDCDConfigGetInterface
00002275   USBDCDConfigGetInterfaceEndpoint
00002619   USBDCDStallEP0
000024b3   USBDescGet
00002533   USBDescGetNum
0000280b   USBDevAddrSet
000027d1   USBDevDisconnect
000018f9   USBDevEndpointConfigSet
00002581   USBDevEndpointDataAck
000023f3   USBDevEndpointStall
00001f29   USBDevEndpointStallClear
00001cc1   USBDevEndpointStatusClear
0000277d   USBDevLPMEnable
00000cfd   USBDeviceConfig
0000186d   USBDeviceConfigAlternate
000013ad   USBDeviceEnumHandler
000020a1   USBDeviceEnumResetHandler
00000e3d   USBDeviceIntHandlerInternal
00001ed9   USBDeviceResumeTickHandler
000020e5   USBEndpointDataGet
00002455   USBEndpointDataPut
00002485   USBEndpointDataSend
0000276d   USBEndpointStatus
000022af   USBFIFOConfigSet
000026d9   USBHostResume
00002321   USBIntStatusControl
000027db   USBIntStatusEndpoint
000027ff   USBLPMIntStatus
20000800   __STACK_END
00000800   __STACK_SIZE
20000200   __STACK_TOP
00002a30   __TI_CINIT_Base
00002a40   __TI_CINIT_Limit
00002a1c   __TI_Handler_Table_Base
00002a28   __TI_Handler_Table_Limit
00000001   __TI_args_main
0000174d   __TI_auto_init
20000a1c   __TI_cleanup_ptr
0000278b   __TI_decompress_none
00002805   __TI_decompress_rle24
20000a20   __TI_dtors_ptr
00000000   __TI_static_base__
0000274b   __TI_zero_init
00001619   __aeabi_memcpy
00001619   __aeabi_memcpy4
00001619   __aeabi_memcpy8
000021f3   __aeabi_uidivmod
ffffffff   __binit__
ffffffff   __c_args__
20000000   __stack
000026ad   _args_main
00002059   _c_int00
20000a14   _lock
0000270f   _nop
00002707   _register_lock
00002701   _register_unlock
20000a18   _unlock
00002171   abort
ffffffff   binit
20000800   buffer
00002129   copy_in
20000a04   currentBit
200009ec   currentByte
20000a05   data
00002179   exit
20000a08   g_bUSBTimerInitialized
20000990   g_pfnTickHandlers
00000000   g_pfnVectors
200009e8   g_ppsDevInfo
20000900   g_psDCDInst
200009a8   g_pvTickInstance
20000a0c   g_ui32CurrentUSBTick
20000a10   g_ui32USBSOFCount
200009f0   highTime
0000149d   init_usb_uart
200009f4   interruptCount
200009f8   lowTime
000014c5   main
20000a2c   main_func_sp
00001619   memcpy
0000035f   n64Receive
0000026d   n64Transmit
20000a07   newBit
200009fc   outputSteps
00001dd9   prepareOutputSteps
00001485   sysDelayUs
20000a34   trigger
20000a00   txNumBytes


GLOBAL SYMBOLS: SORTED BY Symbol Address 

address    name
--------   ----
00000000   __TI_static_base__
00000000   g_pfnVectors
00000001   __TI_args_main
0000026d   n64Transmit
0000035f   n64Receive
00000455   Timer0IntHandler
00000479   GpioBIntHandler
0000048b   GCN64InitializeProtocol
00000515   GCN64Send
0000065d   GCN64Receive
0000076d   UARTStdioConfig
000007b3   UARTStdioInit
000007c9   UARTStdioInitExpClk
000007df   UARTwrite
00000800   __STACK_SIZE
00000811   UARTgets
0000086d   UARTgetc
0000088d   UARTprintf
00000cfd   USBDeviceConfig
00000e3d   USBDeviceIntHandlerInternal
00000f7d   GPIOPadConfigSet
000010cf   GCN64DevInitialize
000010ef   GCN64DevReset
00001121   GCN64DevStatus
00001171   N64DevButtons
000011cd   SysCtlClockSet
000013ad   USBDeviceEnumHandler
00001485   sysDelayUs
0000149d   init_usb_uart
000014c5   main
00001551   SysCtlClockGet
00001619   __aeabi_memcpy
00001619   __aeabi_memcpy4
00001619   __aeabi_memcpy8
00001619   memcpy
0000174d   __TI_auto_init
0000186d   USBDeviceConfigAlternate
000018f9   USBDevEndpointConfigSet
00001acd   IntDisable
00001b35   IntEnable
00001c01   TimerConfigure
00001cc1   USBDevEndpointStatusClear
00001dd9   prepareOutputSteps
00001e31   GPIOIntTypeSet
00001e87   USBDCDConfigDescGet
00001ed9   USBDeviceResumeTickHandler
00001f29   USBDevEndpointStallClear
00002011   GPIOPinConfigure
00002059   _c_int00
000020a1   USBDeviceEnumResetHandler
000020e5   USBEndpointDataGet
00002129   copy_in
0000216d   C$$EXIT
00002171   abort
00002179   exit
000021b1   UARTConfigSetExpClk
000021f3   __aeabi_uidivmod
00002275   USBDCDConfigGetInterfaceEndpoint
000022af   USBFIFOConfigSet
000022e9   SysCtlPeripheralPresent
00002321   USBIntStatusControl
00002359   InternalUSBStartOfFrameTick
0000238d   SysCtlPeripheralEnable
000023f3   USBDevEndpointStall
00002455   USBEndpointDataPut
00002485   USBEndpointDataSend
000024b3   USBDescGet
000024df   GPIODirModeSet
00002509   USBDCDConfigDescGetNum
00002533   USBDescGetNum
00002581   USBDevEndpointDataAck
000025c5   SysCtlGPIOAHBEnable
000025e1   UARTDisable
000025fd   USBDCDConfigGetInterface
00002619   USBDCDStallEP0
00002635   GPIOPinTypeGPIOOutput
0000264d   USB0DeviceIntHandler
00002665   USBDCDConfigDescGetSize
000026ad   _args_main
000026c5   UARTEnable
000026d9   USBHostResume
00002701   _register_unlock
00002707   _register_lock
0000270f   _nop
00002715   GPIOPinTypeGPIOInput
00002727   GPIOPinTypeUART
00002739   TimerLoadSet
0000274b   __TI_zero_init
0000275d   IntMasterEnable
0000276d   USBEndpointStatus
0000277d   USBDevLPMEnable
0000278b   __TI_decompress_none
00002799   CPUcpsie
000027a5   GPIOIntEnable
000027b1   ResetISR
000027bd   UARTCharGet
000027c7   UARTCharPut
000027d1   USBDevDisconnect
000027db   USBIntStatusEndpoint
000027e5   TimerIntEnable
000027ed   GPIOIntClear
000027f3   GPIOPinWrite
000027f9   SysCtlDelay
000027ff   USBLPMIntStatus
00002805   __TI_decompress_rle24
0000280b   USBDevAddrSet
00002a1c   __TI_Handler_Table_Base
00002a28   __TI_Handler_Table_Limit
00002a30   __TI_CINIT_Base
00002a40   __TI_CINIT_Limit
20000000   __stack
20000200   __STACK_TOP
20000800   __STACK_END
20000800   buffer
20000900   g_psDCDInst
20000990   g_pfnTickHandlers
200009a8   g_pvTickInstance
200009e8   g_ppsDevInfo
200009ec   currentByte
200009f0   highTime
200009f4   interruptCount
200009f8   lowTime
200009fc   outputSteps
20000a00   txNumBytes
20000a04   currentBit
20000a05   data
20000a07   newBit
20000a08   g_bUSBTimerInitialized
20000a0c   g_ui32CurrentUSBTick
20000a10   g_ui32USBSOFCount
20000a14   _lock
20000a18   _unlock
20000a1c   __TI_cleanup_ptr
20000a20   __TI_dtors_ptr
20000a2c   main_func_sp
20000a34   trigger
ffffffff   __binit__
ffffffff   __c_args__
ffffffff   binit
UNDEFED    SHT$$INIT_ARRAY$$Base
UNDEFED    SHT$$INIT_ARRAY$$Limit

[141 symbols]
