******************************************************************************
                  TI ARM Linker Unix v5.1.1                    
******************************************************************************
>> Linked Sun Aug  2 18:05:54 2015

OUTPUT FILE NAME:   <n64controller.out>
ENTRY POINT SYMBOL: "_c_int00"  address: 00002065


MEMORY CONFIGURATION

         name            origin    length      used     unused   attr    fill
----------------------  --------  ---------  --------  --------  ----  --------
  FLASH                 00000000   00040000  00002a48  0003d5b8  R  X
  SRAM                  20000000   00008000  00000a36  000075ca  RW X


SEGMENT ALLOCATION MAP

run origin  load origin   length   init length attrs members
----------  ----------- ---------- ----------- ----- -------
00000000    00000000    00002a50   00002a50    r-x
  00000000    00000000    0000026c   0000026c    r-- .intvecs
  0000026c    0000026c    000025ae   000025ae    r-x .text
  0000281c    0000281c    000001ee   000001ee    r-- .const
  00002a10    00002a10    00000040   00000040    r-- .cinit
20000000    20000000    00000a36   00000000    rw-
  20000000    20000000    00000800   00000000    rw- .stack
  20000800    20000800    00000208   00000000    rw- .bss
  20000a08    20000a08    0000002e   00000000    rw- .data


SECTION ALLOCATION MAP

 output                                  attributes/
section   page    origin      length       input sections
--------  ----  ----------  ----------   ----------------
.intvecs   0    00000000    0000026c     
                  00000000    0000026c     tm4c123gh6pm_startup_ccs.obj (.intvecs)

.init_array 
*          0    00000000    00000000     UNINITIALIZED

.text      0    0000026c    000025ae     
                  0000026c    00000500     protocol.obj (.text)
                  0000076c    00000430     uartstdio.obj (.text)
                  00000b9c    00000160     usblib.lib : usbdenum.obj (.text:USBDEP0StateTxConfig)
                  00000cfc    00000140                : usbdconfig.obj (.text:USBDeviceConfig)
                  00000e3c    00000140                : usbdenum.obj (.text:USBDeviceIntHandlerInternal)
                  00000f7c    00000130     driverlib.lib : gpio.obj (.text:GPIOPadConfigSet)
                  000010ac    00000120     device.obj (.text)
                  000011cc    00000104     driverlib.lib : sysctl.obj (.text:SysCtlClockSet)
                  000012d0    000000dc     usblib.lib : usbdenum.obj (.text:USBDGetDescriptor)
                  000013ac    000000d8                : usbdenum.obj (.text:USBDeviceEnumHandler)
                  00001484    000000d8     main.obj (.text)
                  0000155c    000000c8     driverlib.lib : sysctl.obj (.text:SysCtlClockGet)
                  00001624    0000009c     rtsv7M4_T_le_v4SPD16_eabi.lib : memcpy_t2.obj (.text)
                  000016c0    00000098     usblib.lib : usbdenum.obj (.text:USBDSetInterface)
                  00001758    00000094     rtsv7M4_T_le_v4SPD16_eabi.lib : auto_init.obj (.text)
                  000017ec    0000008c     usblib.lib : usbdenum.obj (.text:USBDSetConfiguration)
                  00001878    0000008c                : usbdconfig.obj (.text:USBDeviceConfigAlternate)
                  00001904    0000007a     driverlib.lib : usb.obj (.text:USBDevEndpointConfigSet)
                  0000197e    00000002     --HOLE-- [fill = 0]
                  00001980    00000078     usblib.lib : usbdenum.obj (.text:USBDClearFeature)
                  000019f8    00000070                : usbdenum.obj (.text:USBDEP0StateTx)
                  00001a68    00000070                : usbdenum.obj (.text:USBDGetStatus)
                  00001ad8    00000068     driverlib.lib : interrupt.obj (.text:IntDisable)
                  00001b40    00000068                   : interrupt.obj (.text:IntEnable)
                  00001ba8    00000064     usblib.lib : usbdenum.obj (.text:USBDSetFeature)
                  00001c0c    00000060     driverlib.lib : timer.obj (.text:TimerConfigure)
                  00001c6c    00000060     usblib.lib : usbdenum.obj (.text:USBDReadAndDispatchRequest)
                  00001ccc    0000005e     driverlib.lib : usb.obj (.text:USBDevEndpointStatusClear)
                  00001d2a    0000005e     rtsv7M4_T_le_v4SPD16_eabi.lib : copy_decompress_rle.obj (.text)
                  00001d88    0000005c     usblib.lib : usbdenum.obj (.text:USBDStringIndexFromRequest)
                  00001de4    00000058     protocol.obj (.text:prepareOutputSteps)
                  00001e3c    00000056     driverlib.lib : gpio.obj (.text:GPIOIntTypeSet)
                  00001e92    00000050     usblib.lib : usbdcdesc.obj (.text:USBDCDConfigDescGet)
                  00001ee2    00000002     --HOLE-- [fill = 0]
                  00001ee4    00000050                : usbdenum.obj (.text:USBDeviceResumeTickHandler)
                  00001f34    0000004e     driverlib.lib : usb.obj (.text:USBDevEndpointStallClear)
                  00001f82    0000004c     usblib.lib : usbdcdesc.obj (.text:ConfigAlternateInterfaceGet)
                  00001fce    0000004c                : usbdconfig.obj (.text:GetEPDescriptorType)
                  0000201a    00000002     --HOLE-- [fill = 0]
                  0000201c    00000048     driverlib.lib : gpio.obj (.text:GPIOPinConfigure)
                  00002064    00000048     rtsv7M4_T_le_v4SPD16_eabi.lib : boot.obj (.text)
                  000020ac    00000044     usblib.lib : usbdenum.obj (.text:USBDeviceEnumResetHandler)
                  000020f0    00000044     driverlib.lib : usb.obj (.text:USBEndpointDataGet)
                  00002134    00000044     rtsv7M4_T_le_v4SPD16_eabi.lib : cpy_tbl.obj (.text)
                  00002178    00000044                                   : exit.obj (.text)
                  000021bc    00000042     driverlib.lib : uart.obj (.text:UARTConfigSetExpClk)
                  000021fe    00000042     rtsv7M4_T_le_v4SPD16_eabi.lib : u_divt2.obj (.text)
                  00002240    00000040     usblib.lib : usbdenum.obj (.text:USBDGetInterface)
                  00002280    0000003a                : usbdcdesc.obj (.text:USBDCDConfigGetInterfaceEndpoint)
                  000022ba    0000003a     driverlib.lib : usb.obj (.text:USBFIFOConfigSet)
                  000022f4    00000038                   : sysctl.obj (.text:SysCtlPeripheralPresent)
                  0000232c    00000038                   : usb.obj (.text:USBIntStatusControl)
                  00002364    00000034     usblib.lib : usbtick.obj (.text:InternalUSBStartOfFrameTick)
                  00002398    00000034     driverlib.lib : sysctl.obj (.text:SysCtlPeripheralEnable)
                  000023cc    00000032     usblib.lib : usbdcdesc.obj (.text:NextConfigDescGet)
                  000023fe    00000032     driverlib.lib : usb.obj (.text:USBDevEndpointStall)
                  00002430    00000030     usblib.lib : usbdenum.obj (.text:USBDGetConfiguration)
                  00002460    00000030     driverlib.lib : usb.obj (.text:USBEndpointDataPut)
                  00002490    0000002e                   : usb.obj (.text:USBEndpointDataSend)
                  000024be    0000002c     usblib.lib : usbdesc.obj (.text:USBDescGet)
                  000024ea    0000002a     driverlib.lib : gpio.obj (.text:GPIODirModeSet)
                  00002514    0000002a     usblib.lib : usbdcdesc.obj (.text:USBDCDConfigDescGetNum)
                  0000253e    00000028                : usbdesc.obj (.text:USBDescGetNum)
                  00002566    00000002     --HOLE-- [fill = 0]
                  00002568    00000024                : usbdenum.obj (.text:USBDSetAddress)
                  0000258c    00000024     driverlib.lib : usb.obj (.text:USBDevEndpointDataAck)
                  000025b0    00000020     usblib.lib : usbdconfig.obj (.text:GetEndpointFIFOSize)
                  000025d0    0000001c     driverlib.lib : sysctl.obj (.text:SysCtlGPIOAHBEnable)
                  000025ec    0000001c                   : uart.obj (.text:UARTDisable)
                  00002608    0000001c     usblib.lib : usbdcdesc.obj (.text:USBDCDConfigGetInterface)
                  00002624    0000001c                : usbdenum.obj (.text:USBDCDStallEP0)
                  00002640    00000018     driverlib.lib : gpio.obj (.text:GPIOPinTypeGPIOOutput)
                  00002658    00000018     usblib.lib : usbdhandler.obj (.text:USB0DeviceIntHandler)
                  00002670    00000018                : usbdcdesc.obj (.text:USBDCDConfigDescGetSize)
                  00002688    00000018                : usbdenum.obj (.text:USBDSetDescriptor)
                  000026a0    00000018                : usbdenum.obj (.text:USBDSyncFrame)
                  000026b8    00000018     rtsv7M4_T_le_v4SPD16_eabi.lib : args_main.obj (.text)
                  000026d0    00000014     driverlib.lib : uart.obj (.text:UARTEnable)
                  000026e4    00000014                   : usb.obj (.text:USBHostResume)
                  000026f8    00000014                   : usb.obj (.text:_USBIndexWrite)
                  0000270c    00000014     rtsv7M4_T_le_v4SPD16_eabi.lib : _lock.obj (.text)
                  00002720    00000012     driverlib.lib : gpio.obj (.text:GPIOPinTypeGPIOInput)
                  00002732    00000012                   : gpio.obj (.text:GPIOPinTypeUART)
                  00002744    00000012                   : timer.obj (.text:TimerLoadSet)
                  00002756    00000012     rtsv7M4_T_le_v4SPD16_eabi.lib : copy_zero_init.obj (.text:decompress:ZI)
                  00002768    00000010     driverlib.lib : interrupt.obj (.text:IntMasterEnable)
                  00002778    00000010                   : usb.obj (.text:USBEndpointStatus)
                  00002788    0000000e                   : usb.obj (.text:USBDevLPMEnable)
                  00002796    0000000e     rtsv7M4_T_le_v4SPD16_eabi.lib : copy_decompress_none.obj (.text:decompress:none)
                  000027a4    0000000c     driverlib.lib : cpu.obj (.text:CPUcpsie)
                  000027b0    0000000c                   : gpio.obj (.text:GPIOIntEnable)
                  000027bc    0000000c     tm4c123gh6pm_startup_ccs.obj (.text)
                  000027c8    0000000a     driverlib.lib : uart.obj (.text:UARTCharGet)
                  000027d2    0000000a                   : uart.obj (.text:UARTCharPut)
                  000027dc    0000000a                   : usb.obj (.text:USBDevDisconnect)
                  000027e6    0000000a                   : usb.obj (.text:USBIntStatusEndpoint)
                  000027f0    00000008                   : timer.obj (.text:TimerIntEnable)
                  000027f8    00000006                   : gpio.obj (.text:GPIOIntClear)
                  000027fe    00000006                   : gpio.obj (.text:GPIOPinWrite)
                  00002804    00000006                   : sysctl.obj (.text:SysCtlDelay)
                  0000280a    00000006                   : usb.obj (.text:USBLPMIntStatus)
                  00002810    00000006     rtsv7M4_T_le_v4SPD16_eabi.lib : copy_decompress_rle.obj (.text:decompress:rle24)
                  00002816    00000004     driverlib.lib : usb.obj (.text:USBDevAddrSet)

.const     0    0000281c    000001ee     
                  0000281c    00000090     driverlib.lib : gpio.obj (.const:g_pui32GPIOBaseAddrs)
                  000028ac    00000070                   : interrupt.obj (.const)
                  0000291c    0000006c                   : sysctl.obj (.const:g_pui32Xtals)
                  00002988    00000034     usblib.lib : usbdenum.obj (.const:g_psUSBDStdRequests)
                  000029bc    00000020     device.obj (.const)
                  000029dc    0000001c     uartstdio.obj (.const)
                  000029f8    00000012     uartstdio.obj (.const:.string)

.cinit     0    00002a10    00000040     
                  00002a10    0000001a     (.cinit..data.load) [load image, compression = rle]
                  00002a2a    00000002     --HOLE-- [fill = 0]
                  00002a2c    0000000c     (__TI_handler_table)
                  00002a38    00000008     (.cinit..bss.load) [load image, compression = zero_init]
                  00002a40    00000010     (__TI_cinit_table)

.stack     0    20000000    00000800     UNINITIALIZED
                  20000000    00000800     --HOLE--

.bss       0    20000800    00000208     UNINITIALIZED
                  20000800    00000100     protocol.obj (.bss:buffer)
                  20000900    00000050     usblib.lib : usbdenum.obj (.bss:g_psDCDInst)
                  20000950    00000040                : usbdenum.obj (.bss:g_pui8DataBufferIn)
                  20000990    00000030                : usbtick.obj (.bss)
                  200009c0    00000024     device.obj (.bss:gcN64Buffer)
                  200009e4    00000008     usblib.lib : usbdenum.obj (.bss)
                  200009ec    00000004     (.common:currentByte)
                  200009f0    00000004     (.common:highTime)
                  200009f4    00000004     (.common:interruptCount)
                  200009f8    00000004     (.common:lowTime)
                  200009fc    00000004     (.common:outputSteps)
                  20000a00    00000004     (.common:txNumBytes)
                  20000a04    00000001     (.common:currentBit)
                  20000a05    00000001     (.common:data)
                  20000a06    00000001     (.common:g_ucNextDelay)
                  20000a07    00000001     (.common:newBit)

.data      0    20000a08    0000002e     UNINITIALIZED
                  20000a08    0000000c     usblib.lib : usbtick.obj (.data)
                  20000a14    00000008     rtsv7M4_T_le_v4SPD16_eabi.lib : _lock.obj (.data)
                  20000a1c    00000008                                   : exit.obj (.data)
                  20000a24    00000008     usblib.lib : usbdenum.obj (.data)
                  20000a2c    00000004     rtsv7M4_T_le_v4SPD16_eabi.lib : stkdepth_vars.obj (.data)
                  20000a30    00000004     uartstdio.obj (.data)
                  20000a34    00000002     protocol.obj (.data)


LINKER GENERATED COPY TABLES

__TI_cinit_table @ 00002a40 records: 2, size/record: 8, table size: 16
	.data: load addr=00002a10, load size=0000001a bytes, run addr=20000a08, run size=0000002e bytes, compression=rle
	.bss: load addr=00002a38, load size=00000008 bytes, run addr=20000800, run size=00000208 bytes, compression=zero_init


LINKER GENERATED HANDLER TABLE

__TI_handler_table @ 00002a2c records: 3, size/record: 4, table size: 12
	index: 0, handler: __TI_decompress_rle24
	index: 1, handler: __TI_decompress_none
	index: 2, handler: __TI_zero_init


GLOBAL SYMBOLS: SORTED ALPHABETICALLY BY Name 

address    name
--------   ----
00002179   C$$EXIT
000027a5   CPUcpsie
000010cf   GCN64DevInitialize
000010ef   GCN64DevReset
00001121   GCN64DevStatus
0000048b   GCN64InitializeProtocol
0000065d   GCN64Receive
00000515   GCN64Send
000024eb   GPIODirModeSet
000027f9   GPIOIntClear
000027b1   GPIOIntEnable
00001e3d   GPIOIntTypeSet
00000f7d   GPIOPadConfigSet
0000201d   GPIOPinConfigure
00002721   GPIOPinTypeGPIOInput
00002641   GPIOPinTypeGPIOOutput
00002733   GPIOPinTypeUART
000027ff   GPIOPinWrite
00000479   GpioBIntHandler
00001ad9   IntDisable
00001b41   IntEnable
00002769   IntMasterEnable
00002365   InternalUSBStartOfFrameTick
00001171   N64DevButtons
000027bd   ResetISR
UNDEFED    SHT$$INIT_ARRAY$$Base
UNDEFED    SHT$$INIT_ARRAY$$Limit
0000155d   SysCtlClockGet
000011cd   SysCtlClockSet
00002805   SysCtlDelay
000025d1   SysCtlGPIOAHBEnable
00002399   SysCtlPeripheralEnable
000022f5   SysCtlPeripheralPresent
00000455   Timer0IntHandler
00001c0d   TimerConfigure
000027f1   TimerIntEnable
00002745   TimerLoadSet
000027c9   UARTCharGet
000027d3   UARTCharPut
000021bd   UARTConfigSetExpClk
000025ed   UARTDisable
000026d1   UARTEnable
0000076d   UARTStdioConfig
000007b3   UARTStdioInit
000007c9   UARTStdioInitExpClk
0000086d   UARTgetc
00000811   UARTgets
0000088d   UARTprintf
000007df   UARTwrite
00002659   USB0DeviceIntHandler
00001e93   USBDCDConfigDescGet
00002515   USBDCDConfigDescGetNum
00002671   USBDCDConfigDescGetSize
00002609   USBDCDConfigGetInterface
00002281   USBDCDConfigGetInterfaceEndpoint
00002625   USBDCDStallEP0
000024bf   USBDescGet
0000253f   USBDescGetNum
00002817   USBDevAddrSet
000027dd   USBDevDisconnect
00001905   USBDevEndpointConfigSet
0000258d   USBDevEndpointDataAck
000023ff   USBDevEndpointStall
00001f35   USBDevEndpointStallClear
00001ccd   USBDevEndpointStatusClear
00002789   USBDevLPMEnable
00000cfd   USBDeviceConfig
00001879   USBDeviceConfigAlternate
000013ad   USBDeviceEnumHandler
000020ad   USBDeviceEnumResetHandler
00000e3d   USBDeviceIntHandlerInternal
00001ee5   USBDeviceResumeTickHandler
000020f1   USBEndpointDataGet
00002461   USBEndpointDataPut
00002491   USBEndpointDataSend
00002779   USBEndpointStatus
000022bb   USBFIFOConfigSet
000026e5   USBHostResume
0000232d   USBIntStatusControl
000027e7   USBIntStatusEndpoint
0000280b   USBLPMIntStatus
20000800   __STACK_END
00000800   __STACK_SIZE
20000200   __STACK_TOP
00002a40   __TI_CINIT_Base
00002a50   __TI_CINIT_Limit
00002a2c   __TI_Handler_Table_Base
00002a38   __TI_Handler_Table_Limit
00000001   __TI_args_main
00001759   __TI_auto_init
20000a1c   __TI_cleanup_ptr
00002797   __TI_decompress_none
00002811   __TI_decompress_rle24
20000a20   __TI_dtors_ptr
00000000   __TI_static_base__
00002757   __TI_zero_init
00001625   __aeabi_memcpy
00001625   __aeabi_memcpy4
00001625   __aeabi_memcpy8
000021ff   __aeabi_uidivmod
ffffffff   __binit__
ffffffff   __c_args__
20000000   __stack
000026b9   _args_main
00002065   _c_int00
20000a14   _lock
0000271b   _nop
00002713   _register_lock
0000270d   _register_unlock
20000a18   _unlock
0000217d   abort
ffffffff   binit
20000800   buffer
00002135   copy_in
20000a04   currentBit
200009ec   currentByte
20000a05   data
00002185   exit
20000a08   g_bUSBTimerInitialized
20000990   g_pfnTickHandlers
00000000   g_pfnVectors
200009e8   g_ppsDevInfo
20000900   g_psDCDInst
200009a8   g_pvTickInstance
20000a0c   g_ui32CurrentUSBTick
20000a10   g_ui32USBSOFCount
200009f0   highTime
0000149d   init_usb_uart
200009f4   interruptCount
200009f8   lowTime
000014c5   main
20000a2c   main_func_sp
00001625   memcpy
0000035f   n64Receive
0000026d   n64Transmit
20000a07   newBit
200009fc   outputSteps
00001de5   prepareOutputSteps
00001485   sysDelayUs
20000a34   trigger
20000a00   txNumBytes


GLOBAL SYMBOLS: SORTED BY Symbol Address 

address    name
--------   ----
00000000   __TI_static_base__
00000000   g_pfnVectors
00000001   __TI_args_main
0000026d   n64Transmit
0000035f   n64Receive
00000455   Timer0IntHandler
00000479   GpioBIntHandler
0000048b   GCN64InitializeProtocol
00000515   GCN64Send
0000065d   GCN64Receive
0000076d   UARTStdioConfig
000007b3   UARTStdioInit
000007c9   UARTStdioInitExpClk
000007df   UARTwrite
00000800   __STACK_SIZE
00000811   UARTgets
0000086d   UARTgetc
0000088d   UARTprintf
00000cfd   USBDeviceConfig
00000e3d   USBDeviceIntHandlerInternal
00000f7d   GPIOPadConfigSet
000010cf   GCN64DevInitialize
000010ef   GCN64DevReset
00001121   GCN64DevStatus
00001171   N64DevButtons
000011cd   SysCtlClockSet
000013ad   USBDeviceEnumHandler
00001485   sysDelayUs
0000149d   init_usb_uart
000014c5   main
0000155d   SysCtlClockGet
00001625   __aeabi_memcpy
00001625   __aeabi_memcpy4
00001625   __aeabi_memcpy8
00001625   memcpy
00001759   __TI_auto_init
00001879   USBDeviceConfigAlternate
00001905   USBDevEndpointConfigSet
00001ad9   IntDisable
00001b41   IntEnable
00001c0d   TimerConfigure
00001ccd   USBDevEndpointStatusClear
00001de5   prepareOutputSteps
00001e3d   GPIOIntTypeSet
00001e93   USBDCDConfigDescGet
00001ee5   USBDeviceResumeTickHandler
00001f35   USBDevEndpointStallClear
0000201d   GPIOPinConfigure
00002065   _c_int00
000020ad   USBDeviceEnumResetHandler
000020f1   USBEndpointDataGet
00002135   copy_in
00002179   C$$EXIT
0000217d   abort
00002185   exit
000021bd   UARTConfigSetExpClk
000021ff   __aeabi_uidivmod
00002281   USBDCDConfigGetInterfaceEndpoint
000022bb   USBFIFOConfigSet
000022f5   SysCtlPeripheralPresent
0000232d   USBIntStatusControl
00002365   InternalUSBStartOfFrameTick
00002399   SysCtlPeripheralEnable
000023ff   USBDevEndpointStall
00002461   USBEndpointDataPut
00002491   USBEndpointDataSend
000024bf   USBDescGet
000024eb   GPIODirModeSet
00002515   USBDCDConfigDescGetNum
0000253f   USBDescGetNum
0000258d   USBDevEndpointDataAck
000025d1   SysCtlGPIOAHBEnable
000025ed   UARTDisable
00002609   USBDCDConfigGetInterface
00002625   USBDCDStallEP0
00002641   GPIOPinTypeGPIOOutput
00002659   USB0DeviceIntHandler
00002671   USBDCDConfigDescGetSize
000026b9   _args_main
000026d1   UARTEnable
000026e5   USBHostResume
0000270d   _register_unlock
00002713   _register_lock
0000271b   _nop
00002721   GPIOPinTypeGPIOInput
00002733   GPIOPinTypeUART
00002745   TimerLoadSet
00002757   __TI_zero_init
00002769   IntMasterEnable
00002779   USBEndpointStatus
00002789   USBDevLPMEnable
00002797   __TI_decompress_none
000027a5   CPUcpsie
000027b1   GPIOIntEnable
000027bd   ResetISR
000027c9   UARTCharGet
000027d3   UARTCharPut
000027dd   USBDevDisconnect
000027e7   USBIntStatusEndpoint
000027f1   TimerIntEnable
000027f9   GPIOIntClear
000027ff   GPIOPinWrite
00002805   SysCtlDelay
0000280b   USBLPMIntStatus
00002811   __TI_decompress_rle24
00002817   USBDevAddrSet
00002a2c   __TI_Handler_Table_Base
00002a38   __TI_Handler_Table_Limit
00002a40   __TI_CINIT_Base
00002a50   __TI_CINIT_Limit
20000000   __stack
20000200   __STACK_TOP
20000800   __STACK_END
20000800   buffer
20000900   g_psDCDInst
20000990   g_pfnTickHandlers
200009a8   g_pvTickInstance
200009e8   g_ppsDevInfo
200009ec   currentByte
200009f0   highTime
200009f4   interruptCount
200009f8   lowTime
200009fc   outputSteps
20000a00   txNumBytes
20000a04   currentBit
20000a05   data
20000a07   newBit
20000a08   g_bUSBTimerInitialized
20000a0c   g_ui32CurrentUSBTick
20000a10   g_ui32USBSOFCount
20000a14   _lock
20000a18   _unlock
20000a1c   __TI_cleanup_ptr
20000a20   __TI_dtors_ptr
20000a2c   main_func_sp
20000a34   trigger
ffffffff   __binit__
ffffffff   __c_args__
ffffffff   binit
UNDEFED    SHT$$INIT_ARRAY$$Base
UNDEFED    SHT$$INIT_ARRAY$$Limit

[141 symbols]
