<?xml version="1.0"?>
<link_info>
   <banner>TI ARM Linker Unix v5.1.1</banner>
   <copyright>Copyright (c) 1996-2013 Texas Instruments Incorporated</copyright>
   <link_time>0x55c5e72c</link_time>
   <link_errors>0x0</link_errors>
   <output_file>n64controller.out</output_file>
   <entry_point>
      <name>_c_int00</name>
      <address>0x3675</address>
   </entry_point>
   <input_file_list>
      <input_file id="fl-2">
         <path>./</path>
         <kind>object</kind>
         <file>ustdlib.obj</file>
         <name>ustdlib.obj</name>
      </input_file>
      <input_file id="fl-3">
         <path>./</path>
         <kind>object</kind>
         <file>uartstdio.obj</file>
         <name>uartstdio.obj</name>
      </input_file>
      <input_file id="fl-4">
         <path>./</path>
         <kind>object</kind>
         <file>tm4c123gh6pm_startup_ccs.obj</file>
         <name>tm4c123gh6pm_startup_ccs.obj</name>
      </input_file>
      <input_file id="fl-5">
         <path>./</path>
         <kind>object</kind>
         <file>protocol.obj</file>
         <name>protocol.obj</name>
      </input_file>
      <input_file id="fl-6">
         <path>./</path>
         <kind>object</kind>
         <file>n64usbhid.obj</file>
         <name>n64usbhid.obj</name>
      </input_file>
      <input_file id="fl-7">
         <path>./</path>
         <kind>object</kind>
         <file>main.obj</file>
         <name>main.obj</name>
      </input_file>
      <input_file id="fl-8">
         <path>./</path>
         <kind>object</kind>
         <file>device.obj</file>
         <name>device.obj</name>
      </input_file>
      <input_file id="fl-137">
         <path>/opt/tiva/ccs/ccsv5/tools/compiler/arm_5.1.1/lib/</path>
         <kind>archive</kind>
         <file>rtsv7M4_T_le_v4SPD16_eabi.lib</file>
         <name>boot.obj</name>
      </input_file>
      <input_file id="fl-138">
         <path>/opt/tiva/ccs/ccsv5/tools/compiler/arm_5.1.1/lib/</path>
         <kind>archive</kind>
         <file>rtsv7M4_T_le_v4SPD16_eabi.lib</file>
         <name>copy_decompress_none.obj</name>
      </input_file>
      <input_file id="fl-139">
         <path>/opt/tiva/ccs/ccsv5/tools/compiler/arm_5.1.1/lib/</path>
         <kind>archive</kind>
         <file>rtsv7M4_T_le_v4SPD16_eabi.lib</file>
         <name>copy_decompress_rle.obj</name>
      </input_file>
      <input_file id="fl-13a">
         <path>/opt/tiva/ccs/ccsv5/tools/compiler/arm_5.1.1/lib/</path>
         <kind>archive</kind>
         <file>rtsv7M4_T_le_v4SPD16_eabi.lib</file>
         <name>copy_zero_init.obj</name>
      </input_file>
      <input_file id="fl-13b">
         <path>/opt/tiva/ccs/ccsv5/tools/compiler/arm_5.1.1/lib/</path>
         <kind>archive</kind>
         <file>rtsv7M4_T_le_v4SPD16_eabi.lib</file>
         <name>exit.obj</name>
      </input_file>
      <input_file id="fl-13c">
         <path>/opt/tiva/ccs/ccsv5/tools/compiler/arm_5.1.1/lib/</path>
         <kind>archive</kind>
         <file>rtsv7M4_T_le_v4SPD16_eabi.lib</file>
         <name>memcpy_t2.obj</name>
      </input_file>
      <input_file id="fl-13d">
         <path>/opt/tiva/ccs/ccsv5/tools/compiler/arm_5.1.1/lib/</path>
         <kind>archive</kind>
         <file>rtsv7M4_T_le_v4SPD16_eabi.lib</file>
         <name>stkdepth_vars.obj</name>
      </input_file>
      <input_file id="fl-13e">
         <path>/opt/tiva/ccs/ccsv5/tools/compiler/arm_5.1.1/lib/</path>
         <kind>archive</kind>
         <file>rtsv7M4_T_le_v4SPD16_eabi.lib</file>
         <name>u_divt2.obj</name>
      </input_file>
      <input_file id="fl-13f">
         <path>/opt/tiva/ccs/ccsv5/tools/compiler/arm_5.1.1/lib/</path>
         <kind>archive</kind>
         <file>rtsv7M4_T_le_v4SPD16_eabi.lib</file>
         <name>_lock.obj</name>
      </input_file>
      <input_file id="fl-140">
         <path>/opt/tiva/ccs/ccsv5/tools/compiler/arm_5.1.1/lib/</path>
         <kind>archive</kind>
         <file>rtsv7M4_T_le_v4SPD16_eabi.lib</file>
         <name>args_main.obj</name>
      </input_file>
      <input_file id="fl-141">
         <path>/opt/tiva/ccs/ccsv5/tools/compiler/arm_5.1.1/lib/</path>
         <kind>archive</kind>
         <file>rtsv7M4_T_le_v4SPD16_eabi.lib</file>
         <name>auto_init.obj</name>
      </input_file>
      <input_file id="fl-142">
         <path>/opt/tiva/ccs/ccsv5/tools/compiler/arm_5.1.1/lib/</path>
         <kind>archive</kind>
         <file>rtsv7M4_T_le_v4SPD16_eabi.lib</file>
         <name>cpy_tbl.obj</name>
      </input_file>
      <input_file id="fl-143">
         <path>/opt/tiva/tivaware/usblib/ccs/Debug/</path>
         <kind>archive</kind>
         <file>usblib.lib</file>
         <name>usbdhid.obj</name>
      </input_file>
      <input_file id="fl-144">
         <path>/opt/tiva/tivaware/usblib/ccs/Debug/</path>
         <kind>archive</kind>
         <file>usblib.lib</file>
         <name>usbdhandler.obj</name>
      </input_file>
      <input_file id="fl-145">
         <path>/opt/tiva/tivaware/usblib/ccs/Debug/</path>
         <kind>archive</kind>
         <file>usblib.lib</file>
         <name>usbdenum.obj</name>
      </input_file>
      <input_file id="fl-146">
         <path>/opt/tiva/tivaware/usblib/ccs/Debug/</path>
         <kind>archive</kind>
         <file>usblib.lib</file>
         <name>usbdconfig.obj</name>
      </input_file>
      <input_file id="fl-147">
         <path>/opt/tiva/tivaware/usblib/ccs/Debug/</path>
         <kind>archive</kind>
         <file>usblib.lib</file>
         <name>usbdcdesc.obj</name>
      </input_file>
      <input_file id="fl-148">
         <path>/opt/tiva/tivaware/usblib/ccs/Debug/</path>
         <kind>archive</kind>
         <file>usblib.lib</file>
         <name>usbulpi.obj</name>
      </input_file>
      <input_file id="fl-149">
         <path>/opt/tiva/tivaware/usblib/ccs/Debug/</path>
         <kind>archive</kind>
         <file>usblib.lib</file>
         <name>usbtick.obj</name>
      </input_file>
      <input_file id="fl-14a">
         <path>/opt/tiva/tivaware/usblib/ccs/Debug/</path>
         <kind>archive</kind>
         <file>usblib.lib</file>
         <name>usbmode.obj</name>
      </input_file>
      <input_file id="fl-14b">
         <path>/opt/tiva/tivaware/usblib/ccs/Debug/</path>
         <kind>archive</kind>
         <file>usblib.lib</file>
         <name>usbdma.obj</name>
      </input_file>
      <input_file id="fl-14c">
         <path>/opt/tiva/tivaware/usblib/ccs/Debug/</path>
         <kind>archive</kind>
         <file>usblib.lib</file>
         <name>usbdesc.obj</name>
      </input_file>
      <input_file id="fl-14d">
         <path>/opt/tiva/tivaware/usblib/ccs/Debug/</path>
         <kind>archive</kind>
         <file>usblib.lib</file>
         <name>usbhostenum.obj</name>
      </input_file>
      <input_file id="fl-14e">
         <path>/opt/tiva/tivaware/usblib/ccs/Debug/</path>
         <kind>archive</kind>
         <file>usblib.lib</file>
         <name>usbhhub.obj</name>
      </input_file>
      <input_file id="fl-14f">
         <path>/opt/tiva/tivaware/driverlib/ccs/Debug/</path>
         <kind>archive</kind>
         <file>driverlib.lib</file>
         <name>usb.obj</name>
      </input_file>
      <input_file id="fl-150">
         <path>/opt/tiva/tivaware/driverlib/ccs/Debug/</path>
         <kind>archive</kind>
         <file>driverlib.lib</file>
         <name>udma.obj</name>
      </input_file>
      <input_file id="fl-151">
         <path>/opt/tiva/tivaware/driverlib/ccs/Debug/</path>
         <kind>archive</kind>
         <file>driverlib.lib</file>
         <name>uart.obj</name>
      </input_file>
      <input_file id="fl-152">
         <path>/opt/tiva/tivaware/driverlib/ccs/Debug/</path>
         <kind>archive</kind>
         <file>driverlib.lib</file>
         <name>timer.obj</name>
      </input_file>
      <input_file id="fl-153">
         <path>/opt/tiva/tivaware/driverlib/ccs/Debug/</path>
         <kind>archive</kind>
         <file>driverlib.lib</file>
         <name>sysctl.obj</name>
      </input_file>
      <input_file id="fl-154">
         <path>/opt/tiva/tivaware/driverlib/ccs/Debug/</path>
         <kind>archive</kind>
         <file>driverlib.lib</file>
         <name>interrupt.obj</name>
      </input_file>
      <input_file id="fl-155">
         <path>/opt/tiva/tivaware/driverlib/ccs/Debug/</path>
         <kind>archive</kind>
         <file>driverlib.lib</file>
         <name>gpio.obj</name>
      </input_file>
      <input_file id="fl-156">
         <path>/opt/tiva/tivaware/driverlib/ccs/Debug/</path>
         <kind>archive</kind>
         <file>driverlib.lib</file>
         <name>cpu.obj</name>
      </input_file>
   </input_file_list>
   <object_component_list>
      <object_component id="oc-e">
         <name>.intvecs</name>
         <load_address>0x0</load_address>
         <run_address>0x0</run_address>
         <size>0x26c</size>
         <input_file_ref idref="fl-4"/>
      </object_component>
      <object_component id="oc-260">
         <name>.text</name>
         <load_address>0x26c</load_address>
         <run_address>0x26c</run_address>
         <size>0xa48</size>
         <input_file_ref idref="fl-2"/>
      </object_component>
      <object_component id="oc-176">
         <name>.text</name>
         <load_address>0xcb4</load_address>
         <run_address>0xcb4</run_address>
         <size>0x430</size>
         <input_file_ref idref="fl-3"/>
      </object_component>
      <object_component id="oc-29">
         <name>.text</name>
         <load_address>0x10e4</load_address>
         <run_address>0x10e4</run_address>
         <size>0x260</size>
         <input_file_ref idref="fl-5"/>
      </object_component>
      <object_component id="oc-1ec">
         <name>.text:USBDEP0StateTxConfig</name>
         <load_address>0x1344</load_address>
         <run_address>0x1344</run_address>
         <size>0x160</size>
         <input_file_ref idref="fl-145"/>
      </object_component>
      <object_component id="oc-3f7">
         <name>.text:USBLibDMAInit</name>
         <load_address>0x14a4</load_address>
         <run_address>0x14a4</run_address>
         <size>0x160</size>
         <input_file_ref idref="fl-14b"/>
      </object_component>
      <object_component id="oc-2f6">
         <name>.text:USBDCDInit</name>
         <load_address>0x1604</load_address>
         <run_address>0x1604</run_address>
         <size>0x148</size>
         <input_file_ref idref="fl-145"/>
      </object_component>
      <object_component id="oc-44a">
         <name>.text:USBDeviceConfig</name>
         <load_address>0x174c</load_address>
         <run_address>0x174c</run_address>
         <size>0x140</size>
         <input_file_ref idref="fl-146"/>
      </object_component>
      <object_component id="oc-ce">
         <name>.text:USBDeviceIntHandlerInternal</name>
         <load_address>0x188c</load_address>
         <run_address>0x188c</run_address>
         <size>0x140</size>
         <input_file_ref idref="fl-145"/>
      </object_component>
      <object_component id="oc-124">
         <name>.text:GPIOPadConfigSet</name>
         <load_address>0x19cc</load_address>
         <run_address>0x19cc</run_address>
         <size>0x130</size>
         <input_file_ref idref="fl-155"/>
      </object_component>
      <object_component id="oc-18a">
         <name>.text</name>
         <load_address>0x1afc</load_address>
         <run_address>0x1afc</run_address>
         <size>0x12c</size>
         <input_file_ref idref="fl-6"/>
      </object_component>
      <object_component id="oc-482">
         <name>.text:HandleRequest</name>
         <load_address>0x1c28</load_address>
         <run_address>0x1c28</run_address>
         <size>0x10e</size>
         <input_file_ref idref="fl-143"/>
      </object_component>
      <object_component id="oc-521">
         <name>.text:iDMAUSBArbSizeSet</name>
         <load_address>0x1d36</load_address>
         <run_address>0x1d36</run_address>
         <size>0x2</size>
         <input_file_ref idref="fl-14b"/>
      </object_component>
      <object_component id="oc-17b">
         <name>.text:SysCtlClockSet</name>
         <load_address>0x1d38</load_address>
         <run_address>0x1d38</run_address>
         <size>0x104</size>
         <input_file_ref idref="fl-153"/>
      </object_component>
      <object_component id="oc-e1">
         <name>.text</name>
         <load_address>0x1e3c</load_address>
         <run_address>0x1e3c</run_address>
         <size>0x100</size>
         <input_file_ref idref="fl-7"/>
      </object_component>
      <object_component id="oc-53f">
         <name>.text:iDMAUSBTransfer</name>
         <load_address>0x1f3c</load_address>
         <run_address>0x1f3c</run_address>
         <size>0xe8</size>
         <input_file_ref idref="fl-14b"/>
      </object_component>
      <object_component id="oc-2f1">
         <name>.text:USBDHIDCompositeInit</name>
         <load_address>0x2024</load_address>
         <run_address>0x2024</run_address>
         <size>0xe0</size>
         <input_file_ref idref="fl-143"/>
      </object_component>
      <object_component id="oc-35a">
         <name>.text:USBDGetDescriptor</name>
         <load_address>0x2104</load_address>
         <run_address>0x2104</run_address>
         <size>0xdc</size>
         <input_file_ref idref="fl-145"/>
      </object_component>
      <object_component id="oc-150">
         <name>.text:USBDeviceEnumHandler</name>
         <load_address>0x21e0</load_address>
         <run_address>0x21e0</run_address>
         <size>0xd8</size>
         <input_file_ref idref="fl-145"/>
      </object_component>
      <object_component id="oc-94">
         <name>.text:SysCtlClockGet</name>
         <load_address>0x22b8</load_address>
         <run_address>0x22b8</run_address>
         <size>0xc8</size>
         <input_file_ref idref="fl-153"/>
      </object_component>
      <object_component id="oc-4e0">
         <name>.text:uDMAUSBChannelAllocate</name>
         <load_address>0x2380</load_address>
         <run_address>0x2380</run_address>
         <size>0xc0</size>
         <input_file_ref idref="fl-14b"/>
      </object_component>
      <object_component id="oc-517">
         <name>.text:uDMAUSBTransfer</name>
         <load_address>0x2440</load_address>
         <run_address>0x2440</run_address>
         <size>0xba</size>
         <input_file_ref idref="fl-14b"/>
      </object_component>
      <object_component id="oc-47">
         <name>.text</name>
         <load_address>0x24fa</load_address>
         <run_address>0x24fa</run_address>
         <size>0x9c</size>
         <input_file_ref idref="fl-13c"/>
      </object_component>
      <object_component id="oc-553">
         <name>.text:iDMAUSBUnitSizeSet</name>
         <load_address>0x2596</load_address>
         <run_address>0x2596</run_address>
         <size>0x2</size>
         <input_file_ref idref="fl-14b"/>
      </object_component>
      <object_component id="oc-373">
         <name>.text:USBDSetInterface</name>
         <load_address>0x2598</load_address>
         <run_address>0x2598</run_address>
         <size>0x98</size>
         <input_file_ref idref="fl-145"/>
      </object_component>
      <object_component id="oc-36">
         <name>.text</name>
         <load_address>0x2630</load_address>
         <run_address>0x2630</run_address>
         <size>0x94</size>
         <input_file_ref idref="fl-141"/>
      </object_component>
      <object_component id="oc-4b8">
         <name>.text:ProcessIdleTimers</name>
         <load_address>0x26c4</load_address>
         <run_address>0x26c4</run_address>
         <size>0x8c</size>
         <input_file_ref idref="fl-143"/>
      </object_component>
      <object_component id="oc-369">
         <name>.text:USBDSetConfiguration</name>
         <load_address>0x2750</load_address>
         <run_address>0x2750</run_address>
         <size>0x8c</size>
         <input_file_ref idref="fl-145"/>
      </object_component>
      <object_component id="oc-45b">
         <name>.text:USBDeviceConfigAlternate</name>
         <load_address>0x27dc</load_address>
         <run_address>0x27dc</run_address>
         <size>0x8c</size>
         <input_file_ref idref="fl-146"/>
      </object_component>
      <object_component id="oc-526">
         <name>.text:iDMAUSBChannelAllocate</name>
         <load_address>0x2868</load_address>
         <run_address>0x2868</run_address>
         <size>0x86</size>
         <input_file_ref idref="fl-14b"/>
      </object_component>
      <object_component id="oc-4f4">
         <name>.text:uDMAUSBChannelIntDisable</name>
         <load_address>0x28ee</load_address>
         <run_address>0x28ee</run_address>
         <size>0x2</size>
         <input_file_ref idref="fl-14b"/>
      </object_component>
      <object_component id="oc-607">
         <name>.text:uDMAChannelTransferSet</name>
         <load_address>0x28f0</load_address>
         <run_address>0x28f0</run_address>
         <size>0x80</size>
         <input_file_ref idref="fl-150"/>
      </object_component>
      <object_component id="oc-56f">
         <name>.text:USBDevEndpointConfigSet</name>
         <load_address>0x2970</load_address>
         <run_address>0x2970</run_address>
         <size>0x7a</size>
         <input_file_ref idref="fl-14f"/>
      </object_component>
      <object_component id="oc-4ef">
         <name>.text:uDMAUSBChannelIntEnable</name>
         <load_address>0x29ea</load_address>
         <run_address>0x29ea</run_address>
         <size>0x2</size>
         <input_file_ref idref="fl-14b"/>
      </object_component>
      <object_component id="oc-34b">
         <name>.text:USBDClearFeature</name>
         <load_address>0x29ec</load_address>
         <run_address>0x29ec</run_address>
         <size>0x78</size>
         <input_file_ref idref="fl-145"/>
      </object_component>
      <object_component id="oc-26a">
         <name>.text:USBDHIDPacketRead</name>
         <load_address>0x2a64</load_address>
         <run_address>0x2a64</run_address>
         <size>0x72</size>
         <input_file_ref idref="fl-143"/>
      </object_component>
      <object_component id="oc-4db">
         <name>.text:uDMAUSBArbSizeSet</name>
         <load_address>0x2ad6</load_address>
         <run_address>0x2ad6</run_address>
         <size>0x72</size>
         <input_file_ref idref="fl-14b"/>
      </object_component>
      <object_component id="oc-1f1">
         <name>.text:USBDEP0StateTx</name>
         <load_address>0x2b48</load_address>
         <run_address>0x2b48</run_address>
         <size>0x70</size>
         <input_file_ref idref="fl-145"/>
      </object_component>
      <object_component id="oc-346">
         <name>.text:USBDGetStatus</name>
         <load_address>0x2bb8</load_address>
         <run_address>0x2bb8</run_address>
         <size>0x70</size>
         <input_file_ref idref="fl-145"/>
      </object_component>
      <object_component id="oc-51c">
         <name>.text:uDMAUSBUnitSizeSet</name>
         <load_address>0x2c28</load_address>
         <run_address>0x2c28</run_address>
         <size>0x70</size>
         <input_file_ref idref="fl-14b"/>
      </object_component>
      <object_component id="oc-80">
         <name>.text:IntDisable</name>
         <load_address>0x2c98</load_address>
         <run_address>0x2c98</run_address>
         <size>0x68</size>
         <input_file_ref idref="fl-154"/>
      </object_component>
      <object_component id="oc-7b">
         <name>.text:IntEnable</name>
         <load_address>0x2d00</load_address>
         <run_address>0x2d00</run_address>
         <size>0x68</size>
         <input_file_ref idref="fl-154"/>
      </object_component>
      <object_component id="oc-5e5">
         <name>.text:IntIsEnabled</name>
         <load_address>0x2d68</load_address>
         <run_address>0x2d68</run_address>
         <size>0x64</size>
         <input_file_ref idref="fl-154"/>
      </object_component>
      <object_component id="oc-350">
         <name>.text:USBDSetFeature</name>
         <load_address>0x2dcc</load_address>
         <run_address>0x2dcc</run_address>
         <size>0x64</size>
         <input_file_ref idref="fl-145"/>
      </object_component>
      <object_component id="oc-4ea">
         <name>.text:uDMAUSBChannelEnable</name>
         <load_address>0x2e30</load_address>
         <run_address>0x2e30</run_address>
         <size>0x64</size>
         <input_file_ref idref="fl-14b"/>
      </object_component>
      <object_component id="oc-47d">
         <name>.text:HandleGetDescriptor</name>
         <load_address>0x2e94</load_address>
         <run_address>0x2e94</run_address>
         <size>0x60</size>
         <input_file_ref idref="fl-143"/>
      </object_component>
      <object_component id="oc-8f">
         <name>.text:TimerConfigure</name>
         <load_address>0x2ef4</load_address>
         <run_address>0x2ef4</run_address>
         <size>0x60</size>
         <input_file_ref idref="fl-152"/>
      </object_component>
      <object_component id="oc-1e7">
         <name>.text:USBDReadAndDispatchRequest</name>
         <load_address>0x2f54</load_address>
         <run_address>0x2f54</run_address>
         <size>0x60</size>
         <input_file_ref idref="fl-145"/>
      </object_component>
      <object_component id="oc-1d3">
         <name>.text:USBDevEndpointStatusClear</name>
         <load_address>0x2fb4</load_address>
         <run_address>0x2fb4</run_address>
         <size>0x5e</size>
         <input_file_ref idref="fl-14f"/>
      </object_component>
      <object_component id="oc-59">
         <name>.text</name>
         <load_address>0x3012</load_address>
         <run_address>0x3012</run_address>
         <size>0x5e</size>
         <input_file_ref idref="fl-139"/>
      </object_component>
      <object_component id="oc-593">
         <name>.text:FindHIDDescriptor</name>
         <load_address>0x3070</load_address>
         <run_address>0x3070</run_address>
         <size>0x5c</size>
         <input_file_ref idref="fl-143"/>
      </object_component>
      <object_component id="oc-442">
         <name>.text:USBDStringIndexFromRequest</name>
         <load_address>0x30cc</load_address>
         <run_address>0x30cc</run_address>
         <size>0x5c</size>
         <input_file_ref idref="fl-145"/>
      </object_component>
      <object_component id="oc-4af">
         <name>.text:HandleDevice</name>
         <load_address>0x3128</load_address>
         <run_address>0x3128</run_address>
         <size>0x5a</size>
         <input_file_ref idref="fl-143"/>
      </object_component>
      <object_component id="oc-5b5">
         <name>.text:ProcessDataFromHost</name>
         <load_address>0x3184</load_address>
         <run_address>0x3184</run_address>
         <size>0x58</size>
         <input_file_ref idref="fl-143"/>
      </object_component>
      <object_component id="oc-ad">
         <name>.text:GPIOIntTypeSet</name>
         <load_address>0x31dc</load_address>
         <run_address>0x31dc</run_address>
         <size>0x56</size>
         <input_file_ref idref="fl-155"/>
      </object_component>
      <object_component id="oc-5ba">
         <name>.text:ProcessDataToHost</name>
         <load_address>0x3232</load_address>
         <run_address>0x3232</run_address>
         <size>0x54</size>
         <input_file_ref idref="fl-143"/>
      </object_component>
      <object_component id="oc-4f9">
         <name>.text:uDMAUSBChannelRelease</name>
         <load_address>0x3286</load_address>
         <run_address>0x3286</run_address>
         <size>0x54</size>
         <input_file_ref idref="fl-14b"/>
      </object_component>
      <object_component id="oc-3d4">
         <name>.text:ULPIConfigSet</name>
         <load_address>0x32da</load_address>
         <run_address>0x32da</run_address>
         <size>0x52</size>
         <input_file_ref idref="fl-148"/>
      </object_component>
      <object_component id="oc-3c0">
         <name>.text:SysCtlPeripheralReset</name>
         <load_address>0x332c</load_address>
         <run_address>0x332c</run_address>
         <size>0x50</size>
         <input_file_ref idref="fl-153"/>
      </object_component>
      <object_component id="oc-565">
         <name>.text:USBDCDConfigDescGet</name>
         <load_address>0x337c</load_address>
         <run_address>0x337c</run_address>
         <size>0x50</size>
         <input_file_ref idref="fl-147"/>
      </object_component>
      <object_component id="oc-137">
         <name>.text:USBDeviceResumeTickHandler</name>
         <load_address>0x33cc</load_address>
         <run_address>0x33cc</run_address>
         <size>0x50</size>
         <input_file_ref idref="fl-145"/>
      </object_component>
      <object_component id="oc-43a">
         <name>.text:USBDevEndpointStallClear</name>
         <load_address>0x341c</load_address>
         <run_address>0x341c</run_address>
         <size>0x4e</size>
         <input_file_ref idref="fl-14f"/>
      </object_component>
      <object_component id="oc-586">
         <name>.text:ConfigAlternateInterfaceGet</name>
         <load_address>0x346a</load_address>
         <run_address>0x346a</run_address>
         <size>0x4c</size>
         <input_file_ref idref="fl-147"/>
      </object_component>
      <object_component id="oc-56a">
         <name>.text:GetEPDescriptorType</name>
         <load_address>0x34b6</load_address>
         <run_address>0x34b6</run_address>
         <size>0x4c</size>
         <input_file_ref idref="fl-146"/>
      </object_component>
      <object_component id="oc-611">
         <name>.text:USBEndpointDMAConfigSet</name>
         <load_address>0x3502</load_address>
         <run_address>0x3502</run_address>
         <size>0x4c</size>
         <input_file_ref idref="fl-14f"/>
      </object_component>
      <object_component id="oc-265">
         <name>.text:USBDHIDReportWrite</name>
         <load_address>0x354e</load_address>
         <run_address>0x354e</run_address>
         <size>0x4a</size>
         <input_file_ref idref="fl-143"/>
      </object_component>
      <object_component id="oc-549">
         <name>.text:iDMAUSBChannelEnable</name>
         <load_address>0x3598</load_address>
         <run_address>0x3598</run_address>
         <size>0x4a</size>
         <input_file_ref idref="fl-14b"/>
      </object_component>
      <object_component id="oc-4e5">
         <name>.text:uDMAUSBChannelDisable</name>
         <load_address>0x35e2</load_address>
         <run_address>0x35e2</run_address>
         <size>0x4a</size>
         <input_file_ref idref="fl-14b"/>
      </object_component>
      <object_component id="oc-16c">
         <name>.text:GPIOPinConfigure</name>
         <load_address>0x362c</load_address>
         <run_address>0x362c</run_address>
         <size>0x48</size>
         <input_file_ref idref="fl-155"/>
      </object_component>
      <object_component id="oc-10">
         <name>.text</name>
         <load_address>0x3674</load_address>
         <run_address>0x3674</run_address>
         <size>0x48</size>
         <input_file_ref idref="fl-137"/>
      </object_component>
      <object_component id="oc-5d4">
         <name>.text:uDMAChannelAttributeDisable</name>
         <load_address>0x36bc</load_address>
         <run_address>0x36bc</run_address>
         <size>0x48</size>
         <input_file_ref idref="fl-150"/>
      </object_component>
      <object_component id="oc-3a2">
         <name>.text:USBDCDDeviceInfoInit</name>
         <load_address>0x3704</load_address>
         <run_address>0x3704</run_address>
         <size>0x44</size>
         <input_file_ref idref="fl-145"/>
      </object_component>
      <object_component id="oc-132">
         <name>.text:USBDeviceEnumResetHandler</name>
         <load_address>0x3748</load_address>
         <run_address>0x3748</run_address>
         <size>0x44</size>
         <input_file_ref idref="fl-145"/>
      </object_component>
      <object_component id="oc-1dd">
         <name>.text:USBEndpointDataGet</name>
         <load_address>0x378c</load_address>
         <run_address>0x378c</run_address>
         <size>0x44</size>
         <input_file_ref idref="fl-14f"/>
      </object_component>
      <object_component id="oc-db">
         <name>.text</name>
         <load_address>0x37d0</load_address>
         <run_address>0x37d0</run_address>
         <size>0x44</size>
         <input_file_ref idref="fl-142"/>
      </object_component>
      <object_component id="oc-3f">
         <name>.text</name>
         <load_address>0x3814</load_address>
         <run_address>0x3814</run_address>
         <size>0x44</size>
         <input_file_ref idref="fl-13b"/>
      </object_component>
      <object_component id="oc-5a8">
         <name>.text:SetIdleTimeout</name>
         <load_address>0x3858</load_address>
         <run_address>0x3858</run_address>
         <size>0x42</size>
         <input_file_ref idref="fl-143"/>
      </object_component>
      <object_component id="oc-221">
         <name>.text:UARTConfigSetExpClk</name>
         <load_address>0x389a</load_address>
         <run_address>0x389a</run_address>
         <size>0x42</size>
         <input_file_ref idref="fl-151"/>
      </object_component>
      <object_component id="oc-239">
         <name>.text</name>
         <load_address>0x38dc</load_address>
         <run_address>0x38dc</run_address>
         <size>0x42</size>
         <input_file_ref idref="fl-13e"/>
      </object_component>
      <object_component id="oc-36e">
         <name>.text:USBDGetInterface</name>
         <load_address>0x3920</load_address>
         <run_address>0x3920</run_address>
         <size>0x40</size>
         <input_file_ref idref="fl-145"/>
      </object_component>
      <object_component id="oc-313">
         <name>.text:ScheduleReportTransmission</name>
         <load_address>0x3960</load_address>
         <run_address>0x3960</run_address>
         <size>0x3e</size>
         <input_file_ref idref="fl-143"/>
      </object_component>
      <object_component id="oc-39d">
         <name>.text:USBDCDConfigGetInterfaceEndpoint</name>
         <load_address>0x399e</load_address>
         <run_address>0x399e</run_address>
         <size>0x3a</size>
         <input_file_ref idref="fl-147"/>
      </object_component>
      <object_component id="oc-579">
         <name>.text:USBFIFOConfigSet</name>
         <load_address>0x39d8</load_address>
         <run_address>0x39d8</run_address>
         <size>0x3a</size>
         <input_file_ref idref="fl-14f"/>
      </object_component>
      <object_component id="oc-544">
         <name>.text:iDMAUSBChannelRelease</name>
         <load_address>0x3a12</load_address>
         <run_address>0x3a12</run_address>
         <size>0x3a</size>
         <input_file_ref idref="fl-14b"/>
      </object_component>
      <object_component id="oc-21c">
         <name>.text:SysCtlPeripheralPresent</name>
         <load_address>0x3a4c</load_address>
         <run_address>0x3a4c</run_address>
         <size>0x38</size>
         <input_file_ref idref="fl-153"/>
      </object_component>
      <object_component id="oc-c9">
         <name>.text:USBIntStatusControl</name>
         <load_address>0x3a84</load_address>
         <run_address>0x3a84</run_address>
         <size>0x38</size>
         <input_file_ref idref="fl-14f"/>
      </object_component>
      <object_component id="oc-4aa">
         <name>.text:HandleEndpoints</name>
         <load_address>0x3abc</load_address>
         <run_address>0x3abc</run_address>
         <size>0x36</size>
         <input_file_ref idref="fl-143"/>
      </object_component>
      <object_component id="oc-3ba">
         <name>.text:HIDTickHandler</name>
         <load_address>0x3af4</load_address>
         <run_address>0x3af4</run_address>
         <size>0x34</size>
         <input_file_ref idref="fl-143"/>
      </object_component>
      <object_component id="oc-3b1">
         <name>.text:InternalUSBRegisterTickHandler</name>
         <load_address>0x3b28</load_address>
         <run_address>0x3b28</run_address>
         <size>0x34</size>
         <input_file_ref idref="fl-149"/>
      </object_component>
      <object_component id="oc-13c">
         <name>.text:InternalUSBStartOfFrameTick</name>
         <load_address>0x3b5c</load_address>
         <run_address>0x3b5c</run_address>
         <size>0x34</size>
         <input_file_ref idref="fl-149"/>
      </object_component>
      <object_component id="oc-8a">
         <name>.text:SysCtlPeripheralEnable</name>
         <load_address>0x3b90</load_address>
         <run_address>0x3b90</run_address>
         <size>0x34</size>
         <input_file_ref idref="fl-153"/>
      </object_component>
      <object_component id="oc-52b">
         <name>.text:iDMAUSBChannelStatus</name>
         <load_address>0x3bc4</load_address>
         <run_address>0x3bc4</run_address>
         <size>0x34</size>
         <input_file_ref idref="fl-14b"/>
      </object_component>
      <object_component id="oc-30e">
         <name>.text:ClearReportTimer</name>
         <load_address>0x3bf8</load_address>
         <run_address>0x3bf8</run_address>
         <size>0x32</size>
         <input_file_ref idref="fl-143"/>
      </object_component>
      <object_component id="oc-473">
         <name>.text:NextConfigDescGet</name>
         <load_address>0x3c2a</load_address>
         <run_address>0x3c2a</run_address>
         <size>0x32</size>
         <input_file_ref idref="fl-147"/>
      </object_component>
      <object_component id="oc-33e">
         <name>.text:USBDevEndpointStall</name>
         <load_address>0x3c5c</load_address>
         <run_address>0x3c5c</run_address>
         <size>0x32</size>
         <input_file_ref idref="fl-14f"/>
      </object_component>
      <object_component id="oc-54e">
         <name>.text:iDMAUSBChannelDisable</name>
         <load_address>0x3c8e</load_address>
         <run_address>0x3c8e</run_address>
         <size>0x32</size>
         <input_file_ref idref="fl-14b"/>
      </object_component>
      <object_component id="oc-503">
         <name>.text:DMAUSBIntHandler</name>
         <load_address>0x3cc0</load_address>
         <run_address>0x3cc0</run_address>
         <size>0x30</size>
         <input_file_ref idref="fl-14b"/>
      </object_component>
      <object_component id="oc-487">
         <name>.text:HandleConfigChange</name>
         <load_address>0x3cf0</load_address>
         <run_address>0x3cf0</run_address>
         <size>0x30</size>
         <input_file_ref idref="fl-143"/>
      </object_component>
      <object_component id="oc-3ac">
         <name>.text:InternalUSBTickInit</name>
         <load_address>0x3d20</load_address>
         <run_address>0x3d20</run_address>
         <size>0x30</size>
         <input_file_ref idref="fl-149"/>
      </object_component>
      <object_component id="oc-364">
         <name>.text:USBDGetConfiguration</name>
         <load_address>0x3d50</load_address>
         <run_address>0x3d50</run_address>
         <size>0x30</size>
         <input_file_ref idref="fl-145"/>
      </object_component>
      <object_component id="oc-2b9">
         <name>.text:USBEndpointDataPut</name>
         <load_address>0x3d80</load_address>
         <run_address>0x3d80</run_address>
         <size>0x30</size>
         <input_file_ref idref="fl-14f"/>
      </object_component>
      <object_component id="oc-2be">
         <name>.text:USBEndpointDataSend</name>
         <load_address>0x3db0</load_address>
         <run_address>0x3db0</run_address>
         <size>0x2e</size>
         <input_file_ref idref="fl-14f"/>
      </object_component>
      <object_component id="oc-652">
         <name>.text:USBDescGet</name>
         <load_address>0x3dde</load_address>
         <run_address>0x3dde</run_address>
         <size>0x2c</size>
         <input_file_ref idref="fl-14c"/>
      </object_component>
      <object_component id="oc-508">
         <name>.text:uDMAUSBIntStatus</name>
         <load_address>0x3e0a</load_address>
         <run_address>0x3e0a</run_address>
         <size>0x2c</size>
         <input_file_ref idref="fl-14b"/>
      </object_component>
      <object_component id="oc-11f">
         <name>.text:GPIODirModeSet</name>
         <load_address>0x3e36</load_address>
         <run_address>0x3e36</run_address>
         <size>0x2a</size>
         <input_file_ref idref="fl-155"/>
      </object_component>
      <object_component id="oc-451">
         <name>.text:USBDCDConfigDescGetNum</name>
         <load_address>0x3e60</load_address>
         <run_address>0x3e60</run_address>
         <size>0x2a</size>
         <input_file_ref idref="fl-147"/>
      </object_component>
      <object_component id="oc-580">
         <name>.text:USBDescGetNum</name>
         <load_address>0x3e8a</load_address>
         <run_address>0x3e8a</run_address>
         <size>0x28</size>
         <input_file_ref idref="fl-14c"/>
      </object_component>
      <object_component id="oc-3fc">
         <name>.text:USBIntEnableControl</name>
         <load_address>0x3eb4</load_address>
         <run_address>0x3eb4</run_address>
         <size>0x28</size>
         <input_file_ref idref="fl-14f"/>
      </object_component>
      <object_component id="oc-18f">
         <name>.text</name>
         <load_address>0x3edc</load_address>
         <run_address>0x3edc</run_address>
         <size>0x28</size>
         <input_file_ref idref="fl-8"/>
      </object_component>
      <object_component id="oc-5fa">
         <name>.text:uDMAChannelModeGet</name>
         <load_address>0x3f04</load_address>
         <run_address>0x3f04</run_address>
         <size>0x28</size>
         <input_file_ref idref="fl-150"/>
      </object_component>
      <object_component id="oc-5a3">
         <name>.text:GetIdleTimeout</name>
         <load_address>0x3f2c</load_address>
         <run_address>0x3f2c</run_address>
         <size>0x26</size>
         <input_file_ref idref="fl-143"/>
      </object_component>
      <object_component id="oc-48c">
         <name>.text:HandleEP0DataReceived</name>
         <load_address>0x3f52</load_address>
         <run_address>0x3f52</run_address>
         <size>0x26</size>
         <input_file_ref idref="fl-143"/>
      </object_component>
      <object_component id="oc-251">
         <name>.text:USBDHIDInit</name>
         <load_address>0x3f78</load_address>
         <run_address>0x3f78</run_address>
         <size>0x26</size>
         <input_file_ref idref="fl-143"/>
      </object_component>
      <object_component id="oc-355">
         <name>.text:USBDSetAddress</name>
         <load_address>0x3fa0</load_address>
         <run_address>0x3fa0</run_address>
         <size>0x24</size>
         <input_file_ref idref="fl-145"/>
      </object_component>
      <object_component id="oc-1e2">
         <name>.text:USBDevEndpointDataAck</name>
         <load_address>0x3fc4</load_address>
         <run_address>0x3fc4</run_address>
         <size>0x24</size>
         <input_file_ref idref="fl-14f"/>
      </object_component>
      <object_component id="oc-5d9">
         <name>.text:USBEndpointDMADisable</name>
         <load_address>0x3fe8</load_address>
         <run_address>0x3fe8</run_address>
         <size>0x24</size>
         <input_file_ref idref="fl-14f"/>
      </object_component>
      <object_component id="oc-5ea">
         <name>.text:USBEndpointDMAEnable</name>
         <load_address>0x400c</load_address>
         <run_address>0x400c</run_address>
         <size>0x24</size>
         <input_file_ref idref="fl-14f"/>
      </object_component>
      <object_component id="oc-102">
         <name>.text:delayUs</name>
         <load_address>0x4030</load_address>
         <run_address>0x4030</run_address>
         <size>0x24</size>
         <input_file_ref idref="fl-5"/>
      </object_component>
      <object_component id="oc-5c9">
         <name>.text:uDMAChannelControlSet</name>
         <load_address>0x4054</load_address>
         <run_address>0x4054</run_address>
         <size>0x24</size>
         <input_file_ref idref="fl-150"/>
      </object_component>
      <object_component id="oc-256">
         <name>.text:USBDHIDRxPacketAvailable</name>
         <load_address>0x4078</load_address>
         <run_address>0x4078</run_address>
         <size>0x22</size>
         <input_file_ref idref="fl-143"/>
      </object_component>
      <object_component id="oc-4fe">
         <name>.text:uDMAUSBChannelStatus</name>
         <load_address>0x409a</load_address>
         <run_address>0x409a</run_address>
         <size>0x22</size>
         <input_file_ref idref="fl-14b"/>
      </object_component>
      <object_component id="oc-574">
         <name>.text:GetEndpointFIFOSize</name>
         <load_address>0x40bc</load_address>
         <run_address>0x40bc</run_address>
         <size>0x20</size>
         <input_file_ref idref="fl-146"/>
      </object_component>
      <object_component id="oc-24c">
         <name>.text:USBStackModeSet</name>
         <load_address>0x40dc</load_address>
         <run_address>0x40dc</run_address>
         <size>0x20</size>
         <input_file_ref idref="fl-14a"/>
      </object_component>
      <object_component id="oc-6d">
         <name>.text:transmit0</name>
         <load_address>0x40fc</load_address>
         <run_address>0x40fc</run_address>
         <size>0x20</size>
         <input_file_ref idref="fl-5"/>
      </object_component>
      <object_component id="oc-66">
         <name>.text:transmit1</name>
         <load_address>0x411c</load_address>
         <run_address>0x411c</run_address>
         <size>0x20</size>
         <input_file_ref idref="fl-5"/>
      </object_component>
      <object_component id="oc-74">
         <name>.text:transmitStop</name>
         <load_address>0x413c</load_address>
         <run_address>0x413c</run_address>
         <size>0x20</size>
         <input_file_ref idref="fl-5"/>
      </object_component>
      <object_component id="oc-4a5">
         <name>.text:HandleDisconnect</name>
         <load_address>0x415c</load_address>
         <run_address>0x415c</run_address>
         <size>0x1e</size>
         <input_file_ref idref="fl-143"/>
      </object_component>
      <object_component id="oc-491">
         <name>.text:HandleEP0DataSent</name>
         <load_address>0x417a</load_address>
         <run_address>0x417a</run_address>
         <size>0x1e</size>
         <input_file_ref idref="fl-143"/>
      </object_component>
      <object_component id="oc-4c2">
         <name>.text:USBULPIRegRead</name>
         <load_address>0x4198</load_address>
         <run_address>0x4198</run_address>
         <size>0x1e</size>
         <input_file_ref idref="fl-14f"/>
      </object_component>
      <object_component id="oc-4c7">
         <name>.text:USBULPIRegWrite</name>
         <load_address>0x41b6</load_address>
         <run_address>0x41b6</run_address>
         <size>0x1e</size>
         <input_file_ref idref="fl-14f"/>
      </object_component>
      <object_component id="oc-3a7">
         <name>.text:ClearIdleTimers</name>
         <load_address>0x41d4</load_address>
         <run_address>0x41d4</run_address>
         <size>0x1c</size>
         <input_file_ref idref="fl-143"/>
      </object_component>
      <object_component id="oc-319">
         <name>.text:SetDeferredOpFlag</name>
         <load_address>0x41f0</load_address>
         <run_address>0x41f0</run_address>
         <size>0x1c</size>
         <input_file_ref idref="fl-143"/>
      </object_component>
      <object_component id="oc-277">
         <name>.text:SysCtlGPIOAHBEnable</name>
         <load_address>0x420c</load_address>
         <run_address>0x420c</run_address>
         <size>0x1c</size>
         <input_file_ref idref="fl-153"/>
      </object_component>
      <object_component id="oc-2d2">
         <name>.text:UARTDisable</name>
         <load_address>0x4228</load_address>
         <run_address>0x4228</run_address>
         <size>0x1c</size>
         <input_file_ref idref="fl-151"/>
      </object_component>
      <object_component id="oc-456">
         <name>.text:USBDCDConfigGetInterface</name>
         <load_address>0x4244</load_address>
         <run_address>0x4244</run_address>
         <size>0x1c</size>
         <input_file_ref idref="fl-147"/>
      </object_component>
      <object_component id="oc-2aa">
         <name>.text:USBDCDStallEP0</name>
         <load_address>0x4260</load_address>
         <run_address>0x4260</run_address>
         <size>0x1c</size>
         <input_file_ref idref="fl-145"/>
      </object_component>
      <object_component id="oc-2fd">
         <name>.text:USBEndpointDataAvail</name>
         <load_address>0x427c</load_address>
         <run_address>0x427c</run_address>
         <size>0x1c</size>
         <input_file_ref idref="fl-14f"/>
      </object_component>
      <object_component id="oc-5cf">
         <name>.text:USBEndpointDMAChannel</name>
         <load_address>0x4298</load_address>
         <run_address>0x4298</run_address>
         <size>0x1a</size>
         <input_file_ref idref="fl-14f"/>
      </object_component>
      <object_component id="oc-180">
         <name>.text:GPIOPinTypeGPIOOutput</name>
         <load_address>0x42b2</load_address>
         <run_address>0x42b2</run_address>
         <size>0x18</size>
         <input_file_ref idref="fl-155"/>
      </object_component>
      <object_component id="oc-2e">
         <name>.text:USB0DeviceIntHandler</name>
         <load_address>0x42cc</load_address>
         <run_address>0x42cc</run_address>
         <size>0x18</size>
         <input_file_ref idref="fl-144"/>
      </object_component>
      <object_component id="oc-2b4">
         <name>.text:USBDCDConfigDescGetSize</name>
         <load_address>0x42e4</load_address>
         <run_address>0x42e4</run_address>
         <size>0x18</size>
         <input_file_ref idref="fl-147"/>
      </object_component>
      <object_component id="oc-35f">
         <name>.text:USBDSetDescriptor</name>
         <load_address>0x42fc</load_address>
         <run_address>0x42fc</run_address>
         <size>0x18</size>
         <input_file_ref idref="fl-145"/>
      </object_component>
      <object_component id="oc-378">
         <name>.text:USBDSyncFrame</name>
         <load_address>0x4314</load_address>
         <run_address>0x4314</run_address>
         <size>0x18</size>
         <input_file_ref idref="fl-145"/>
      </object_component>
      <object_component id="oc-3a">
         <name>.text</name>
         <load_address>0x432c</load_address>
         <run_address>0x432c</run_address>
         <size>0x18</size>
         <input_file_ref idref="fl-140"/>
      </object_component>
      <object_component id="oc-5df">
         <name>.text:uDMAChannelDisable</name>
         <load_address>0x4344</load_address>
         <run_address>0x4344</run_address>
         <size>0x18</size>
         <input_file_ref idref="fl-150"/>
      </object_component>
      <object_component id="oc-5ef">
         <name>.text:uDMAChannelEnable</name>
         <load_address>0x435c</load_address>
         <run_address>0x435c</run_address>
         <size>0x18</size>
         <input_file_ref idref="fl-150"/>
      </object_component>
      <object_component id="oc-3c5">
         <name>.text:SysCtlUSBPLLEnable</name>
         <load_address>0x4374</load_address>
         <run_address>0x4374</run_address>
         <size>0x14</size>
         <input_file_ref idref="fl-153"/>
      </object_component>
      <object_component id="oc-226">
         <name>.text:UARTEnable</name>
         <load_address>0x4388</load_address>
         <run_address>0x4388</run_address>
         <size>0x14</size>
         <input_file_ref idref="fl-151"/>
      </object_component>
      <object_component id="oc-59e">
         <name>.text:USBDCDRequestDataEP0</name>
         <load_address>0x439c</load_address>
         <run_address>0x439c</run_address>
         <size>0x14</size>
         <input_file_ref idref="fl-145"/>
      </object_component>
      <object_component id="oc-598">
         <name>.text:USBDCDSendDataEP0</name>
         <load_address>0x43b0</load_address>
         <run_address>0x43b0</run_address>
         <size>0x14</size>
         <input_file_ref idref="fl-145"/>
      </object_component>
      <object_component id="oc-641">
         <name>.text:USBDMAChannelConfigSet</name>
         <load_address>0x43c4</load_address>
         <run_address>0x43c4</run_address>
         <size>0x14</size>
         <input_file_ref idref="fl-14f"/>
      </object_component>
      <object_component id="oc-1c1">
         <name>.text:USBHostResume</name>
         <load_address>0x43d8</load_address>
         <run_address>0x43d8</run_address>
         <size>0x14</size>
         <input_file_ref idref="fl-14f"/>
      </object_component>
      <object_component id="oc-401">
         <name>.text:USBIntEnableEndpoint</name>
         <load_address>0x43ec</load_address>
         <run_address>0x43ec</run_address>
         <size>0x14</size>
         <input_file_ref idref="fl-14f"/>
      </object_component>
      <object_component id="oc-65b">
         <name>.text:_USBIndexWrite</name>
         <load_address>0x4400</load_address>
         <run_address>0x4400</run_address>
         <size>0x14</size>
         <input_file_ref idref="fl-14f"/>
      </object_component>
      <object_component id="oc-19d">
         <name>.text</name>
         <load_address>0x4414</load_address>
         <run_address>0x4414</run_address>
         <size>0x14</size>
         <input_file_ref idref="fl-13f"/>
      </object_component>
      <object_component id="oc-a8">
         <name>.text:GPIOPinTypeGPIOInput</name>
         <load_address>0x4428</load_address>
         <run_address>0x4428</run_address>
         <size>0x12</size>
         <input_file_ref idref="fl-155"/>
      </object_component>
      <object_component id="oc-171">
         <name>.text:GPIOPinTypeUART</name>
         <load_address>0x443a</load_address>
         <run_address>0x443a</run_address>
         <size>0x12</size>
         <input_file_ref idref="fl-155"/>
      </object_component>
      <object_component id="oc-247">
         <name>.text:GPIOPinTypeUSBAnalog</name>
         <load_address>0x444c</load_address>
         <run_address>0x444c</run_address>
         <size>0x12</size>
         <input_file_ref idref="fl-155"/>
      </object_component>
      <object_component id="oc-4a0">
         <name>.text:HandleResume</name>
         <load_address>0x445e</load_address>
         <run_address>0x445e</run_address>
         <size>0x12</size>
         <input_file_ref idref="fl-143"/>
      </object_component>
      <object_component id="oc-49b">
         <name>.text:HandleSuspend</name>
         <load_address>0x4470</load_address>
         <run_address>0x4470</run_address>
         <size>0x12</size>
         <input_file_ref idref="fl-143"/>
      </object_component>
      <object_component id="oc-99">
         <name>.text:TimerLoadSet</name>
         <load_address>0x4482</load_address>
         <run_address>0x4482</run_address>
         <size>0x12</size>
         <input_file_ref idref="fl-152"/>
      </object_component>
      <object_component id="oc-619">
         <name>.text:USBDMAChannelDisable</name>
         <load_address>0x4494</load_address>
         <run_address>0x4494</run_address>
         <size>0x12</size>
         <input_file_ref idref="fl-14f"/>
      </object_component>
      <object_component id="oc-646">
         <name>.text:USBDMAChannelEnable</name>
         <load_address>0x44a6</load_address>
         <run_address>0x44a6</run_address>
         <size>0x12</size>
         <input_file_ref idref="fl-14f"/>
      </object_component>
      <object_component id="oc-631">
         <name>.text:USBDMAChannelIntDisable</name>
         <load_address>0x44b8</load_address>
         <run_address>0x44b8</run_address>
         <size>0x12</size>
         <input_file_ref idref="fl-14f"/>
      </object_component>
      <object_component id="oc-62b">
         <name>.text:USBDMAChannelIntEnable</name>
         <load_address>0x44ca</load_address>
         <run_address>0x44ca</run_address>
         <size>0x12</size>
         <input_file_ref idref="fl-14f"/>
      </object_component>
      <object_component id="oc-19">
         <name>.text:decompress:ZI</name>
         <load_address>0x44dc</load_address>
         <run_address>0x44dc</run_address>
         <size>0x12</size>
         <input_file_ref idref="fl-13a"/>
      </object_component>
      <object_component id="oc-a3">
         <name>.text:IntMasterEnable</name>
         <load_address>0x44ee</load_address>
         <run_address>0x44ee</run_address>
         <size>0x10</size>
         <input_file_ref idref="fl-154"/>
      </object_component>
      <object_component id="oc-1ce">
         <name>.text:USBEndpointStatus</name>
         <load_address>0x44fe</load_address>
         <run_address>0x44fe</run_address>
         <size>0x10</size>
         <input_file_ref idref="fl-14f"/>
      </object_component>
      <object_component id="oc-50d">
         <name>.text:DMAUSBIntStatusClear</name>
         <load_address>0x450e</load_address>
         <run_address>0x450e</run_address>
         <size>0xe</size>
         <input_file_ref idref="fl-14b"/>
      </object_component>
      <object_component id="oc-25b">
         <name>.text:USBDHIDTxPacketAvailable</name>
         <load_address>0x451c</load_address>
         <run_address>0x451c</run_address>
         <size>0xe</size>
         <input_file_ref idref="fl-143"/>
      </object_component>
      <object_component id="oc-61f">
         <name>.text:USBDMAChannelStatus</name>
         <load_address>0x452a</load_address>
         <run_address>0x452a</run_address>
         <size>0xe</size>
         <input_file_ref idref="fl-14f"/>
      </object_component>
      <object_component id="oc-3e8">
         <name>.text:USBDevLPMDisable</name>
         <load_address>0x4538</load_address>
         <run_address>0x4538</run_address>
         <size>0xe</size>
         <input_file_ref idref="fl-14f"/>
      </object_component>
      <object_component id="oc-146">
         <name>.text:USBDevLPMEnable</name>
         <load_address>0x4546</load_address>
         <run_address>0x4546</run_address>
         <size>0xe</size>
         <input_file_ref idref="fl-14f"/>
      </object_component>
      <object_component id="oc-3d9">
         <name>.text:USBULPIDisable</name>
         <load_address>0x4554</load_address>
         <run_address>0x4554</run_address>
         <size>0xe</size>
         <input_file_ref idref="fl-14f"/>
      </object_component>
      <object_component id="oc-3cf">
         <name>.text:USBULPIEnable</name>
         <load_address>0x4562</load_address>
         <run_address>0x4562</run_address>
         <size>0xe</size>
         <input_file_ref idref="fl-14f"/>
      </object_component>
      <object_component id="oc-14">
         <name>.text:decompress:none</name>
         <load_address>0x4570</load_address>
         <run_address>0x4570</run_address>
         <size>0xe</size>
         <input_file_ref idref="fl-138"/>
      </object_component>
      <object_component id="oc-119">
         <name>.text:CPUcpsie</name>
         <load_address>0x457e</load_address>
         <run_address>0x457e</run_address>
         <size>0xc</size>
         <input_file_ref idref="fl-156"/>
      </object_component>
      <object_component id="oc-b2">
         <name>.text:GPIOIntEnable</name>
         <load_address>0x458a</load_address>
         <run_address>0x458a</run_address>
         <size>0xc</size>
         <input_file_ref idref="fl-155"/>
      </object_component>
      <object_component id="oc-60c">
         <name>.text:USBEndpointPacketCountSet</name>
         <load_address>0x4596</load_address>
         <run_address>0x4596</run_address>
         <size>0xc</size>
         <input_file_ref idref="fl-14f"/>
      </object_component>
      <object_component id="oc-3f2">
         <name>.text:USBLPMIntEnable</name>
         <load_address>0x45a2</load_address>
         <run_address>0x45a2</run_address>
         <size>0xc</size>
         <input_file_ref idref="fl-14f"/>
      </object_component>
      <object_component id="oc-24">
         <name>.text</name>
         <load_address>0x45ae</load_address>
         <run_address>0x45ae</run_address>
         <size>0xc</size>
         <input_file_ref idref="fl-4"/>
      </object_component>
      <object_component id="oc-230">
         <name>.text:UARTCharGet</name>
         <load_address>0x45ba</load_address>
         <run_address>0x45ba</run_address>
         <size>0xa</size>
         <input_file_ref idref="fl-151"/>
      </object_component>
      <object_component id="oc-22b">
         <name>.text:UARTCharPut</name>
         <load_address>0x45c4</load_address>
         <run_address>0x45c4</run_address>
         <size>0xa</size>
         <input_file_ref idref="fl-151"/>
      </object_component>
      <object_component id="oc-3ca">
         <name>.text:USBClockEnable</name>
         <load_address>0x45ce</load_address>
         <run_address>0x45ce</run_address>
         <size>0xa</size>
         <input_file_ref idref="fl-14f"/>
      </object_component>
      <object_component id="oc-4d4">
         <name>.text:USBControllerVersion</name>
         <load_address>0x45d8</load_address>
         <run_address>0x45d8</run_address>
         <size>0xa</size>
         <input_file_ref idref="fl-14f"/>
      </object_component>
      <object_component id="oc-637">
         <name>.text:USBDMAChannelAddressSet</name>
         <load_address>0x45e2</load_address>
         <run_address>0x45e2</run_address>
         <size>0xa</size>
         <input_file_ref idref="fl-14f"/>
      </object_component>
      <object_component id="oc-63c">
         <name>.text:USBDMAChannelCountSet</name>
         <load_address>0x45ec</load_address>
         <run_address>0x45ec</run_address>
         <size>0xa</size>
         <input_file_ref idref="fl-14f"/>
      </object_component>
      <object_component id="oc-406">
         <name>.text:USBDevConnect</name>
         <load_address>0x45f6</load_address>
         <run_address>0x45f6</run_address>
         <size>0xa</size>
         <input_file_ref idref="fl-14f"/>
      </object_component>
      <object_component id="oc-155">
         <name>.text:USBDevDisconnect</name>
         <load_address>0x4600</load_address>
         <run_address>0x4600</run_address>
         <size>0xa</size>
         <input_file_ref idref="fl-14f"/>
      </object_component>
      <object_component id="oc-14b">
         <name>.text:USBIntStatusEndpoint</name>
         <load_address>0x460a</load_address>
         <run_address>0x460a</run_address>
         <size>0xa</size>
         <input_file_ref idref="fl-14f"/>
      </object_component>
      <object_component id="oc-9e">
         <name>.text:TimerIntEnable</name>
         <load_address>0x4614</load_address>
         <run_address>0x4614</run_address>
         <size>0x8</size>
         <input_file_ref idref="fl-152"/>
      </object_component>
      <object_component id="oc-3e3">
         <name>.text:USBDevMode</name>
         <load_address>0x461c</load_address>
         <run_address>0x461c</run_address>
         <size>0x8</size>
         <input_file_ref idref="fl-14f"/>
      </object_component>
      <object_component id="oc-602">
         <name>.text:USBFIFOAddrGet</name>
         <load_address>0x4624</load_address>
         <run_address>0x4624</run_address>
         <size>0x8</size>
         <input_file_ref idref="fl-14f"/>
      </object_component>
      <object_component id="oc-3de">
         <name>.text:USBOTGMode</name>
         <load_address>0x462c</load_address>
         <run_address>0x462c</run_address>
         <size>0x8</size>
         <input_file_ref idref="fl-14f"/>
      </object_component>
      <object_component id="oc-53a">
         <name>.text:iDMAUSBChannelIntDisable</name>
         <load_address>0x4634</load_address>
         <run_address>0x4634</run_address>
         <size>0x8</size>
         <input_file_ref idref="fl-14b"/>
      </object_component>
      <object_component id="oc-535">
         <name>.text:iDMAUSBChannelIntEnable</name>
         <load_address>0x463c</load_address>
         <run_address>0x463c</run_address>
         <size>0x8</size>
         <input_file_ref idref="fl-14b"/>
      </object_component>
      <object_component id="oc-85">
         <name>.text:GPIOIntClear</name>
         <load_address>0x4644</load_address>
         <run_address>0x4644</run_address>
         <size>0x6</size>
         <input_file_ref idref="fl-155"/>
      </object_component>
      <object_component id="oc-185">
         <name>.text:GPIOPinWrite</name>
         <load_address>0x464a</load_address>
         <run_address>0x464a</run_address>
         <size>0x6</size>
         <input_file_ref idref="fl-155"/>
      </object_component>
      <object_component id="oc-16b">
         <name>.text:SysCtlDelay</name>
         <load_address>0x4650</load_address>
         <run_address>0x4650</run_address>
         <size>0x6</size>
         <input_file_ref idref="fl-153"/>
      </object_component>
      <object_component id="oc-625">
         <name>.text:USBDMAChannelIntStatus</name>
         <load_address>0x4656</load_address>
         <run_address>0x4656</run_address>
         <size>0x6</size>
         <input_file_ref idref="fl-14f"/>
      </object_component>
      <object_component id="oc-3ed">
         <name>.text:USBDevLPMConfig</name>
         <load_address>0x465c</load_address>
         <run_address>0x465c</run_address>
         <size>0x6</size>
         <input_file_ref idref="fl-14f"/>
      </object_component>
      <object_component id="oc-141">
         <name>.text:USBLPMIntStatus</name>
         <load_address>0x4662</load_address>
         <run_address>0x4662</run_address>
         <size>0x6</size>
         <input_file_ref idref="fl-14f"/>
      </object_component>
      <object_component id="oc-1e">
         <name>.text:decompress:rle24</name>
         <load_address>0x4668</load_address>
         <run_address>0x4668</run_address>
         <size>0x6</size>
         <input_file_ref idref="fl-139"/>
      </object_component>
      <object_component id="oc-530">
         <name>.text:iDMAUSBIntStatus</name>
         <load_address>0x466e</load_address>
         <run_address>0x466e</run_address>
         <size>0x6</size>
         <input_file_ref idref="fl-14b"/>
      </object_component>
      <object_component id="oc-512">
         <name>.text:DMAUSBStatus</name>
         <load_address>0x4674</load_address>
         <run_address>0x4674</run_address>
         <size>0x4</size>
         <input_file_ref idref="fl-14b"/>
      </object_component>
      <object_component id="oc-496">
         <name>.text:HandleReset</name>
         <load_address>0x4678</load_address>
         <run_address>0x4678</run_address>
         <size>0x4</size>
         <input_file_ref idref="fl-143"/>
      </object_component>
      <object_component id="oc-1d8">
         <name>.text:USBDevAddrSet</name>
         <load_address>0x467c</load_address>
         <run_address>0x467c</run_address>
         <size>0x4</size>
         <input_file_ref idref="fl-14f"/>
      </object_component>
      <object_component id="oc-218">
         <name>.const:g_pui32GPIOBaseAddrs</name>
         <load_address>0x4680</load_address>
         <run_address>0x4680</run_address>
         <size>0x90</size>
         <input_file_ref idref="fl-155"/>
      </object_component>
      <object_component id="oc-109">
         <name>.const</name>
         <load_address>0x4710</load_address>
         <run_address>0x4710</run_address>
         <size>0x70</size>
         <input_file_ref idref="fl-154"/>
      </object_component>
      <object_component id="oc-114">
         <name>.const:g_pui32Xtals</name>
         <load_address>0x4780</load_address>
         <run_address>0x4780</run_address>
         <size>0x6c</size>
         <input_file_ref idref="fl-153"/>
      </object_component>
      <object_component id="oc-430">
         <name>.const:.string</name>
         <load_address>0x47ec</load_address>
         <run_address>0x47ec</run_address>
         <size>0x60</size>
         <input_file_ref idref="fl-6"/>
      </object_component>
      <object_component id="oc-31f">
         <name>.const</name>
         <load_address>0x484c</load_address>
         <run_address>0x484c</run_address>
         <size>0x4c</size>
         <input_file_ref idref="fl-6"/>
      </object_component>
      <object_component id="oc-434">
         <name>.const:.string:hidReportDescriptor</name>
         <load_address>0x4898</load_address>
         <run_address>0x4898</run_address>
         <size>0x3e</size>
         <input_file_ref idref="fl-6"/>
      </object_component>
      <object_component id="oc-2b1">
         <name>.const:g_psUSBDStdRequests</name>
         <load_address>0x48d8</load_address>
         <run_address>0x48d8</run_address>
         <size>0x34</size>
         <input_file_ref idref="fl-145"/>
      </object_component>
      <object_component id="oc-3b6">
         <name>.const:g_sHIDHandlers</name>
         <load_address>0x490c</load_address>
         <run_address>0x490c</run_address>
         <size>0x30</size>
         <input_file_ref idref="fl-143"/>
      </object_component>
      <object_component id="oc-432">
         <name>.const:.string:configString</name>
         <load_address>0x493c</load_address>
         <run_address>0x493c</run_address>
         <size>0x2e</size>
         <input_file_ref idref="fl-6"/>
      </object_component>
      <object_component id="oc-235">
         <name>.const</name>
         <load_address>0x496c</load_address>
         <run_address>0x496c</run_address>
         <size>0x1c</size>
         <input_file_ref idref="fl-3"/>
      </object_component>
      <object_component id="oc-304">
         <name>.const</name>
         <load_address>0x4988</load_address>
         <run_address>0x4988</run_address>
         <size>0x1c</size>
         <input_file_ref idref="fl-2"/>
      </object_component>
      <object_component id="oc-2dc">
         <name>.const:.string</name>
         <load_address>0x49a4</load_address>
         <run_address>0x49a4</run_address>
         <size>0x12</size>
         <input_file_ref idref="fl-3"/>
      </object_component>
      <object_component id="oc-428">
         <name>.const:.string</name>
         <load_address>0x49b8</load_address>
         <run_address>0x49b8</run_address>
         <size>0x12</size>
         <input_file_ref idref="fl-2"/>
      </object_component>
      <object_component id="oc-6c6">
         <name>.cinit..data.load</name>
         <load_address>0x49d0</load_address>
         <run_address>0x49d0</run_address>
         <size>0xae</size>
      </object_component>
      <object_component id="oc-6c4">
         <name>__TI_handler_table</name>
         <load_address>0x4a80</load_address>
         <run_address>0x4a80</run_address>
         <size>0xc</size>
      </object_component>
      <object_component id="oc-6c7">
         <name>.cinit..bss.load</name>
         <load_address>0x4a90</load_address>
         <run_address>0x4a90</run_address>
         <size>0x8</size>
      </object_component>
      <object_component id="oc-6c5">
         <name>__TI_cinit_table</name>
         <load_address>0x4a98</load_address>
         <run_address>0x4a98</run_address>
         <size>0x10</size>
      </object_component>
      <object_component id="oc-44">
         <name>.data</name>
         <load_address>0x20000b30</load_address>
         <run_address>0x20000b30</run_address>
         <size>0x4</size>
         <input_file_ref idref="fl-13d"/>
      </object_component>
      <object_component id="oc-c1">
         <name>.data</name>
         <load_address>0x20000aea</load_address>
         <run_address>0x20000aea</run_address>
         <size>0x1</size>
         <input_file_ref idref="fl-5"/>
      </object_component>
      <object_component id="oc-e8">
         <name>.data</name>
         <load_address>0x20000b18</load_address>
         <run_address>0x20000b18</run_address>
         <size>0x8</size>
         <input_file_ref idref="fl-13f"/>
      </object_component>
      <object_component id="oc-ea">
         <name>.data</name>
         <load_address>0x20000b20</load_address>
         <run_address>0x20000b20</run_address>
         <size>0x8</size>
         <input_file_ref idref="fl-13b"/>
      </object_component>
      <object_component id="oc-15e">
         <name>.data</name>
         <load_address>0x20000b00</load_address>
         <run_address>0x20000b00</run_address>
         <size>0xc</size>
         <input_file_ref idref="fl-149"/>
      </object_component>
      <object_component id="oc-160">
         <name>.data</name>
         <load_address>0x20000b28</load_address>
         <run_address>0x20000b28</run_address>
         <size>0x8</size>
         <input_file_ref idref="fl-145"/>
      </object_component>
      <object_component id="oc-237">
         <name>.data</name>
         <load_address>0x20000b34</load_address>
         <run_address>0x20000b34</run_address>
         <size>0x4</size>
         <input_file_ref idref="fl-3"/>
      </object_component>
      <object_component id="oc-26f">
         <name>.data:hidDevice</name>
         <load_address>0x20000a3c</load_address>
         <run_address>0x20000a3c</run_address>
         <size>0x6c</size>
         <input_file_ref idref="fl-6"/>
      </object_component>
      <object_component id="oc-271">
         <name>.data</name>
         <load_address>0x20000aa8</load_address>
         <run_address>0x20000aa8</run_address>
         <size>0x42</size>
         <input_file_ref idref="fl-6"/>
      </object_component>
      <object_component id="oc-2e6">
         <name>.data</name>
         <load_address>0x20000b0c</load_address>
         <run_address>0x20000b0c</run_address>
         <size>0x9</size>
         <input_file_ref idref="fl-14a"/>
      </object_component>
      <object_component id="oc-306">
         <name>.data</name>
         <load_address>0x20000b38</load_address>
         <run_address>0x20000b38</run_address>
         <size>0x4</size>
         <input_file_ref idref="fl-2"/>
      </object_component>
      <object_component id="oc-3b8">
         <name>.data</name>
         <load_address>0x20000aec</load_address>
         <run_address>0x20000aec</run_address>
         <size>0x12</size>
         <input_file_ref idref="fl-143"/>
      </object_component>
      <object_component id="oc-15a">
         <name>.bss</name>
         <uninitialized>true</uninitialized>
         <run_address>0x20000a1c</run_address>
         <size>0x8</size>
         <input_file_ref idref="fl-145"/>
      </object_component>
      <object_component id="oc-15c">
         <name>.bss:g_psDCDInst</name>
         <uninitialized>true</uninitialized>
         <run_address>0x20000910</run_address>
         <size>0x50</size>
         <input_file_ref idref="fl-145"/>
      </object_component>
      <object_component id="oc-1c7">
         <name>.bss</name>
         <uninitialized>true</uninitialized>
         <run_address>0x200009e0</run_address>
         <size>0x30</size>
         <input_file_ref idref="fl-149"/>
      </object_component>
      <object_component id="oc-273">
         <name>.bss:readBuffer</name>
         <uninitialized>true</uninitialized>
         <run_address>0x200009a0</run_address>
         <size>0x40</size>
         <input_file_ref idref="fl-6"/>
      </object_component>
      <object_component id="oc-2af">
         <name>.bss:g_pui8DataBufferIn</name>
         <uninitialized>true</uninitialized>
         <run_address>0x20000960</run_address>
         <size>0x40</size>
         <input_file_ref idref="fl-145"/>
      </object_component>
      <object_component id="oc-2e8">
         <name>.bss</name>
         <uninitialized>true</uninitialized>
         <run_address>0x20000a10</run_address>
         <size>0xc</size>
         <input_file_ref idref="fl-14a"/>
      </object_component>
      <object_component id="oc-4d9">
         <name>.bss:g_psUSBDMAInst</name>
         <uninitialized>true</uninitialized>
         <run_address>0x20000800</run_address>
         <size>0x110</size>
         <input_file_ref idref="fl-14b"/>
      </object_component>
      <object_component id="oc-bd">
         <name>.common:currentBit</name>
         <uninitialized>true</uninitialized>
         <run_address>0x20000a34</run_address>
         <size>0x1</size>
      </object_component>
      <object_component id="oc-b7">
         <name>.common:currentByteNumber</name>
         <uninitialized>true</uninitialized>
         <run_address>0x20000a24</run_address>
         <size>0x4</size>
      </object_component>
      <object_component id="oc-1a9">
         <name>.common:interruptCount</name>
         <uninitialized>true</uninitialized>
         <run_address>0x20000a2c</run_address>
         <size>0x4</size>
      </object_component>
      <object_component id="oc-c0">
         <name>.common:data</name>
         <uninitialized>true</uninitialized>
         <run_address>0x20000a37</run_address>
         <size>0x1</size>
      </object_component>
      <object_component id="oc-bc">
         <name>.common:newBit</name>
         <uninitialized>true</uninitialized>
         <run_address>0x20000a38</run_address>
         <size>0x1</size>
      </object_component>
      <object_component id="oc-be">
         <name>.common:lowTime</name>
         <uninitialized>true</uninitialized>
         <run_address>0x20000a30</run_address>
         <size>0x4</size>
      </object_component>
      <object_component id="oc-bf">
         <name>.common:highTime</name>
         <uninitialized>true</uninitialized>
         <run_address>0x20000a28</run_address>
         <size>0x4</size>
      </object_component>
      <object_component id="oc-ba">
         <name>.common:currentByte</name>
         <uninitialized>true</uninitialized>
         <run_address>0x20000a36</run_address>
         <size>0x1</size>
      </object_component>
      <object_component id="oc-bb">
         <name>.common:currentBitMask</name>
         <uninitialized>true</uninitialized>
         <run_address>0x20000a35</run_address>
         <size>0x1</size>
      </object_component>
      <object_component id="oc-23">
         <name>.stack</name>
         <uninitialized>true</uninitialized>
         <run_address>0x20000000</run_address>
         <size>0x0</size>
         <input_file_ref idref="fl-137"/>
      </object_component>
      <object_component id="oc-6c8">
         <name>.stack</name>
         <uninitialized>true</uninitialized>
         <run_address>0x20000000</run_address>
         <size>0x0</size>
      </object_component>
      <object_component id="oc-f">
         <name>.debug_info</name>
         <load_address>0x0</load_address>
         <run_address>0x0</run_address>
         <size>0xe3</size>
         <input_file_ref idref="fl-4"/>
      </object_component>
      <object_component id="oc-12">
         <name>.debug_info</name>
         <load_address>0xe3</load_address>
         <run_address>0xe3</run_address>
         <size>0xf3</size>
         <input_file_ref idref="fl-137"/>
      </object_component>
      <object_component id="oc-15">
         <name>.debug_info</name>
         <load_address>0x1d6</load_address>
         <run_address>0x1d6</run_address>
         <size>0x194</size>
         <input_file_ref idref="fl-138"/>
      </object_component>
      <object_component id="oc-1a">
         <name>.debug_info</name>
         <load_address>0x36a</load_address>
         <run_address>0x36a</run_address>
         <size>0x16a</size>
         <input_file_ref idref="fl-13a"/>
      </object_component>
      <object_component id="oc-1f">
         <name>.debug_info</name>
         <load_address>0x4d4</load_address>
         <run_address>0x4d4</run_address>
         <size>0x18e</size>
         <input_file_ref idref="fl-139"/>
      </object_component>
      <object_component id="oc-25">
         <name>.debug_info</name>
         <load_address>0x662</load_address>
         <run_address>0x662</run_address>
         <size>0x25f</size>
         <input_file_ref idref="fl-4"/>
      </object_component>
      <object_component id="oc-2a">
         <name>.debug_info</name>
         <load_address>0x8c1</load_address>
         <run_address>0x8c1</run_address>
         <size>0x46c</size>
         <input_file_ref idref="fl-5"/>
      </object_component>
      <object_component id="oc-2f">
         <name>.debug_info</name>
         <load_address>0xd2d</load_address>
         <run_address>0xd2d</run_address>
         <size>0x1e4</size>
         <input_file_ref idref="fl-144"/>
      </object_component>
      <object_component id="oc-35">
         <name>.debug_info</name>
         <load_address>0xf11</load_address>
         <run_address>0xf11</run_address>
         <size>0x17c</size>
         <input_file_ref idref="fl-4"/>
      </object_component>
      <object_component id="oc-37">
         <name>.debug_info</name>
         <load_address>0x108d</load_address>
         <run_address>0x108d</run_address>
         <size>0x13d</size>
         <input_file_ref idref="fl-141"/>
      </object_component>
      <object_component id="oc-3b">
         <name>.debug_info</name>
         <load_address>0x11ca</load_address>
         <run_address>0x11ca</run_address>
         <size>0x11c</size>
         <input_file_ref idref="fl-140"/>
      </object_component>
      <object_component id="oc-40">
         <name>.debug_info</name>
         <load_address>0x12e6</load_address>
         <run_address>0x12e6</run_address>
         <size>0x1c2</size>
         <input_file_ref idref="fl-13b"/>
      </object_component>
      <object_component id="oc-45">
         <name>.debug_info</name>
         <load_address>0x14a8</load_address>
         <run_address>0x14a8</run_address>
         <size>0xbe</size>
         <input_file_ref idref="fl-13d"/>
      </object_component>
      <object_component id="oc-48">
         <name>.debug_info</name>
         <load_address>0x1566</load_address>
         <run_address>0x1566</run_address>
         <size>0xcc</size>
         <input_file_ref idref="fl-13c"/>
      </object_component>
      <object_component id="oc-4c">
         <name>.debug_info</name>
         <load_address>0x1632</load_address>
         <run_address>0x1632</run_address>
         <size>0x46</size>
         <input_file_ref idref="fl-138"/>
      </object_component>
      <object_component id="oc-51">
         <name>.debug_info</name>
         <load_address>0x1678</load_address>
         <run_address>0x1678</run_address>
         <size>0xf2</size>
         <input_file_ref idref="fl-138"/>
      </object_component>
      <object_component id="oc-53">
         <name>.debug_info</name>
         <load_address>0x176a</load_address>
         <run_address>0x176a</run_address>
         <size>0x46</size>
         <input_file_ref idref="fl-13a"/>
      </object_component>
      <object_component id="oc-58">
         <name>.debug_info</name>
         <load_address>0x17b0</load_address>
         <run_address>0x17b0</run_address>
         <size>0xad</size>
         <input_file_ref idref="fl-13a"/>
      </object_component>
      <object_component id="oc-5a">
         <name>.debug_info</name>
         <load_address>0x185d</load_address>
         <run_address>0x185d</run_address>
         <size>0x1ef</size>
         <input_file_ref idref="fl-139"/>
      </object_component>
      <object_component id="oc-5f">
         <name>.debug_info</name>
         <load_address>0x1a4c</load_address>
[...]
         <value>0x43b1</value>
         <object_component_ref idref="oc-598"/>
      </symbol>
      <symbol id="sm-715">
         <name>USBDCDStallEP0</name>
         <value>0x4261</value>
         <object_component_ref idref="oc-2aa"/>
      </symbol>
      <symbol id="sm-716">
         <name>USBDCDRequestDataEP0</name>
         <value>0x439d</value>
         <object_component_ref idref="oc-59e"/>
      </symbol>
      <symbol id="sm-717">
         <name>g_ppsDevInfo</name>
         <value>0x20000a20</value>
         <object_component_ref idref="oc-15a"/>
      </symbol>
      <symbol id="sm-718">
         <name>USBDeviceEnumHandler</name>
         <value>0x21e1</value>
         <object_component_ref idref="oc-150"/>
      </symbol>
      <symbol id="sm-719">
         <name>USBDCDInit</name>
         <value>0x1605</value>
         <object_component_ref idref="oc-2f6"/>
      </symbol>
      <symbol id="sm-71a">
         <name>USBDeviceEnumResetHandler</name>
         <value>0x3749</value>
         <object_component_ref idref="oc-132"/>
      </symbol>
      <symbol id="sm-71b">
         <name>g_psDCDInst</name>
         <value>0x20000910</value>
         <object_component_ref idref="oc-15c"/>
      </symbol>
      <symbol id="sm-71c">
         <name>USBDCDDeviceInfoInit</name>
         <value>0x3705</value>
         <object_component_ref idref="oc-3a2"/>
      </symbol>
      <symbol id="sm-71d">
         <name>USBDeviceIntHandlerInternal</name>
         <value>0x188d</value>
         <object_component_ref idref="oc-ce"/>
      </symbol>
      <symbol id="sm-71e">
         <name>USBDeviceResumeTickHandler</name>
         <value>0x33cd</value>
         <object_component_ref idref="oc-137"/>
      </symbol>
      <symbol id="sm-7b2">
         <name>USBDeviceConfigAlternate</name>
         <value>0x27dd</value>
         <object_component_ref idref="oc-45b"/>
      </symbol>
      <symbol id="sm-7b3">
         <name>USBDeviceConfig</name>
         <value>0x174d</value>
         <object_component_ref idref="oc-44a"/>
      </symbol>
      <symbol id="sm-829">
         <name>USBDCDConfigDescGet</name>
         <value>0x337d</value>
         <object_component_ref idref="oc-565"/>
      </symbol>
      <symbol id="sm-82a">
         <name>USBDCDConfigGetInterface</name>
         <value>0x4245</value>
         <object_component_ref idref="oc-456"/>
      </symbol>
      <symbol id="sm-82b">
         <name>USBDCDConfigDescGetSize</name>
         <value>0x42e5</value>
         <object_component_ref idref="oc-2b4"/>
      </symbol>
      <symbol id="sm-82c">
         <name>USBDCDConfigGetInterfaceEndpoint</name>
         <value>0x399f</value>
         <object_component_ref idref="oc-39d"/>
      </symbol>
      <symbol id="sm-82d">
         <name>USBDCDConfigDescGetNum</name>
         <value>0x3e61</value>
         <object_component_ref idref="oc-451"/>
      </symbol>
      <symbol id="sm-839">
         <name>ULPIConfigSet</name>
         <value>0x32db</value>
         <object_component_ref idref="oc-3d4"/>
      </symbol>
      <symbol id="sm-886">
         <name>g_ui32USBSOFCount</name>
         <value>0x20000b08</value>
         <object_component_ref idref="oc-15e"/>
      </symbol>
      <symbol id="sm-887">
         <name>g_pvTickInstance</name>
         <value>0x200009f8</value>
         <object_component_ref idref="oc-1c7"/>
      </symbol>
      <symbol id="sm-888">
         <name>g_bUSBTimerInitialized</name>
         <value>0x20000b00</value>
         <object_component_ref idref="oc-15e"/>
      </symbol>
      <symbol id="sm-889">
         <name>g_ui32CurrentUSBTick</name>
         <value>0x20000b04</value>
         <object_component_ref idref="oc-15e"/>
      </symbol>
      <symbol id="sm-88a">
         <name>InternalUSBStartOfFrameTick</name>
         <value>0x3b5d</value>
         <object_component_ref idref="oc-13c"/>
      </symbol>
      <symbol id="sm-88b">
         <name>g_pfnTickHandlers</name>
         <value>0x200009e0</value>
         <object_component_ref idref="oc-1c7"/>
      </symbol>
      <symbol id="sm-88c">
         <name>InternalUSBRegisterTickHandler</name>
         <value>0x3b29</value>
         <object_component_ref idref="oc-3b1"/>
      </symbol>
      <symbol id="sm-88d">
         <name>InternalUSBTickInit</name>
         <value>0x3d21</value>
         <object_component_ref idref="oc-3ac"/>
      </symbol>
      <symbol id="sm-8c3">
         <name>g_eOTGModeState</name>
         <value>0x20000a14</value>
         <object_component_ref idref="oc-2e8"/>
      </symbol>
      <symbol id="sm-8c4">
         <name>g_ui32PollRate</name>
         <value>0x20000a10</value>
         <object_component_ref idref="oc-2e8"/>
      </symbol>
      <symbol id="sm-8c5">
         <name>g_iUSBMode</name>
         <value>0x20000b0c</value>
         <object_component_ref idref="oc-2e6"/>
      </symbol>
      <symbol id="sm-8c6">
         <name>USBStackModeSet</name>
         <value>0x40dd</value>
         <object_component_ref idref="oc-24c"/>
      </symbol>
      <symbol id="sm-8c7">
         <name>g_ui32WaitTicks</name>
         <value>0x20000b10</value>
         <object_component_ref idref="oc-2e6"/>
      </symbol>
      <symbol id="sm-a06">
         <name>USBLibDMAInit</name>
         <value>0x14a5</value>
         <object_component_ref idref="oc-3f7"/>
      </symbol>
      <symbol id="sm-a39">
         <name>USBDescGet</name>
         <value>0x3ddf</value>
         <object_component_ref idref="oc-652"/>
      </symbol>
      <symbol id="sm-a3a">
         <name>USBDescGetNum</name>
         <value>0x3e8b</value>
         <object_component_ref idref="oc-580"/>
      </symbol>
      <symbol id="sm-bc0">
         <name>USBLPMIntEnable</name>
         <value>0x45a3</value>
         <object_component_ref idref="oc-3f2"/>
      </symbol>
      <symbol id="sm-bc1">
         <name>USBEndpointDataAvail</name>
         <value>0x427d</value>
         <object_component_ref idref="oc-2fd"/>
      </symbol>
      <symbol id="sm-bc2">
         <name>USBClockEnable</name>
         <value>0x45cf</value>
         <object_component_ref idref="oc-3ca"/>
      </symbol>
      <symbol id="sm-bc3">
         <name>USBDevDisconnect</name>
         <value>0x4601</value>
         <object_component_ref idref="oc-155"/>
      </symbol>
      <symbol id="sm-bc4">
         <name>USBDevEndpointStallClear</name>
         <value>0x341d</value>
         <object_component_ref idref="oc-43a"/>
      </symbol>
      <symbol id="sm-bc5">
         <name>USBEndpointDataPut</name>
         <value>0x3d81</value>
         <object_component_ref idref="oc-2b9"/>
      </symbol>
      <symbol id="sm-bc6">
         <name>USBDMAChannelIntStatus</name>
         <value>0x4657</value>
         <object_component_ref idref="oc-625"/>
      </symbol>
      <symbol id="sm-bc7">
         <name>USBDevAddrSet</name>
         <value>0x467d</value>
         <object_component_ref idref="oc-1d8"/>
      </symbol>
      <symbol id="sm-bc8">
         <name>USBDMAChannelCountSet</name>
         <value>0x45ed</value>
         <object_component_ref idref="oc-63c"/>
      </symbol>
      <symbol id="sm-bc9">
         <name>USBLPMIntStatus</name>
         <value>0x4663</value>
         <object_component_ref idref="oc-141"/>
      </symbol>
      <symbol id="sm-bca">
         <name>USBDMAChannelAddressSet</name>
         <value>0x45e3</value>
         <object_component_ref idref="oc-637"/>
      </symbol>
      <symbol id="sm-bcb">
         <name>USBULPIDisable</name>
         <value>0x4555</value>
         <object_component_ref idref="oc-3d9"/>
      </symbol>
      <symbol id="sm-bcc">
         <name>USBIntStatusControl</name>
         <value>0x3a85</value>
         <object_component_ref idref="oc-c9"/>
      </symbol>
      <symbol id="sm-bcd">
         <name>USBEndpointDMADisable</name>
         <value>0x3fe9</value>
         <object_component_ref idref="oc-5d9"/>
      </symbol>
      <symbol id="sm-bce">
         <name>USBDevEndpointDataAck</name>
         <value>0x3fc5</value>
         <object_component_ref idref="oc-1e2"/>
      </symbol>
      <symbol id="sm-bcf">
         <name>USBOTGMode</name>
         <value>0x462d</value>
         <object_component_ref idref="oc-3de"/>
      </symbol>
      <symbol id="sm-bd0">
         <name>USBDMAChannelConfigSet</name>
         <value>0x43c5</value>
         <object_component_ref idref="oc-641"/>
      </symbol>
      <symbol id="sm-bd1">
         <name>USBULPIRegRead</name>
         <value>0x4199</value>
         <object_component_ref idref="oc-4c2"/>
      </symbol>
      <symbol id="sm-bd2">
         <name>USBDevMode</name>
         <value>0x461d</value>
         <object_component_ref idref="oc-3e3"/>
      </symbol>
      <symbol id="sm-bd3">
         <name>USBIntEnableEndpoint</name>
         <value>0x43ed</value>
         <object_component_ref idref="oc-401"/>
      </symbol>
      <symbol id="sm-bd4">
         <name>USBEndpointDataGet</name>
         <value>0x378d</value>
         <object_component_ref idref="oc-1dd"/>
      </symbol>
      <symbol id="sm-bd5">
         <name>USBDevEndpointStatusClear</name>
         <value>0x2fb5</value>
         <object_component_ref idref="oc-1d3"/>
      </symbol>
      <symbol id="sm-bd6">
         <name>USBULPIEnable</name>
         <value>0x4563</value>
         <object_component_ref idref="oc-3cf"/>
      </symbol>
      <symbol id="sm-bd7">
         <name>USBFIFOAddrGet</name>
         <value>0x4625</value>
         <object_component_ref idref="oc-602"/>
      </symbol>
      <symbol id="sm-bd8">
         <name>USBDMAChannelStatus</name>
         <value>0x452b</value>
         <object_component_ref idref="oc-61f"/>
      </symbol>
      <symbol id="sm-bd9">
         <name>USBULPIRegWrite</name>
         <value>0x41b7</value>
         <object_component_ref idref="oc-4c7"/>
      </symbol>
      <symbol id="sm-bda">
         <name>USBDMAChannelIntEnable</name>
         <value>0x44cb</value>
         <object_component_ref idref="oc-62b"/>
      </symbol>
      <symbol id="sm-bdb">
         <name>USBDevLPMConfig</name>
         <value>0x465d</value>
         <object_component_ref idref="oc-3ed"/>
      </symbol>
      <symbol id="sm-bdc">
         <name>USBDevLPMEnable</name>
         <value>0x4547</value>
         <object_component_ref idref="oc-146"/>
      </symbol>
      <symbol id="sm-bdd">
         <name>USBControllerVersion</name>
         <value>0x45d9</value>
         <object_component_ref idref="oc-4d4"/>
      </symbol>
      <symbol id="sm-bde">
         <name>USBFIFOConfigSet</name>
         <value>0x39d9</value>
         <object_component_ref idref="oc-579"/>
      </symbol>
      <symbol id="sm-bdf">
         <name>USBEndpointDMAEnable</name>
         <value>0x400d</value>
         <object_component_ref idref="oc-5ea"/>
      </symbol>
      <symbol id="sm-be0">
         <name>USBDevLPMDisable</name>
         <value>0x4539</value>
         <object_component_ref idref="oc-3e8"/>
      </symbol>
      <symbol id="sm-be1">
         <name>USBEndpointDataSend</name>
         <value>0x3db1</value>
         <object_component_ref idref="oc-2be"/>
      </symbol>
      <symbol id="sm-be2">
         <name>USBIntStatusEndpoint</name>
         <value>0x460b</value>
         <object_component_ref idref="oc-14b"/>
      </symbol>
      <symbol id="sm-be3">
         <name>USBEndpointStatus</name>
         <value>0x44ff</value>
         <object_component_ref idref="oc-1ce"/>
      </symbol>
      <symbol id="sm-be4">
         <name>USBEndpointPacketCountSet</name>
         <value>0x4597</value>
         <object_component_ref idref="oc-60c"/>
      </symbol>
      <symbol id="sm-be5">
         <name>USBDMAChannelIntDisable</name>
         <value>0x44b9</value>
         <object_component_ref idref="oc-631"/>
      </symbol>
      <symbol id="sm-be6">
         <name>USBEndpointDMAConfigSet</name>
         <value>0x3503</value>
         <object_component_ref idref="oc-611"/>
      </symbol>
      <symbol id="sm-be7">
         <name>USBDevEndpointStall</name>
         <value>0x3c5d</value>
         <object_component_ref idref="oc-33e"/>
      </symbol>
      <symbol id="sm-be8">
         <name>USBDevConnect</name>
         <value>0x45f7</value>
         <object_component_ref idref="oc-406"/>
      </symbol>
      <symbol id="sm-be9">
         <name>USBDevEndpointConfigSet</name>
         <value>0x2971</value>
         <object_component_ref idref="oc-56f"/>
      </symbol>
      <symbol id="sm-bea">
         <name>USBDMAChannelDisable</name>
         <value>0x4495</value>
         <object_component_ref idref="oc-619"/>
      </symbol>
      <symbol id="sm-beb">
         <name>USBDMAChannelEnable</name>
         <value>0x44a7</value>
         <object_component_ref idref="oc-646"/>
      </symbol>
      <symbol id="sm-bec">
         <name>USBHostResume</name>
         <value>0x43d9</value>
         <object_component_ref idref="oc-1c1"/>
      </symbol>
      <symbol id="sm-bed">
         <name>USBIntEnableControl</name>
         <value>0x3eb5</value>
         <object_component_ref idref="oc-3fc"/>
      </symbol>
      <symbol id="sm-bee">
         <name>USBEndpointDMAChannel</name>
         <value>0x4299</value>
         <object_component_ref idref="oc-5cf"/>
      </symbol>
      <symbol id="sm-c33">
         <name>uDMAChannelControlSet</name>
         <value>0x4055</value>
         <object_component_ref idref="oc-5c9"/>
      </symbol>
      <symbol id="sm-c34">
         <name>uDMAChannelDisable</name>
         <value>0x4345</value>
         <object_component_ref idref="oc-5df"/>
      </symbol>
      <symbol id="sm-c35">
         <name>uDMAChannelModeGet</name>
         <value>0x3f05</value>
         <object_component_ref idref="oc-5fa"/>
      </symbol>
      <symbol id="sm-c36">
         <name>uDMAChannelTransferSet</name>
         <value>0x28f1</value>
         <object_component_ref idref="oc-607"/>
      </symbol>
      <symbol id="sm-c37">
         <name>uDMAChannelAttributeDisable</name>
         <value>0x36bd</value>
         <object_component_ref idref="oc-5d4"/>
      </symbol>
      <symbol id="sm-c38">
         <name>uDMAChannelEnable</name>
         <value>0x435d</value>
         <object_component_ref idref="oc-5ef"/>
      </symbol>
      <symbol id="sm-c66">
         <name>UARTConfigSetExpClk</name>
         <value>0x389b</value>
         <object_component_ref idref="oc-221"/>
      </symbol>
      <symbol id="sm-c67">
         <name>UARTDisable</name>
         <value>0x4229</value>
         <object_component_ref idref="oc-2d2"/>
      </symbol>
      <symbol id="sm-c68">
         <name>UARTCharPut</name>
         <value>0x45c5</value>
         <object_component_ref idref="oc-22b"/>
      </symbol>
      <symbol id="sm-c69">
         <name>UARTEnable</name>
         <value>0x4389</value>
         <object_component_ref idref="oc-226"/>
      </symbol>
      <symbol id="sm-c6a">
         <name>UARTCharGet</name>
         <value>0x45bb</value>
         <object_component_ref idref="oc-230"/>
      </symbol>
      <symbol id="sm-c8b">
         <name>TimerLoadSet</name>
         <value>0x4483</value>
         <object_component_ref idref="oc-99"/>
      </symbol>
      <symbol id="sm-c8c">
         <name>TimerIntEnable</name>
         <value>0x4615</value>
         <object_component_ref idref="oc-9e"/>
      </symbol>
      <symbol id="sm-c8d">
         <name>TimerConfigure</name>
         <value>0x2ef5</value>
         <object_component_ref idref="oc-8f"/>
      </symbol>
      <symbol id="sm-cfc">
         <name>SysCtlGPIOAHBEnable</name>
         <value>0x420d</value>
         <object_component_ref idref="oc-277"/>
      </symbol>
      <symbol id="sm-cfd">
         <name>SysCtlPeripheralPresent</name>
         <value>0x3a4d</value>
         <object_component_ref idref="oc-21c"/>
      </symbol>
      <symbol id="sm-cfe">
         <name>SysCtlClockSet</name>
         <value>0x1d39</value>
         <object_component_ref idref="oc-17b"/>
      </symbol>
      <symbol id="sm-cff">
         <name>SysCtlDelay</name>
         <value>0x4651</value>
         <object_component_ref idref="oc-16b"/>
      </symbol>
      <symbol id="sm-d00">
         <name>SysCtlPeripheralEnable</name>
         <value>0x3b91</value>
         <object_component_ref idref="oc-8a"/>
      </symbol>
      <symbol id="sm-d01">
         <name>SysCtlClockGet</name>
         <value>0x22b9</value>
         <object_component_ref idref="oc-94"/>
      </symbol>
      <symbol id="sm-d02">
         <name>SysCtlUSBPLLEnable</name>
         <value>0x4375</value>
         <object_component_ref idref="oc-3c5"/>
      </symbol>
      <symbol id="sm-d03">
         <name>SysCtlPeripheralReset</name>
         <value>0x332d</value>
         <object_component_ref idref="oc-3c0"/>
      </symbol>
      <symbol id="sm-d52">
         <name>IntIsEnabled</name>
         <value>0x2d69</value>
         <object_component_ref idref="oc-5e5"/>
      </symbol>
      <symbol id="sm-d53">
         <name>IntEnable</name>
         <value>0x2d01</value>
         <object_component_ref idref="oc-7b"/>
      </symbol>
      <symbol id="sm-d54">
         <name>IntDisable</name>
         <value>0x2c99</value>
         <object_component_ref idref="oc-80"/>
      </symbol>
      <symbol id="sm-d55">
         <name>IntMasterEnable</name>
         <value>0x44ef</value>
         <object_component_ref idref="oc-a3"/>
      </symbol>
      <symbol id="sm-db3">
         <name>GPIOPinConfigure</name>
         <value>0x362d</value>
         <object_component_ref idref="oc-16c"/>
      </symbol>
      <symbol id="sm-db4">
         <name>GPIOPinTypeUSBAnalog</name>
         <value>0x444d</value>
         <object_component_ref idref="oc-247"/>
      </symbol>
      <symbol id="sm-db5">
         <name>GPIOIntEnable</name>
         <value>0x458b</value>
         <object_component_ref idref="oc-b2"/>
      </symbol>
      <symbol id="sm-db6">
         <name>GPIOIntTypeSet</name>
         <value>0x31dd</value>
         <object_component_ref idref="oc-ad"/>
      </symbol>
      <symbol id="sm-db7">
         <name>GPIOPinTypeGPIOInput</name>
         <value>0x4429</value>
         <object_component_ref idref="oc-a8"/>
      </symbol>
      <symbol id="sm-db8">
         <name>GPIOIntClear</name>
         <value>0x4645</value>
         <object_component_ref idref="oc-85"/>
      </symbol>
      <symbol id="sm-db9">
         <name>GPIOPinTypeUART</name>
         <value>0x443b</value>
         <object_component_ref idref="oc-171"/>
      </symbol>
      <symbol id="sm-dba">
         <name>GPIOPinTypeGPIOOutput</name>
         <value>0x42b3</value>
         <object_component_ref idref="oc-180"/>
      </symbol>
      <symbol id="sm-dbb">
         <name>GPIODirModeSet</name>
         <value>0x3e37</value>
         <object_component_ref idref="oc-11f"/>
      </symbol>
      <symbol id="sm-dbc">
         <name>GPIOPinWrite</name>
         <value>0x464b</value>
         <object_component_ref idref="oc-185"/>
      </symbol>
      <symbol id="sm-dbd">
         <name>GPIOPadConfigSet</name>
         <value>0x19cd</value>
         <object_component_ref idref="oc-124"/>
      </symbol>
      <symbol id="sm-dc6">
         <name>CPUcpsie</name>
         <value>0x457f</value>
         <object_component_ref idref="oc-119"/>
      </symbol>
      <symbol id="sm-dc7">
         <name>__TI_static_base__</name>
         <value>0x0</value>
      </symbol>
      <symbol id="sm-dc8">
         <name>__TI_args_main</name>
         <value>0x1</value>
      </symbol>
      <symbol id="sm-dc9">
         <name>SHT$$INIT_ARRAY$$Limit</name>
         <value>0x0</value>
      </symbol>
      <symbol id="sm-dca">
         <name>SHT$$INIT_ARRAY$$Base</name>
         <value>0x0</value>
      </symbol>
   </symbol_table>
   <title>Link successful</title>
</link_info>
