******************************************************************************
                  TI ARM Linker Unix v5.1.1                    
******************************************************************************
>> Linked Sat Aug 15 14:02:02 2015

OUTPUT FILE NAME:   <n64controller.out>
ENTRY POINT SYMBOL: "_c_int00"  address: 000036f9


MEMORY CONFIGURATION

         name            origin    length      used     unused   attr    fill
----------------------  --------  ---------  --------  --------  ----  --------
  FLASH                 00000000   00040000  00004ade  0003b522  R  X
  SRAM                  20000000   00008000  00000b39  000074c7  RW X


SEGMENT ALLOCATION MAP

run origin  load origin   length   init length attrs members
----------  ----------- ---------- ----------- ----- -------
00000000    00000000    00004ae0   00004ae0    r-x
  00000000    00000000    0000026c   0000026c    r-- .intvecs
  0000026c    0000026c    00004470   00004470    r-x .text
  000046dc    000046dc    0000032a   0000032a    r-- .const
  00004a08    00004a08    000000d8   000000d8    r-- .cinit
20000000    20000000    00000b3c   00000000    rw-
  20000000    20000000    00000800   00000000    rw- .stack
  20000800    20000800    00000239   00000000    rw- .bss
  20000a3c    20000a3c    00000100   00000000    rw- .data


SECTION ALLOCATION MAP

 output                                  attributes/
section   page    origin      length       input sections
--------  ----  ----------  ----------   ----------------
.intvecs   0    00000000    0000026c     
                  00000000    0000026c     tm4c123gh6pm_startup_ccs.obj (.intvecs)

.init_array 
*          0    00000000    00000000     UNINITIALIZED

.text      0    0000026c    00004470     
                  0000026c    00000a48     ustdlib.obj (.text)
                  00000cb4    00000430     uartstdio.obj (.text)
                  000010e4    00000260     protocol.obj (.text)
                  00001344    00000160     usblib.lib : usbdenum.obj (.text:USBDEP0StateTxConfig)
                  000014a4    00000160                : usbdma.obj (.text:USBLibDMAInit)
                  00001604    00000148                : usbdenum.obj (.text:USBDCDInit)
                  0000174c    00000148     n64usbhid.obj (.text)
                  00001894    00000140     usblib.lib : usbdconfig.obj (.text:USBDeviceConfig)
                  000019d4    00000140                : usbdenum.obj (.text:USBDeviceIntHandlerInternal)
                  00001b14    00000130     driverlib.lib : gpio.obj (.text:GPIOPadConfigSet)
                  00001c44    0000010e     usblib.lib : usbdhid.obj (.text:HandleRequest)
                  00001d52    00000002                : usbdma.obj (.text:iDMAUSBArbSizeSet)
                  00001d54    00000104     driverlib.lib : sysctl.obj (.text:SysCtlClockSet)
                  00001e58    000000f0     main.obj (.text)
                  00001f48    000000e8     usblib.lib : usbdma.obj (.text:iDMAUSBTransfer)
                  00002030    000000e0                : usbdhid.obj (.text:USBDHIDCompositeInit)
                  00002110    000000dc                : usbdenum.obj (.text:USBDGetDescriptor)
                  000021ec    000000d8                : usbdenum.obj (.text:USBDeviceEnumHandler)
                  000022c4    000000c8     driverlib.lib : sysctl.obj (.text:SysCtlClockGet)
                  0000238c    000000c0     usblib.lib : usbdma.obj (.text:uDMAUSBChannelAllocate)
                  0000244c    000000ba                : usbdma.obj (.text:uDMAUSBTransfer)
                  00002506    0000009c     rtsv7M4_T_le_v4SPD16_eabi.lib : memcpy_t2.obj (.text)
                  000025a2    00000002     usblib.lib : usbdma.obj (.text:iDMAUSBUnitSizeSet)
                  000025a4    00000098                : usbdenum.obj (.text:USBDSetInterface)
                  0000263c    00000094     rtsv7M4_T_le_v4SPD16_eabi.lib : auto_init.obj (.text)
                  000026d0    0000008c     usblib.lib : usbdhid.obj (.text:ProcessIdleTimers)
                  0000275c    0000008c                : usbdenum.obj (.text:USBDSetConfiguration)
                  000027e8    0000008c                : usbdconfig.obj (.text:USBDeviceConfigAlternate)
                  00002874    00000086                : usbdma.obj (.text:iDMAUSBChannelAllocate)
                  000028fa    00000002                : usbdma.obj (.text:uDMAUSBChannelIntDisable)
                  000028fc    00000080     driverlib.lib : udma.obj (.text:uDMAChannelTransferSet)
                  0000297c    0000007a                   : usb.obj (.text:USBDevEndpointConfigSet)
                  000029f6    00000002     usblib.lib : usbdma.obj (.text:uDMAUSBChannelIntEnable)
                  000029f8    00000078                : usbdenum.obj (.text:USBDClearFeature)
                  00002a70    00000078     rtsv7M4_T_le_v4SPD16_eabi.lib : memset_t2.obj (.text)
                  00002ae8    00000072     usblib.lib : usbdhid.obj (.text:USBDHIDPacketRead)
                  00002b5a    00000072                : usbdma.obj (.text:uDMAUSBArbSizeSet)
                  00002bcc    00000070                : usbdenum.obj (.text:USBDEP0StateTx)
                  00002c3c    00000070                : usbdenum.obj (.text:USBDGetStatus)
                  00002cac    00000070                : usbdma.obj (.text:uDMAUSBUnitSizeSet)
                  00002d1c    00000068     driverlib.lib : interrupt.obj (.text:IntDisable)
                  00002d84    00000068                   : interrupt.obj (.text:IntEnable)
                  00002dec    00000064                   : interrupt.obj (.text:IntIsEnabled)
                  00002e50    00000064     usblib.lib : usbdenum.obj (.text:USBDSetFeature)
                  00002eb4    00000064                : usbdma.obj (.text:uDMAUSBChannelEnable)
                  00002f18    00000060                : usbdhid.obj (.text:HandleGetDescriptor)
                  00002f78    00000060     driverlib.lib : timer.obj (.text:TimerConfigure)
                  00002fd8    00000060     usblib.lib : usbdenum.obj (.text:USBDReadAndDispatchRequest)
                  00003038    0000005e     driverlib.lib : usb.obj (.text:USBDevEndpointStatusClear)
                  00003096    0000005e     rtsv7M4_T_le_v4SPD16_eabi.lib : copy_decompress_rle.obj (.text)
                  000030f4    0000005c     usblib.lib : usbdhid.obj (.text:FindHIDDescriptor)
                  00003150    0000005c                : usbdenum.obj (.text:USBDStringIndexFromRequest)
                  000031ac    0000005a                : usbdhid.obj (.text:HandleDevice)
                  00003206    00000002     --HOLE-- [fill = 0]
                  00003208    00000058                : usbdhid.obj (.text:ProcessDataFromHost)
                  00003260    00000056     driverlib.lib : gpio.obj (.text:GPIOIntTypeSet)
                  000032b6    00000054     usblib.lib : usbdhid.obj (.text:ProcessDataToHost)
                  0000330a    00000054                : usbdma.obj (.text:uDMAUSBChannelRelease)
                  0000335e    00000052                : usbulpi.obj (.text:ULPIConfigSet)
                  000033b0    00000050     driverlib.lib : sysctl.obj (.text:SysCtlPeripheralReset)
                  00003400    00000050     usblib.lib : usbdcdesc.obj (.text:USBDCDConfigDescGet)
                  00003450    00000050                : usbdenum.obj (.text:USBDeviceResumeTickHandler)
                  000034a0    0000004e     driverlib.lib : usb.obj (.text:USBDevEndpointStallClear)
                  000034ee    0000004c     usblib.lib : usbdcdesc.obj (.text:ConfigAlternateInterfaceGet)
                  0000353a    0000004c                : usbdconfig.obj (.text:GetEPDescriptorType)
                  00003586    0000004c     driverlib.lib : usb.obj (.text:USBEndpointDMAConfigSet)
                  000035d2    0000004a     usblib.lib : usbdhid.obj (.text:USBDHIDReportWrite)
                  0000361c    0000004a                : usbdma.obj (.text:iDMAUSBChannelEnable)
                  00003666    0000004a                : usbdma.obj (.text:uDMAUSBChannelDisable)
                  000036b0    00000048     driverlib.lib : gpio.obj (.text:GPIOPinConfigure)
                  000036f8    00000048     rtsv7M4_T_le_v4SPD16_eabi.lib : boot.obj (.text)
                  00003740    00000048     driverlib.lib : udma.obj (.text:uDMAChannelAttributeDisable)
                  00003788    00000044     usblib.lib : usbdenum.obj (.text:USBDCDDeviceInfoInit)
                  000037cc    00000044                : usbdenum.obj (.text:USBDeviceEnumResetHandler)
                  00003810    00000044     driverlib.lib : usb.obj (.text:USBEndpointDataGet)
                  00003854    00000044     rtsv7M4_T_le_v4SPD16_eabi.lib : cpy_tbl.obj (.text)
                  00003898    00000044                                   : exit.obj (.text)
                  000038dc    00000042     usblib.lib : usbdhid.obj (.text:SetIdleTimeout)
                  0000391e    00000042     driverlib.lib : uart.obj (.text:UARTConfigSetExpClk)
                  00003960    00000042     rtsv7M4_T_le_v4SPD16_eabi.lib : u_divt2.obj (.text)
                  000039a2    00000002     --HOLE-- [fill = 0]
                  000039a4    00000040     usblib.lib : usbdenum.obj (.text:USBDGetInterface)
                  000039e4    0000003e                : usbdhid.obj (.text:ScheduleReportTransmission)
                  00003a22    0000003a                : usbdcdesc.obj (.text:USBDCDConfigGetInterfaceEndpoint)
                  00003a5c    0000003a     driverlib.lib : usb.obj (.text:USBFIFOConfigSet)
                  00003a96    0000003a     usblib.lib : usbdma.obj (.text:iDMAUSBChannelRelease)
                  00003ad0    00000038     driverlib.lib : sysctl.obj (.text:SysCtlPeripheralPresent)
                  00003b08    00000038                   : usb.obj (.text:USBIntStatusControl)
                  00003b40    00000036     usblib.lib : usbdhid.obj (.text:HandleEndpoints)
                  00003b76    00000002     --HOLE-- [fill = 0]
                  00003b78    00000034                : usbdhid.obj (.text:HIDTickHandler)
                  00003bac    00000034                : usbtick.obj (.text:InternalUSBRegisterTickHandler)
                  00003be0    00000034                : usbtick.obj (.text:InternalUSBStartOfFrameTick)
                  00003c14    00000034     driverlib.lib : sysctl.obj (.text:SysCtlPeripheralEnable)
                  00003c48    00000034     usblib.lib : usbdma.obj (.text:iDMAUSBChannelStatus)
                  00003c7c    00000032                : usbdhid.obj (.text:ClearReportTimer)
                  00003cae    00000032                : usbdcdesc.obj (.text:NextConfigDescGet)
                  00003ce0    00000032     driverlib.lib : usb.obj (.text:USBDevEndpointStall)
                  00003d12    00000032     usblib.lib : usbdma.obj (.text:iDMAUSBChannelDisable)
                  00003d44    00000030                : usbdma.obj (.text:DMAUSBIntHandler)
                  00003d74    00000030                : usbdhid.obj (.text:HandleConfigChange)
                  00003da4    00000030                : usbtick.obj (.text:InternalUSBTickInit)
                  00003dd4    00000030                : usbdenum.obj (.text:USBDGetConfiguration)
                  00003e04    00000030     driverlib.lib : usb.obj (.text:USBEndpointDataPut)
                  00003e34    0000002e                   : usb.obj (.text:USBEndpointDataSend)
                  00003e62    0000002c     usblib.lib : usbdesc.obj (.text:USBDescGet)
                  00003e8e    0000002c                : usbdma.obj (.text:uDMAUSBIntStatus)
                  00003eba    0000002a     driverlib.lib : gpio.obj (.text:GPIODirModeSet)
                  00003ee4    0000002a     usblib.lib : usbdcdesc.obj (.text:USBDCDConfigDescGetNum)
                  00003f0e    00000028                : usbdesc.obj (.text:USBDescGetNum)
                  00003f36    00000002     --HOLE-- [fill = 0]
                  00003f38    00000028     driverlib.lib : usb.obj (.text:USBIntEnableControl)
                  00003f60    00000028                   : udma.obj (.text:uDMAChannelModeGet)
                  00003f88    00000026     usblib.lib : usbdhid.obj (.text:GetIdleTimeout)
                  00003fae    00000026                : usbdhid.obj (.text:HandleEP0DataReceived)
                  00003fd4    00000026                : usbdhid.obj (.text:USBDHIDInit)
                  00003ffa    00000002     --HOLE-- [fill = 0]
                  00003ffc    00000024                : usbdenum.obj (.text:USBDSetAddress)
                  00004020    00000024     driverlib.lib : usb.obj (.text:USBDevEndpointDataAck)
                  00004044    00000024                   : usb.obj (.text:USBEndpointDMADisable)
                  00004068    00000024                   : usb.obj (.text:USBEndpointDMAEnable)
                  0000408c    00000024     protocol.obj (.text:delayUs)
                  000040b0    00000024     driverlib.lib : udma.obj (.text:uDMAChannelControlSet)
                  000040d4    00000022     usblib.lib : usbdhid.obj (.text:USBDHIDRxPacketAvailable)
                  000040f6    00000022                : usbdma.obj (.text:uDMAUSBChannelStatus)
                  00004118    00000020                : usbdconfig.obj (.text:GetEndpointFIFOSize)
                  00004138    00000020                : usbmode.obj (.text:USBStackModeSet)
                  00004158    00000020     protocol.obj (.text:transmit0)
                  00004178    00000020     protocol.obj (.text:transmit1)
                  00004198    00000020     protocol.obj (.text:transmitStop)
                  000041b8    0000001e     usblib.lib : usbdhid.obj (.text:HandleDisconnect)
                  000041d6    0000001e                : usbdhid.obj (.text:HandleEP0DataSent)
                  000041f4    0000001e     driverlib.lib : usb.obj (.text:USBULPIRegRead)
                  00004212    0000001e                   : usb.obj (.text:USBULPIRegWrite)
                  00004230    0000001c     usblib.lib : usbdhid.obj (.text:ClearIdleTimers)
                  0000424c    0000001c                : usbdhid.obj (.text:SetDeferredOpFlag)
                  00004268    0000001c     driverlib.lib : sysctl.obj (.text:SysCtlGPIOAHBEnable)
                  00004284    0000001c                   : uart.obj (.text:UARTDisable)
                  000042a0    0000001c     usblib.lib : usbdcdesc.obj (.text:USBDCDConfigGetInterface)
                  000042bc    0000001c                : usbdenum.obj (.text:USBDCDStallEP0)
                  000042d8    0000001c     driverlib.lib : usb.obj (.text:USBEndpointDataAvail)
                  000042f4    0000001a                   : usb.obj (.text:USBEndpointDMAChannel)
                  0000430e    00000018                   : gpio.obj (.text:GPIOPinTypeGPIOOutput)
                  00004326    00000002     --HOLE-- [fill = 0]
                  00004328    00000018     usblib.lib : usbdhandler.obj (.text:USB0DeviceIntHandler)
                  00004340    00000018                : usbdcdesc.obj (.text:USBDCDConfigDescGetSize)
                  00004358    00000018                : usbdenum.obj (.text:USBDSetDescriptor)
                  00004370    00000018                : usbdenum.obj (.text:USBDSyncFrame)
                  00004388    00000018     rtsv7M4_T_le_v4SPD16_eabi.lib : args_main.obj (.text)
                  000043a0    00000018     driverlib.lib : udma.obj (.text:uDMAChannelDisable)
                  000043b8    00000018                   : udma.obj (.text:uDMAChannelEnable)
                  000043d0    00000014                   : sysctl.obj (.text:SysCtlUSBPLLEnable)
                  000043e4    00000014                   : uart.obj (.text:UARTEnable)
                  000043f8    00000014     usblib.lib : usbdenum.obj (.text:USBDCDRequestDataEP0)
                  0000440c    00000014                : usbdenum.obj (.text:USBDCDSendDataEP0)
                  00004420    00000014     driverlib.lib : usb.obj (.text:USBDMAChannelConfigSet)
                  00004434    00000014                   : usb.obj (.text:USBHostResume)
                  00004448    00000014                   : usb.obj (.text:USBIntEnableEndpoint)
                  0000445c    00000014                   : usb.obj (.text:_USBIndexWrite)
                  00004470    00000014     rtsv7M4_T_le_v4SPD16_eabi.lib : _lock.obj (.text)
                  00004484    00000012     driverlib.lib : gpio.obj (.text:GPIOPinTypeGPIOInput)
                  00004496    00000012                   : gpio.obj (.text:GPIOPinTypeUART)
                  000044a8    00000012                   : gpio.obj (.text:GPIOPinTypeUSBAnalog)
                  000044ba    00000012     usblib.lib : usbdhid.obj (.text:HandleResume)
                  000044cc    00000012                : usbdhid.obj (.text:HandleSuspend)
                  000044de    00000012     driverlib.lib : timer.obj (.text:TimerLoadSet)
                  000044f0    00000012                   : usb.obj (.text:USBDMAChannelDisable)
                  00004502    00000012                   : usb.obj (.text:USBDMAChannelEnable)
                  00004514    00000012                   : usb.obj (.text:USBDMAChannelIntDisable)
                  00004526    00000012                   : usb.obj (.text:USBDMAChannelIntEnable)
                  00004538    00000012     rtsv7M4_T_le_v4SPD16_eabi.lib : copy_zero_init.obj (.text:decompress:ZI)
                  0000454a    00000010     driverlib.lib : interrupt.obj (.text:IntMasterEnable)
                  0000455a    00000010                   : usb.obj (.text:USBEndpointStatus)
                  0000456a    0000000e     usblib.lib : usbdma.obj (.text:DMAUSBIntStatusClear)
                  00004578    0000000e                : usbdhid.obj (.text:USBDHIDTxPacketAvailable)
                  00004586    0000000e     driverlib.lib : usb.obj (.text:USBDMAChannelStatus)
                  00004594    0000000e                   : usb.obj (.text:USBDevLPMDisable)
                  000045a2    0000000e                   : usb.obj (.text:USBDevLPMEnable)
                  000045b0    0000000e                   : usb.obj (.text:USBULPIDisable)
                  000045be    0000000e                   : usb.obj (.text:USBULPIEnable)
                  000045cc    0000000e     rtsv7M4_T_le_v4SPD16_eabi.lib : copy_decompress_none.obj (.text:decompress:none)
                  000045da    0000000c     driverlib.lib : cpu.obj (.text:CPUcpsie)
                  000045e6    0000000c                   : gpio.obj (.text:GPIOIntEnable)
                  000045f2    0000000c                   : usb.obj (.text:USBEndpointPacketCountSet)
                  000045fe    0000000c                   : usb.obj (.text:USBLPMIntEnable)
                  0000460a    0000000c     tm4c123gh6pm_startup_ccs.obj (.text)
                  00004616    0000000a     driverlib.lib : uart.obj (.text:UARTCharGet)
                  00004620    0000000a                   : uart.obj (.text:UARTCharPut)
                  0000462a    0000000a                   : usb.obj (.text:USBClockEnable)
                  00004634    0000000a                   : usb.obj (.text:USBControllerVersion)
                  0000463e    0000000a                   : usb.obj (.text:USBDMAChannelAddressSet)
                  00004648    0000000a                   : usb.obj (.text:USBDMAChannelCountSet)
                  00004652    0000000a                   : usb.obj (.text:USBDevConnect)
                  0000465c    0000000a                   : usb.obj (.text:USBDevDisconnect)
                  00004666    0000000a                   : usb.obj (.text:USBIntStatusEndpoint)
                  00004670    00000008                   : timer.obj (.text:TimerIntEnable)
                  00004678    00000008                   : usb.obj (.text:USBDevMode)
                  00004680    00000008                   : usb.obj (.text:USBFIFOAddrGet)
                  00004688    00000008                   : usb.obj (.text:USBOTGMode)
                  00004690    00000008     usblib.lib : usbdma.obj (.text:iDMAUSBChannelIntDisable)
                  00004698    00000008                : usbdma.obj (.text:iDMAUSBChannelIntEnable)
                  000046a0    00000006     driverlib.lib : gpio.obj (.text:GPIOIntClear)
                  000046a6    00000006                   : gpio.obj (.text:GPIOPinWrite)
                  000046ac    00000006                   : sysctl.obj (.text:SysCtlDelay)
                  000046b2    00000006                   : usb.obj (.text:USBDMAChannelIntStatus)
                  000046b8    00000006                   : usb.obj (.text:USBDevLPMConfig)
                  000046be    00000006                   : usb.obj (.text:USBLPMIntStatus)
                  000046c4    00000006     rtsv7M4_T_le_v4SPD16_eabi.lib : copy_decompress_rle.obj (.text:decompress:rle24)
                  000046ca    00000006     usblib.lib : usbdma.obj (.text:iDMAUSBIntStatus)
                  000046d0    00000004                : usbdma.obj (.text:DMAUSBStatus)
                  000046d4    00000004                : usbdhid.obj (.text:HandleReset)
                  000046d8    00000004     driverlib.lib : usb.obj (.text:USBDevAddrSet)

.const     0    000046dc    0000032a     
                  000046dc    00000090     driverlib.lib : gpio.obj (.const:g_pui32GPIOBaseAddrs)
                  0000476c    0000007e     n64usbhid.obj (.const:.string)
                  000047ea    00000002     --HOLE-- [fill = 0]
                  000047ec    00000070     driverlib.lib : interrupt.obj (.const)
                  0000485c    0000006c                   : sysctl.obj (.const:g_pui32Xtals)
                  000048c8    0000004c     n64usbhid.obj (.const)
                  00004914    00000034     usblib.lib : usbdenum.obj (.const:g_psUSBDStdRequests)
                  00004948    00000030                : usbdhid.obj (.const:g_sHIDHandlers)
                  00004978    0000002e     n64usbhid.obj (.const:.string:configString)
                  000049a6    00000002     --HOLE-- [fill = 0]
                  000049a8    0000001c     uartstdio.obj (.const)
                  000049c4    0000001c     ustdlib.obj (.const)
                  000049e0    00000012     uartstdio.obj (.const:.string)
                  000049f2    00000002     --HOLE-- [fill = 0]
                  000049f4    00000012     ustdlib.obj (.const:.string)

.cinit     0    00004a08    000000d8     
                  00004a08    000000ae     (.cinit..data.load) [load image, compression = rle]
                  00004ab6    00000002     --HOLE-- [fill = 0]
                  00004ab8    0000000c     (__TI_handler_table)
                  00004ac4    00000004     --HOLE-- [fill = 0]
                  00004ac8    00000008     (.cinit..bss.load) [load image, compression = zero_init]
                  00004ad0    00000010     (__TI_cinit_table)

.stack     0    20000000    00000800     UNINITIALIZED
                  20000000    00000800     --HOLE--

.bss       0    20000800    00000239     UNINITIALIZED
                  20000800    00000110     usblib.lib : usbdma.obj (.bss:g_psUSBDMAInst)
                  20000910    00000050                : usbdenum.obj (.bss:g_psDCDInst)
                  20000960    00000040                : usbdenum.obj (.bss:g_pui8DataBufferIn)
                  200009a0    00000040     n64usbhid.obj (.bss:readBuffer)
                  200009e0    00000030     usblib.lib : usbtick.obj (.bss)
                  20000a10    0000000c                : usbmode.obj (.bss)
                  20000a1c    00000008                : usbdenum.obj (.bss)
                  20000a24    00000004     (.common:currentByteNumber)
                  20000a28    00000004     (.common:highTime)
                  20000a2c    00000004     (.common:interruptCount)
                  20000a30    00000004     (.common:lowTime)
                  20000a34    00000001     (.common:currentBit)
                  20000a35    00000001     (.common:currentBitMask)
                  20000a36    00000001     (.common:currentByte)
                  20000a37    00000001     (.common:data)
                  20000a38    00000001     (.common:newBit)

.data      0    20000a3c    00000100     UNINITIALIZED
                  20000a3c    0000006c     n64usbhid.obj (.data:hidDevice)
                  20000aa8    00000042     n64usbhid.obj (.data)
                  20000aea    00000001     protocol.obj (.data)
                  20000aeb    00000001     --HOLE--
                  20000aec    00000012     usblib.lib : usbdhid.obj (.data)
                  20000afe    00000002     --HOLE--
                  20000b00    0000000c                : usbtick.obj (.data)
                  20000b0c    00000009                : usbmode.obj (.data)
                  20000b15    00000003     --HOLE--
                  20000b18    00000008     rtsv7M4_T_le_v4SPD16_eabi.lib : _lock.obj (.data)
                  20000b20    00000008                                   : exit.obj (.data)
                  20000b28    00000008     usblib.lib : usbdenum.obj (.data)
                  20000b30    00000004     rtsv7M4_T_le_v4SPD16_eabi.lib : stkdepth_vars.obj (.data)
                  20000b34    00000004     uartstdio.obj (.data)
                  20000b38    00000004     ustdlib.obj (.data)


LINKER GENERATED COPY TABLES

__TI_cinit_table @ 00004ad0 records: 2, size/record: 8, table size: 16
	.data: load addr=00004a08, load size=000000ae bytes, run addr=20000a3c, run size=00000100 bytes, compression=rle
	.bss: load addr=00004ac8, load size=00000008 bytes, run addr=20000800, run size=00000239 bytes, compression=zero_init


LINKER GENERATED HANDLER TABLE

__TI_handler_table @ 00004ab8 records: 3, size/record: 4, table size: 12
	index: 0, handler: __TI_decompress_rle24
	index: 1, handler: __TI_decompress_none
	index: 2, handler: __TI_zero_init


GLOBAL SYMBOLS: SORTED ALPHABETICALLY BY Name 

address    name
--------   ----
00003899   C$$EXIT
000045db   CPUcpsie
000012a1   GCN64InitializeProtocol
00003ebb   GPIODirModeSet
000046a1   GPIOIntClear
000045e7   GPIOIntEnable
00003261   GPIOIntTypeSet
00001b15   GPIOPadConfigSet
000036b1   GPIOPinConfigure
00004485   GPIOPinTypeGPIOInput
0000430f   GPIOPinTypeGPIOOutput
00004497   GPIOPinTypeUART
000044a9   GPIOPinTypeUSBAnalog
000046a7   GPIOPinWrite
0000128f   GpioBIntHandler
00002d1d   IntDisable
00002d85   IntEnable
00002ded   IntIsEnabled
0000454b   IntMasterEnable
00003bad   InternalUSBRegisterTickHandler
00003be1   InternalUSBStartOfFrameTick
00003da5   InternalUSBTickInit
0000460b   ResetISR
UNDEFED    SHT$$INIT_ARRAY$$Base
UNDEFED    SHT$$INIT_ARRAY$$Limit
000022c5   SysCtlClockGet
00001d55   SysCtlClockSet
000046ad   SysCtlDelay
00004269   SysCtlGPIOAHBEnable
00003c15   SysCtlPeripheralEnable
00003ad1   SysCtlPeripheralPresent
000033b1   SysCtlPeripheralReset
000043d1   SysCtlUSBPLLEnable
00001279   Timer0IntHandler
00002f79   TimerConfigure
00004671   TimerIntEnable
000044df   TimerLoadSet
00004617   UARTCharGet
00004621   UARTCharPut
0000391f   UARTConfigSetExpClk
00004285   UARTDisable
000043e5   UARTEnable
00000cb5   UARTStdioConfig
00000cfb   UARTStdioInit
00000d11   UARTStdioInitExpClk
00000db5   UARTgetc
00000d59   UARTgets
00000dd5   UARTprintf
00000d27   UARTwrite
0000335f   ULPIConfigSet
00004329   USB0DeviceIntHandler
0000462b   USBClockEnable
00004635   USBControllerVersion
00003401   USBDCDConfigDescGet
00003ee5   USBDCDConfigDescGetNum
00004341   USBDCDConfigDescGetSize
000042a1   USBDCDConfigGetInterface
00003a23   USBDCDConfigGetInterfaceEndpoint
00003789   USBDCDDeviceInfoInit
00001605   USBDCDInit
000043f9   USBDCDRequestDataEP0
0000440d   USBDCDSendDataEP0
000042bd   USBDCDStallEP0
00002031   USBDHIDCompositeInit
00003fd5   USBDHIDInit
00002ae9   USBDHIDPacketRead
000035d3   USBDHIDReportWrite
000040d5   USBDHIDRxPacketAvailable
00004579   USBDHIDTxPacketAvailable
0000463f   USBDMAChannelAddressSet
00004421   USBDMAChannelConfigSet
00004649   USBDMAChannelCountSet
000044f1   USBDMAChannelDisable
00004503   USBDMAChannelEnable
00004515   USBDMAChannelIntDisable
00004527   USBDMAChannelIntEnable
000046b3   USBDMAChannelIntStatus
00004587   USBDMAChannelStatus
00003e63   USBDescGet
00003f0f   USBDescGetNum
000046d9   USBDevAddrSet
00004653   USBDevConnect
0000465d   USBDevDisconnect
0000297d   USBDevEndpointConfigSet
00004021   USBDevEndpointDataAck
00003ce1   USBDevEndpointStall
000034a1   USBDevEndpointStallClear
00003039   USBDevEndpointStatusClear
000046b9   USBDevLPMConfig
00004595   USBDevLPMDisable
000045a3   USBDevLPMEnable
00004679   USBDevMode
00001895   USBDeviceConfig
000027e9   USBDeviceConfigAlternate
000021ed   USBDeviceEnumHandler
000037cd   USBDeviceEnumResetHandler
000019d5   USBDeviceIntHandlerInternal
00003451   USBDeviceResumeTickHandler
000042f5   USBEndpointDMAChannel
00003587   USBEndpointDMAConfigSet
00004045   USBEndpointDMADisable
00004069   USBEndpointDMAEnable
000042d9   USBEndpointDataAvail
00003811   USBEndpointDataGet
00003e05   USBEndpointDataPut
00003e35   USBEndpointDataSend
000045f3   USBEndpointPacketCountSet
0000455b   USBEndpointStatus
00004681   USBFIFOAddrGet
00003a5d   USBFIFOConfigSet
00004435   USBHostResume
00003f39   USBIntEnableControl
00004449   USBIntEnableEndpoint
00003b09   USBIntStatusControl
00004667   USBIntStatusEndpoint
000045ff   USBLPMIntEnable
000046bf   USBLPMIntStatus
000014a5   USBLibDMAInit
00004689   USBOTGMode
00004139   USBStackModeSet
000045b1   USBULPIDisable
000045bf   USBULPIEnable
000041f5   USBULPIRegRead
00004213   USBULPIRegWrite
20000800   __STACK_END
00000800   __STACK_SIZE
20000200   __STACK_TOP
00004ad0   __TI_CINIT_Base
00004ae0   __TI_CINIT_Limit
00004ab8   __TI_Handler_Table_Base
00004ac4   __TI_Handler_Table_Limit
00000001   __TI_args_main
0000263d   __TI_auto_init
20000b20   __TI_cleanup_ptr
000045cd   __TI_decompress_none
000046c5   __TI_decompress_rle24
20000b24   __TI_dtors_ptr
00000000   __TI_static_base__
00004539   __TI_zero_init
00002a71   __aeabi_memclr
00002a71   __aeabi_memclr4
00002a71   __aeabi_memclr8
00002507   __aeabi_memcpy
00002507   __aeabi_memcpy4
00002507   __aeabi_memcpy8
00002a73   __aeabi_memset
00002a73   __aeabi_memset4
00002a73   __aeabi_memset8
00003961   __aeabi_uidivmod
ffffffff   __binit__
ffffffff   __c_args__
20000000   __stack
00004389   _args_main
000036f9   _c_int00
20000b18   _lock
0000447f   _nop
00004477   _register_lock
00004471   _register_unlock
20000b1c   _unlock
0000389d   abort
ffffffff   binit
00004910   configDescriptors
20000ae0   configHeader
000048f0   configSection
20000acc   configSections
00004978   configString
000047ac   controlInterfaceString
00003855   copy_in
20000a34   currentBit
20000a35   currentBitMask
20000a36   currentByte
20000a24   currentByteNumber
20000a37   data
0000408d   delayUs
000038a5   exit
20000b00   g_bUSBTimerInitialized
20000a14   g_eOTGModeState
20000b0c   g_iUSBMode
200009e0   g_pfnTickHandlers
00000000   g_pfnVectors
20000a20   g_ppsDevInfo
20000910   g_psDCDInst
20000aec   g_pui8HIDDeviceDescriptor
000047dc   g_pui8HIDInEndpoint
20000ab9   g_pui8HIDInterface
000047e3   g_pui8HIDOutEndpoint
20000ab0   g_pui8MouseDescriptor
200009f8   g_pvTickInstance
20000ac4   g_sHIDDescriptorSection
00004948   g_sHIDHandlers
00004900   g_sHIDInEndpointSection
000048f8   g_sHIDInterfaceSection
00004908   g_sHIDOutEndpointSection
20000b04   g_ui32CurrentUSBTick
20000a10   g_ui32PollRate
20000b08   g_ui32USBSOFCount
20000b10   g_ui32WaitTicks
20000a3c   hidDevice
20000a28   highTime
00001e99   initN64Controller
0000174d   initN64USB
00001e71   init_usb_uart
20000a2c   interruptCount
00001795   isConnected
0000179b   isDataReadyToRead
00001771   isRxDataAvailable
00001783   isTxDataAvailable
0000476c   languageDescriptor
20000a30   lowTime
00001eb9   main
20000b30   main_func_sp
00004770   manufacturerString
00002507   memcpy
00002a79   memset
00001183   n64Receive
000010e5   n64Transmit
20000a38   newBit
0000478a   productString
200009a0   readBuffer
00001801   receiveUsbData
20000aa8   reportIdle
00001815   rxCallback
000017a5   sendString
000017e5   sendUsbData
0000479a   serialNumberString
000048c8   stringDescriptors
00001e59   sysDelayUs
00004159   transmit0
00004179   transmit1
00004199   transmitStop
00001865   txCallback
00003741   uDMAChannelAttributeDisable
000040b1   uDMAChannelControlSet
000043a1   uDMAChannelDisable
000043b9   uDMAChannelEnable
00003f61   uDMAChannelModeGet
000028fd   uDMAChannelTransferSet
00000751   ulocaltime
00000953   umktime
00000c91   urand
00000721   usnprintf
000006ef   usprintf
00000c81   usrand
00000bf9   ustrcasecmp
00000c6d   ustrcmp
00000b05   ustrlen
00000c0d   ustrncmp
0000026d   ustrncpy
00000b59   ustrnicmp
00000b27   ustrstr
000009cd   ustrtoul
000002c5   uvsnprintf


GLOBAL SYMBOLS: SORTED BY Symbol Address 

address    name
--------   ----
00000000   __TI_static_base__
00000000   g_pfnVectors
00000001   __TI_args_main
0000026d   ustrncpy
000002c5   uvsnprintf
000006ef   usprintf
00000721   usnprintf
00000751   ulocaltime
00000800   __STACK_SIZE
00000953   umktime
000009cd   ustrtoul
00000b05   ustrlen
00000b27   ustrstr
00000b59   ustrnicmp
00000bf9   ustrcasecmp
00000c0d   ustrncmp
00000c6d   ustrcmp
00000c81   usrand
00000c91   urand
00000cb5   UARTStdioConfig
00000cfb   UARTStdioInit
00000d11   UARTStdioInitExpClk
00000d27   UARTwrite
00000d59   UARTgets
00000db5   UARTgetc
00000dd5   UARTprintf
000010e5   n64Transmit
00001183   n64Receive
00001279   Timer0IntHandler
0000128f   GpioBIntHandler
000012a1   GCN64InitializeProtocol
000014a5   USBLibDMAInit
00001605   USBDCDInit
0000174d   initN64USB
00001771   isRxDataAvailable
00001783   isTxDataAvailable
00001795   isConnected
0000179b   isDataReadyToRead
000017a5   sendString
000017e5   sendUsbData
00001801   receiveUsbData
00001815   rxCallback
00001865   txCallback
00001895   USBDeviceConfig
000019d5   USBDeviceIntHandlerInternal
00001b15   GPIOPadConfigSet
00001d55   SysCtlClockSet
00001e59   sysDelayUs
00001e71   init_usb_uart
00001e99   initN64Controller
00001eb9   main
00002031   USBDHIDCompositeInit
000021ed   USBDeviceEnumHandler
000022c5   SysCtlClockGet
00002507   __aeabi_memcpy
00002507   __aeabi_memcpy4
00002507   __aeabi_memcpy8
00002507   memcpy
0000263d   __TI_auto_init
000027e9   USBDeviceConfigAlternate
000028fd   uDMAChannelTransferSet
0000297d   USBDevEndpointConfigSet
00002a71   __aeabi_memclr
00002a71   __aeabi_memclr4
00002a71   __aeabi_memclr8
00002a73   __aeabi_memset
00002a73   __aeabi_memset4
00002a73   __aeabi_memset8
00002a79   memset
00002ae9   USBDHIDPacketRead
00002d1d   IntDisable
00002d85   IntEnable
00002ded   IntIsEnabled
00002f79   TimerConfigure
00003039   USBDevEndpointStatusClear
00003261   GPIOIntTypeSet
0000335f   ULPIConfigSet
000033b1   SysCtlPeripheralReset
00003401   USBDCDConfigDescGet
00003451   USBDeviceResumeTickHandler
000034a1   USBDevEndpointStallClear
00003587   USBEndpointDMAConfigSet
000035d3   USBDHIDReportWrite
000036b1   GPIOPinConfigure
000036f9   _c_int00
00003741   uDMAChannelAttributeDisable
00003789   USBDCDDeviceInfoInit
000037cd   USBDeviceEnumResetHandler
00003811   USBEndpointDataGet
00003855   copy_in
00003899   C$$EXIT
0000389d   abort
000038a5   exit
0000391f   UARTConfigSetExpClk
00003961   __aeabi_uidivmod
00003a23   USBDCDConfigGetInterfaceEndpoint
00003a5d   USBFIFOConfigSet
00003ad1   SysCtlPeripheralPresent
00003b09   USBIntStatusControl
00003bad   InternalUSBRegisterTickHandler
00003be1   InternalUSBStartOfFrameTick
00003c15   SysCtlPeripheralEnable
00003ce1   USBDevEndpointStall
00003da5   InternalUSBTickInit
00003e05   USBEndpointDataPut
00003e35   USBEndpointDataSend
00003e63   USBDescGet
00003ebb   GPIODirModeSet
00003ee5   USBDCDConfigDescGetNum
00003f0f   USBDescGetNum
00003f39   USBIntEnableControl
00003f61   uDMAChannelModeGet
00003fd5   USBDHIDInit
00004021   USBDevEndpointDataAck
00004045   USBEndpointDMADisable
00004069   USBEndpointDMAEnable
0000408d   delayUs
000040b1   uDMAChannelControlSet
000040d5   USBDHIDRxPacketAvailable
00004139   USBStackModeSet
00004159   transmit0
00004179   transmit1
00004199   transmitStop
000041f5   USBULPIRegRead
00004213   USBULPIRegWrite
00004269   SysCtlGPIOAHBEnable
00004285   UARTDisable
000042a1   USBDCDConfigGetInterface
000042bd   USBDCDStallEP0
000042d9   USBEndpointDataAvail
000042f5   USBEndpointDMAChannel
0000430f   GPIOPinTypeGPIOOutput
00004329   USB0DeviceIntHandler
00004341   USBDCDConfigDescGetSize
00004389   _args_main
000043a1   uDMAChannelDisable
000043b9   uDMAChannelEnable
000043d1   SysCtlUSBPLLEnable
000043e5   UARTEnable
000043f9   USBDCDRequestDataEP0
0000440d   USBDCDSendDataEP0
00004421   USBDMAChannelConfigSet
00004435   USBHostResume
00004449   USBIntEnableEndpoint
00004471   _register_unlock
00004477   _register_lock
0000447f   _nop
00004485   GPIOPinTypeGPIOInput
00004497   GPIOPinTypeUART
000044a9   GPIOPinTypeUSBAnalog
000044df   TimerLoadSet
000044f1   USBDMAChannelDisable
00004503   USBDMAChannelEnable
00004515   USBDMAChannelIntDisable
00004527   USBDMAChannelIntEnable
00004539   __TI_zero_init
0000454b   IntMasterEnable
0000455b   USBEndpointStatus
00004579   USBDHIDTxPacketAvailable
00004587   USBDMAChannelStatus
00004595   USBDevLPMDisable
000045a3   USBDevLPMEnable
000045b1   USBULPIDisable
000045bf   USBULPIEnable
000045cd   __TI_decompress_none
000045db   CPUcpsie
000045e7   GPIOIntEnable
000045f3   USBEndpointPacketCountSet
000045ff   USBLPMIntEnable
0000460b   ResetISR
00004617   UARTCharGet
00004621   UARTCharPut
0000462b   USBClockEnable
00004635   USBControllerVersion
0000463f   USBDMAChannelAddressSet
00004649   USBDMAChannelCountSet
00004653   USBDevConnect
0000465d   USBDevDisconnect
00004667   USBIntStatusEndpoint
00004671   TimerIntEnable
00004679   USBDevMode
00004681   USBFIFOAddrGet
00004689   USBOTGMode
000046a1   GPIOIntClear
000046a7   GPIOPinWrite
000046ad   SysCtlDelay
000046b3   USBDMAChannelIntStatus
000046b9   USBDevLPMConfig
000046bf   USBLPMIntStatus
000046c5   __TI_decompress_rle24
000046d9   USBDevAddrSet
0000476c   languageDescriptor
00004770   manufacturerString
0000478a   productString
0000479a   serialNumberString
000047ac   controlInterfaceString
000047dc   g_pui8HIDInEndpoint
000047e3   g_pui8HIDOutEndpoint
000048c8   stringDescriptors
000048f0   configSection
000048f8   g_sHIDInterfaceSection
00004900   g_sHIDInEndpointSection
00004908   g_sHIDOutEndpointSection
00004910   configDescriptors
00004948   g_sHIDHandlers
00004978   configString
00004ab8   __TI_Handler_Table_Base
00004ac4   __TI_Handler_Table_Limit
00004ad0   __TI_CINIT_Base
00004ae0   __TI_CINIT_Limit
20000000   __stack
20000200   __STACK_TOP
20000800   __STACK_END
20000910   g_psDCDInst
200009a0   readBuffer
200009e0   g_pfnTickHandlers
200009f8   g_pvTickInstance
20000a10   g_ui32PollRate
20000a14   g_eOTGModeState
20000a20   g_ppsDevInfo
20000a24   currentByteNumber
20000a28   highTime
20000a2c   interruptCount
20000a30   lowTime
20000a34   currentBit
20000a35   currentBitMask
20000a36   currentByte
20000a37   data
20000a38   newBit
20000a3c   hidDevice
20000aa8   reportIdle
20000ab0   g_pui8MouseDescriptor
20000ab9   g_pui8HIDInterface
20000ac4   g_sHIDDescriptorSection
20000acc   configSections
20000ae0   configHeader
20000aec   g_pui8HIDDeviceDescriptor
20000b00   g_bUSBTimerInitialized
20000b04   g_ui32CurrentUSBTick
20000b08   g_ui32USBSOFCount
20000b0c   g_iUSBMode
20000b10   g_ui32WaitTicks
20000b18   _lock
20000b1c   _unlock
20000b20   __TI_cleanup_ptr
20000b24   __TI_dtors_ptr
20000b30   main_func_sp
ffffffff   __binit__
ffffffff   __c_args__
ffffffff   binit
UNDEFED    SHT$$INIT_ARRAY$$Base
UNDEFED    SHT$$INIT_ARRAY$$Limit

[252 symbols]
