<?xml version="1.0"?>
<link_info>
   <banner>TI ARM Linker Unix v5.1.1</banner>
   <copyright>Copyright (c) 1996-2013 Texas Instruments Incorporated</copyright>
   <link_time>0x55be2515</link_time>
   <link_errors>0x0</link_errors>
   <output_file>n64controller.out</output_file>
   <entry_point>
      <name>_c_int00</name>
      <address>0x3499</address>
   </entry_point>
   <input_file_list>
      <input_file id="fl-2">
         <path>./</path>
         <kind>object</kind>
         <file>ustdlib.obj</file>
         <name>ustdlib.obj</name>
      </input_file>
      <input_file id="fl-3">
         <path>./</path>
         <kind>object</kind>
         <file>tm4c123gh6pm_startup_ccs.obj</file>
         <name>tm4c123gh6pm_startup_ccs.obj</name>
      </input_file>
      <input_file id="fl-4">
         <path>./</path>
         <kind>object</kind>
         <file>protocol.obj</file>
         <name>protocol.obj</name>
      </input_file>
      <input_file id="fl-5">
         <path>./</path>
         <kind>object</kind>
         <file>n64usbhid.obj</file>
         <name>n64usbhid.obj</name>
      </input_file>
      <input_file id="fl-6">
         <path>./</path>
         <kind>object</kind>
         <file>main.obj</file>
         <name>main.obj</name>
      </input_file>
      <input_file id="fl-7">
         <path>./</path>
         <kind>object</kind>
         <file>device.obj</file>
         <name>device.obj</name>
      </input_file>
      <input_file id="fl-136">
         <path>/opt/tiva/ccs/ccsv5/tools/compiler/arm_5.1.1/lib/</path>
         <kind>archive</kind>
         <file>rtsv7M4_T_le_v4SPD16_eabi.lib</file>
         <name>boot.obj</name>
      </input_file>
      <input_file id="fl-137">
         <path>/opt/tiva/ccs/ccsv5/tools/compiler/arm_5.1.1/lib/</path>
         <kind>archive</kind>
         <file>rtsv7M4_T_le_v4SPD16_eabi.lib</file>
         <name>copy_decompress_none.obj</name>
      </input_file>
      <input_file id="fl-138">
         <path>/opt/tiva/ccs/ccsv5/tools/compiler/arm_5.1.1/lib/</path>
         <kind>archive</kind>
         <file>rtsv7M4_T_le_v4SPD16_eabi.lib</file>
         <name>copy_decompress_rle.obj</name>
      </input_file>
      <input_file id="fl-139">
         <path>/opt/tiva/ccs/ccsv5/tools/compiler/arm_5.1.1/lib/</path>
         <kind>archive</kind>
         <file>rtsv7M4_T_le_v4SPD16_eabi.lib</file>
         <name>copy_zero_init.obj</name>
      </input_file>
      <input_file id="fl-13a">
         <path>/opt/tiva/ccs/ccsv5/tools/compiler/arm_5.1.1/lib/</path>
         <kind>archive</kind>
         <file>rtsv7M4_T_le_v4SPD16_eabi.lib</file>
         <name>exit.obj</name>
      </input_file>
      <input_file id="fl-13b">
         <path>/opt/tiva/ccs/ccsv5/tools/compiler/arm_5.1.1/lib/</path>
         <kind>archive</kind>
         <file>rtsv7M4_T_le_v4SPD16_eabi.lib</file>
         <name>memcpy_t2.obj</name>
      </input_file>
      <input_file id="fl-13c">
         <path>/opt/tiva/ccs/ccsv5/tools/compiler/arm_5.1.1/lib/</path>
         <kind>archive</kind>
         <file>rtsv7M4_T_le_v4SPD16_eabi.lib</file>
         <name>stkdepth_vars.obj</name>
      </input_file>
      <input_file id="fl-13d">
         <path>/opt/tiva/ccs/ccsv5/tools/compiler/arm_5.1.1/lib/</path>
         <kind>archive</kind>
         <file>rtsv7M4_T_le_v4SPD16_eabi.lib</file>
         <name>u_divt2.obj</name>
      </input_file>
      <input_file id="fl-13e">
         <path>/opt/tiva/ccs/ccsv5/tools/compiler/arm_5.1.1/lib/</path>
         <kind>archive</kind>
         <file>rtsv7M4_T_le_v4SPD16_eabi.lib</file>
         <name>_lock.obj</name>
      </input_file>
      <input_file id="fl-13f">
         <path>/opt/tiva/ccs/ccsv5/tools/compiler/arm_5.1.1/lib/</path>
         <kind>archive</kind>
         <file>rtsv7M4_T_le_v4SPD16_eabi.lib</file>
         <name>args_main.obj</name>
      </input_file>
      <input_file id="fl-140">
         <path>/opt/tiva/ccs/ccsv5/tools/compiler/arm_5.1.1/lib/</path>
         <kind>archive</kind>
         <file>rtsv7M4_T_le_v4SPD16_eabi.lib</file>
         <name>auto_init.obj</name>
      </input_file>
      <input_file id="fl-141">
         <path>/opt/tiva/ccs/ccsv5/tools/compiler/arm_5.1.1/lib/</path>
         <kind>archive</kind>
         <file>rtsv7M4_T_le_v4SPD16_eabi.lib</file>
         <name>cpy_tbl.obj</name>
      </input_file>
      <input_file id="fl-142">
         <path>/opt/tiva/tivaware/usblib/ccs/Debug/</path>
         <kind>archive</kind>
         <file>usblib.lib</file>
         <name>usbdhid.obj</name>
      </input_file>
      <input_file id="fl-143">
         <path>/opt/tiva/tivaware/usblib/ccs/Debug/</path>
         <kind>archive</kind>
         <file>usblib.lib</file>
         <name>usbdhandler.obj</name>
      </input_file>
      <input_file id="fl-144">
         <path>/opt/tiva/tivaware/usblib/ccs/Debug/</path>
         <kind>archive</kind>
         <file>usblib.lib</file>
         <name>usbdenum.obj</name>
      </input_file>
      <input_file id="fl-145">
         <path>/opt/tiva/tivaware/usblib/ccs/Debug/</path>
         <kind>archive</kind>
         <file>usblib.lib</file>
         <name>usbdconfig.obj</name>
      </input_file>
      <input_file id="fl-146">
         <path>/opt/tiva/tivaware/usblib/ccs/Debug/</path>
         <kind>archive</kind>
         <file>usblib.lib</file>
         <name>usbdcdesc.obj</name>
      </input_file>
      <input_file id="fl-147">
         <path>/opt/tiva/tivaware/usblib/ccs/Debug/</path>
         <kind>archive</kind>
         <file>usblib.lib</file>
         <name>usbulpi.obj</name>
      </input_file>
      <input_file id="fl-148">
         <path>/opt/tiva/tivaware/usblib/ccs/Debug/</path>
         <kind>archive</kind>
         <file>usblib.lib</file>
         <name>usbtick.obj</name>
      </input_file>
      <input_file id="fl-149">
         <path>/opt/tiva/tivaware/usblib/ccs/Debug/</path>
         <kind>archive</kind>
         <file>usblib.lib</file>
         <name>usbmode.obj</name>
      </input_file>
      <input_file id="fl-14a">
         <path>/opt/tiva/tivaware/usblib/ccs/Debug/</path>
         <kind>archive</kind>
         <file>usblib.lib</file>
         <name>usbdma.obj</name>
      </input_file>
      <input_file id="fl-14b">
         <path>/opt/tiva/tivaware/usblib/ccs/Debug/</path>
         <kind>archive</kind>
         <file>usblib.lib</file>
         <name>usbdesc.obj</name>
      </input_file>
      <input_file id="fl-14c">
         <path>/opt/tiva/tivaware/usblib/ccs/Debug/</path>
         <kind>archive</kind>
         <file>usblib.lib</file>
         <name>usbhostenum.obj</name>
      </input_file>
      <input_file id="fl-14d">
         <path>/opt/tiva/tivaware/usblib/ccs/Debug/</path>
         <kind>archive</kind>
         <file>usblib.lib</file>
         <name>usbhhub.obj</name>
      </input_file>
      <input_file id="fl-14e">
         <path>/opt/tiva/tivaware/driverlib/ccs/Debug/</path>
         <kind>archive</kind>
         <file>driverlib.lib</file>
         <name>usb.obj</name>
      </input_file>
      <input_file id="fl-14f">
         <path>/opt/tiva/tivaware/driverlib/ccs/Debug/</path>
         <kind>archive</kind>
         <file>driverlib.lib</file>
         <name>udma.obj</name>
      </input_file>
      <input_file id="fl-150">
         <path>/opt/tiva/tivaware/driverlib/ccs/Debug/</path>
         <kind>archive</kind>
         <file>driverlib.lib</file>
         <name>timer.obj</name>
      </input_file>
      <input_file id="fl-151">
         <path>/opt/tiva/tivaware/driverlib/ccs/Debug/</path>
         <kind>archive</kind>
         <file>driverlib.lib</file>
         <name>sysctl.obj</name>
      </input_file>
      <input_file id="fl-152">
         <path>/opt/tiva/tivaware/driverlib/ccs/Debug/</path>
         <kind>archive</kind>
         <file>driverlib.lib</file>
         <name>interrupt.obj</name>
      </input_file>
      <input_file id="fl-153">
         <path>/opt/tiva/tivaware/driverlib/ccs/Debug/</path>
         <kind>archive</kind>
         <file>driverlib.lib</file>
         <name>gpio.obj</name>
      </input_file>
      <input_file id="fl-154">
         <path>/opt/tiva/tivaware/driverlib/ccs/Debug/</path>
         <kind>archive</kind>
         <file>driverlib.lib</file>
         <name>cpu.obj</name>
      </input_file>
   </input_file_list>
   <object_component_list>
      <object_component id="oc-e">
         <name>.intvecs</name>
         <load_address>0x0</load_address>
         <run_address>0x0</run_address>
         <size>0x26c</size>
         <input_file_ref idref="fl-3"/>
      </object_component>
      <object_component id="oc-214">
         <name>.text</name>
         <load_address>0x26c</load_address>
         <run_address>0x26c</run_address>
         <size>0xa48</size>
         <input_file_ref idref="fl-2"/>
      </object_component>
      <object_component id="oc-29">
         <name>.text</name>
         <load_address>0xcb4</load_address>
         <run_address>0xcb4</run_address>
         <size>0x41c</size>
         <input_file_ref idref="fl-4"/>
      </object_component>
      <object_component id="oc-1cd">
         <name>.text:USBDEP0StateTxConfig</name>
         <load_address>0x10d0</load_address>
         <run_address>0x10d0</run_address>
         <size>0x160</size>
         <input_file_ref idref="fl-144"/>
      </object_component>
      <object_component id="oc-3af">
         <name>.text:USBLibDMAInit</name>
         <load_address>0x1230</load_address>
         <run_address>0x1230</run_address>
         <size>0x160</size>
         <input_file_ref idref="fl-14a"/>
      </object_component>
      <object_component id="oc-2a3">
         <name>.text:USBDCDInit</name>
         <load_address>0x1390</load_address>
         <run_address>0x1390</run_address>
         <size>0x148</size>
         <input_file_ref idref="fl-144"/>
      </object_component>
      <object_component id="oc-405">
         <name>.text:USBDeviceConfig</name>
         <load_address>0x14d8</load_address>
         <run_address>0x14d8</run_address>
         <size>0x140</size>
         <input_file_ref idref="fl-145"/>
      </object_component>
      <object_component id="oc-c3">
         <name>.text:USBDeviceIntHandlerInternal</name>
         <load_address>0x1618</load_address>
         <run_address>0x1618</run_address>
         <size>0x140</size>
         <input_file_ref idref="fl-144"/>
      </object_component>
      <object_component id="oc-119">
         <name>.text:GPIOPadConfigSet</name>
         <load_address>0x1758</load_address>
         <run_address>0x1758</run_address>
         <size>0x130</size>
         <input_file_ref idref="fl-153"/>
      </object_component>
      <object_component id="oc-16c">
         <name>.text</name>
         <load_address>0x1888</load_address>
         <run_address>0x1888</run_address>
         <size>0x12c</size>
         <input_file_ref idref="fl-5"/>
      </object_component>
      <object_component id="oc-43d">
         <name>.text:HandleRequest</name>
         <load_address>0x19b4</load_address>
         <run_address>0x19b4</run_address>
         <size>0x10e</size>
         <input_file_ref idref="fl-142"/>
      </object_component>
      <object_component id="oc-4dc">
         <name>.text:iDMAUSBArbSizeSet</name>
         <load_address>0x1ac2</load_address>
         <run_address>0x1ac2</run_address>
         <size>0x2</size>
         <input_file_ref idref="fl-14a"/>
      </object_component>
      <object_component id="oc-162">
         <name>.text:SysCtlClockSet</name>
         <load_address>0x1ac4</load_address>
         <run_address>0x1ac4</run_address>
         <size>0x104</size>
         <input_file_ref idref="fl-151"/>
      </object_component>
      <object_component id="oc-171">
         <name>.text</name>
         <load_address>0x1bc8</load_address>
         <run_address>0x1bc8</run_address>
         <size>0xf8</size>
         <input_file_ref idref="fl-7"/>
      </object_component>
      <object_component id="oc-4fa">
         <name>.text:iDMAUSBTransfer</name>
         <load_address>0x1cc0</load_address>
         <run_address>0x1cc0</run_address>
         <size>0xe8</size>
         <input_file_ref idref="fl-14a"/>
      </object_component>
      <object_component id="oc-29e">
         <name>.text:USBDHIDCompositeInit</name>
         <load_address>0x1da8</load_address>
         <run_address>0x1da8</run_address>
         <size>0xe0</size>
         <input_file_ref idref="fl-142"/>
      </object_component>
      <object_component id="oc-317">
         <name>.text:USBDGetDescriptor</name>
         <load_address>0x1e88</load_address>
         <run_address>0x1e88</run_address>
         <size>0xdc</size>
         <input_file_ref idref="fl-144"/>
      </object_component>
      <object_component id="oc-146">
         <name>.text:USBDeviceEnumHandler</name>
         <load_address>0x1f64</load_address>
         <run_address>0x1f64</run_address>
         <size>0xd8</size>
         <input_file_ref idref="fl-144"/>
      </object_component>
      <object_component id="oc-86">
         <name>.text:SysCtlClockGet</name>
         <load_address>0x203c</load_address>
         <run_address>0x203c</run_address>
         <size>0xc8</size>
         <input_file_ref idref="fl-151"/>
      </object_component>
      <object_component id="oc-49b">
         <name>.text:uDMAUSBChannelAllocate</name>
         <load_address>0x2104</load_address>
         <run_address>0x2104</run_address>
         <size>0xc0</size>
         <input_file_ref idref="fl-14a"/>
      </object_component>
      <object_component id="oc-4d2">
         <name>.text:uDMAUSBTransfer</name>
         <load_address>0x21c4</load_address>
         <run_address>0x21c4</run_address>
         <size>0xba</size>
         <input_file_ref idref="fl-14a"/>
      </object_component>
      <object_component id="oc-47">
         <name>.text</name>
         <load_address>0x227e</load_address>
         <run_address>0x227e</run_address>
         <size>0x9c</size>
         <input_file_ref idref="fl-13b"/>
      </object_component>
      <object_component id="oc-50e">
         <name>.text:iDMAUSBUnitSizeSet</name>
         <load_address>0x231a</load_address>
         <run_address>0x231a</run_address>
         <size>0x2</size>
         <input_file_ref idref="fl-14a"/>
      </object_component>
      <object_component id="oc-330">
         <name>.text:USBDSetInterface</name>
         <load_address>0x231c</load_address>
         <run_address>0x231c</run_address>
         <size>0x98</size>
         <input_file_ref idref="fl-144"/>
      </object_component>
      <object_component id="oc-36">
         <name>.text</name>
         <load_address>0x23b4</load_address>
         <run_address>0x23b4</run_address>
         <size>0x94</size>
         <input_file_ref idref="fl-140"/>
      </object_component>
      <object_component id="oc-d6">
         <name>.text</name>
         <load_address>0x2448</load_address>
         <run_address>0x2448</run_address>
         <size>0x90</size>
         <input_file_ref idref="fl-6"/>
      </object_component>
      <object_component id="oc-473">
         <name>.text:ProcessIdleTimers</name>
         <load_address>0x24d8</load_address>
         <run_address>0x24d8</run_address>
         <size>0x8c</size>
         <input_file_ref idref="fl-142"/>
      </object_component>
      <object_component id="oc-326">
         <name>.text:USBDSetConfiguration</name>
         <load_address>0x2564</load_address>
         <run_address>0x2564</run_address>
         <size>0x8c</size>
         <input_file_ref idref="fl-144"/>
      </object_component>
      <object_component id="oc-416">
         <name>.text:USBDeviceConfigAlternate</name>
         <load_address>0x25f0</load_address>
         <run_address>0x25f0</run_address>
         <size>0x8c</size>
         <input_file_ref idref="fl-145"/>
      </object_component>
      <object_component id="oc-4e1">
         <name>.text:iDMAUSBChannelAllocate</name>
         <load_address>0x267c</load_address>
         <run_address>0x267c</run_address>
         <size>0x86</size>
         <input_file_ref idref="fl-14a"/>
      </object_component>
      <object_component id="oc-4af">
         <name>.text:uDMAUSBChannelIntDisable</name>
         <load_address>0x2702</load_address>
         <run_address>0x2702</run_address>
         <size>0x2</size>
         <input_file_ref idref="fl-14a"/>
      </object_component>
      <object_component id="oc-5c7">
         <name>.text:uDMAChannelTransferSet</name>
         <load_address>0x2704</load_address>
         <run_address>0x2704</run_address>
         <size>0x80</size>
         <input_file_ref idref="fl-14f"/>
      </object_component>
      <object_component id="oc-52a">
         <name>.text:USBDevEndpointConfigSet</name>
         <load_address>0x2784</load_address>
         <run_address>0x2784</run_address>
         <size>0x7a</size>
         <input_file_ref idref="fl-14e"/>
      </object_component>
      <object_component id="oc-4aa">
         <name>.text:uDMAUSBChannelIntEnable</name>
         <load_address>0x27fe</load_address>
         <run_address>0x27fe</run_address>
         <size>0x2</size>
         <input_file_ref idref="fl-14a"/>
      </object_component>
      <object_component id="oc-308">
         <name>.text:USBDClearFeature</name>
         <load_address>0x2800</load_address>
         <run_address>0x2800</run_address>
         <size>0x78</size>
         <input_file_ref idref="fl-144"/>
      </object_component>
      <object_component id="oc-21e">
         <name>.text:USBDHIDPacketRead</name>
         <load_address>0x2878</load_address>
         <run_address>0x2878</run_address>
         <size>0x72</size>
         <input_file_ref idref="fl-142"/>
      </object_component>
      <object_component id="oc-496">
         <name>.text:uDMAUSBArbSizeSet</name>
         <load_address>0x28ea</load_address>
         <run_address>0x28ea</run_address>
         <size>0x72</size>
         <input_file_ref idref="fl-14a"/>
      </object_component>
      <object_component id="oc-1d2">
         <name>.text:USBDEP0StateTx</name>
         <load_address>0x295c</load_address>
         <run_address>0x295c</run_address>
         <size>0x70</size>
         <input_file_ref idref="fl-144"/>
      </object_component>
      <object_component id="oc-303">
         <name>.text:USBDGetStatus</name>
         <load_address>0x29cc</load_address>
         <run_address>0x29cc</run_address>
         <size>0x70</size>
         <input_file_ref idref="fl-144"/>
      </object_component>
      <object_component id="oc-4d7">
         <name>.text:uDMAUSBUnitSizeSet</name>
         <load_address>0x2a3c</load_address>
         <run_address>0x2a3c</run_address>
         <size>0x70</size>
         <input_file_ref idref="fl-14a"/>
      </object_component>
      <object_component id="oc-5a5">
         <name>.text:IntDisable</name>
         <load_address>0x2aac</load_address>
         <run_address>0x2aac</run_address>
         <size>0x68</size>
         <input_file_ref idref="fl-152"/>
      </object_component>
      <object_component id="oc-9a">
         <name>.text:IntEnable</name>
         <load_address>0x2b14</load_address>
         <run_address>0x2b14</run_address>
         <size>0x68</size>
         <input_file_ref idref="fl-152"/>
      </object_component>
      <object_component id="oc-5a0">
         <name>.text:IntIsEnabled</name>
         <load_address>0x2b7c</load_address>
         <run_address>0x2b7c</run_address>
         <size>0x64</size>
         <input_file_ref idref="fl-152"/>
      </object_component>
      <object_component id="oc-30d">
         <name>.text:USBDSetFeature</name>
         <load_address>0x2be0</load_address>
         <run_address>0x2be0</run_address>
         <size>0x64</size>
         <input_file_ref idref="fl-144"/>
      </object_component>
      <object_component id="oc-4a5">
         <name>.text:uDMAUSBChannelEnable</name>
         <load_address>0x2c44</load_address>
         <run_address>0x2c44</run_address>
         <size>0x64</size>
         <input_file_ref idref="fl-14a"/>
      </object_component>
      <object_component id="oc-438">
         <name>.text:HandleGetDescriptor</name>
         <load_address>0x2ca8</load_address>
         <run_address>0x2ca8</run_address>
         <size>0x60</size>
         <input_file_ref idref="fl-142"/>
      </object_component>
      <object_component id="oc-81">
         <name>.text:TimerConfigure</name>
         <load_address>0x2d08</load_address>
         <run_address>0x2d08</run_address>
         <size>0x60</size>
         <input_file_ref idref="fl-150"/>
      </object_component>
      <object_component id="oc-1c8">
         <name>.text:USBDReadAndDispatchRequest</name>
         <load_address>0x2d68</load_address>
         <run_address>0x2d68</run_address>
         <size>0x60</size>
         <input_file_ref idref="fl-144"/>
      </object_component>
      <object_component id="oc-1b4">
         <name>.text:USBDevEndpointStatusClear</name>
         <load_address>0x2dc8</load_address>
         <run_address>0x2dc8</run_address>
         <size>0x5e</size>
         <input_file_ref idref="fl-14e"/>
      </object_component>
      <object_component id="oc-59">
         <name>.text</name>
         <load_address>0x2e26</load_address>
         <run_address>0x2e26</run_address>
         <size>0x5e</size>
         <input_file_ref idref="fl-138"/>
      </object_component>
      <object_component id="oc-54e">
         <name>.text:FindHIDDescriptor</name>
         <load_address>0x2e84</load_address>
         <run_address>0x2e84</run_address>
         <size>0x5c</size>
         <input_file_ref idref="fl-142"/>
      </object_component>
      <object_component id="oc-3fd">
         <name>.text:USBDStringIndexFromRequest</name>
         <load_address>0x2ee0</load_address>
         <run_address>0x2ee0</run_address>
         <size>0x5c</size>
         <input_file_ref idref="fl-144"/>
      </object_component>
      <object_component id="oc-46a">
         <name>.text:HandleDevice</name>
         <load_address>0x2f3c</load_address>
         <run_address>0x2f3c</run_address>
         <size>0x5a</size>
         <input_file_ref idref="fl-142"/>
      </object_component>
      <object_component id="oc-570">
         <name>.text:ProcessDataFromHost</name>
         <load_address>0x2f98</load_address>
         <run_address>0x2f98</run_address>
         <size>0x58</size>
         <input_file_ref idref="fl-142"/>
      </object_component>
      <object_component id="oc-66">
         <name>.text:prepareOutputSteps</name>
         <load_address>0x2ff0</load_address>
         <run_address>0x2ff0</run_address>
         <size>0x58</size>
         <input_file_ref idref="fl-4"/>
      </object_component>
      <object_component id="oc-a4">
         <name>.text:GPIOIntTypeSet</name>
         <load_address>0x3048</load_address>
         <run_address>0x3048</run_address>
         <size>0x56</size>
         <input_file_ref idref="fl-153"/>
      </object_component>
      <object_component id="oc-575">
         <name>.text:ProcessDataToHost</name>
         <load_address>0x309e</load_address>
         <run_address>0x309e</run_address>
         <size>0x54</size>
         <input_file_ref idref="fl-142"/>
      </object_component>
      <object_component id="oc-4b4">
         <name>.text:uDMAUSBChannelRelease</name>
         <load_address>0x30f2</load_address>
         <run_address>0x30f2</run_address>
         <size>0x54</size>
         <input_file_ref idref="fl-14a"/>
      </object_component>
      <object_component id="oc-38c">
         <name>.text:ULPIConfigSet</name>
         <load_address>0x3146</load_address>
         <run_address>0x3146</run_address>
         <size>0x52</size>
         <input_file_ref idref="fl-147"/>
      </object_component>
      <object_component id="oc-378">
         <name>.text:SysCtlPeripheralReset</name>
         <load_address>0x3198</load_address>
         <run_address>0x3198</run_address>
         <size>0x50</size>
         <input_file_ref idref="fl-151"/>
      </object_component>
      <object_component id="oc-520">
         <name>.text:USBDCDConfigDescGet</name>
         <load_address>0x31e8</load_address>
         <run_address>0x31e8</run_address>
         <size>0x50</size>
         <input_file_ref idref="fl-146"/>
      </object_component>
      <object_component id="oc-12d">
         <name>.text:USBDeviceResumeTickHandler</name>
         <load_address>0x3238</load_address>
         <run_address>0x3238</run_address>
         <size>0x50</size>
         <input_file_ref idref="fl-144"/>
      </object_component>
      <object_component id="oc-3f5">
         <name>.text:USBDevEndpointStallClear</name>
         <load_address>0x3288</load_address>
         <run_address>0x3288</run_address>
         <size>0x4e</size>
         <input_file_ref idref="fl-14e"/>
      </object_component>
      <object_component id="oc-541">
         <name>.text:ConfigAlternateInterfaceGet</name>
         <load_address>0x32d6</load_address>
         <run_address>0x32d6</run_address>
         <size>0x4c</size>
         <input_file_ref idref="fl-146"/>
      </object_component>
      <object_component id="oc-525">
         <name>.text:GetEPDescriptorType</name>
         <load_address>0x3322</load_address>
         <run_address>0x3322</run_address>
         <size>0x4c</size>
         <input_file_ref idref="fl-145"/>
      </object_component>
      <object_component id="oc-5d1">
         <name>.text:USBEndpointDMAConfigSet</name>
         <load_address>0x336e</load_address>
         <run_address>0x336e</run_address>
         <size>0x4c</size>
         <input_file_ref idref="fl-14e"/>
      </object_component>
      <object_component id="oc-219">
         <name>.text:USBDHIDReportWrite</name>
         <load_address>0x33ba</load_address>
         <run_address>0x33ba</run_address>
         <size>0x4a</size>
         <input_file_ref idref="fl-142"/>
      </object_component>
      <object_component id="oc-504">
         <name>.text:iDMAUSBChannelEnable</name>
         <load_address>0x3404</load_address>
         <run_address>0x3404</run_address>
         <size>0x4a</size>
         <input_file_ref idref="fl-14a"/>
      </object_component>
      <object_component id="oc-4a0">
         <name>.text:uDMAUSBChannelDisable</name>
         <load_address>0x344e</load_address>
         <run_address>0x344e</run_address>
         <size>0x4a</size>
         <input_file_ref idref="fl-14a"/>
      </object_component>
      <object_component id="oc-10">
         <name>.text</name>
         <load_address>0x3498</load_address>
         <run_address>0x3498</run_address>
         <size>0x48</size>
         <input_file_ref idref="fl-136"/>
      </object_component>
      <object_component id="oc-58f">
         <name>.text:uDMAChannelAttributeDisable</name>
         <load_address>0x34e0</load_address>
         <run_address>0x34e0</run_address>
         <size>0x48</size>
         <input_file_ref idref="fl-14f"/>
      </object_component>
      <object_component id="oc-35a">
         <name>.text:USBDCDDeviceInfoInit</name>
         <load_address>0x3528</load_address>
         <run_address>0x3528</run_address>
         <size>0x44</size>
         <input_file_ref idref="fl-144"/>
      </object_component>
      <object_component id="oc-128">
         <name>.text:USBDeviceEnumResetHandler</name>
         <load_address>0x356c</load_address>
         <run_address>0x356c</run_address>
         <size>0x44</size>
         <input_file_ref idref="fl-144"/>
      </object_component>
      <object_component id="oc-1be">
         <name>.text:USBEndpointDataGet</name>
         <load_address>0x35b0</load_address>
         <run_address>0x35b0</run_address>
         <size>0x44</size>
         <input_file_ref idref="fl-14e"/>
      </object_component>
      <object_component id="oc-d0">
         <name>.text</name>
         <load_address>0x35f4</load_address>
         <run_address>0x35f4</run_address>
         <size>0x44</size>
         <input_file_ref idref="fl-141"/>
      </object_component>
      <object_component id="oc-3f">
         <name>.text</name>
         <load_address>0x3638</load_address>
         <run_address>0x3638</run_address>
         <size>0x44</size>
         <input_file_ref idref="fl-13a"/>
      </object_component>
      <object_component id="oc-563">
         <name>.text:SetIdleTimeout</name>
         <load_address>0x367c</load_address>
         <run_address>0x367c</run_address>
         <size>0x42</size>
         <input_file_ref idref="fl-142"/>
      </object_component>
      <object_component id="oc-2b1">
         <name>.text</name>
         <load_address>0x36be</load_address>
         <run_address>0x36be</run_address>
         <size>0x42</size>
         <input_file_ref idref="fl-13d"/>
      </object_component>
      <object_component id="oc-32b">
         <name>.text:USBDGetInterface</name>
         <load_address>0x3700</load_address>
         <run_address>0x3700</run_address>
         <size>0x40</size>
         <input_file_ref idref="fl-144"/>
      </object_component>
      <object_component id="oc-2c5">
         <name>.text:ScheduleReportTransmission</name>
         <load_address>0x3740</load_address>
         <run_address>0x3740</run_address>
         <size>0x3e</size>
         <input_file_ref idref="fl-142"/>
      </object_component>
      <object_component id="oc-355">
         <name>.text:USBDCDConfigGetInterfaceEndpoint</name>
         <load_address>0x377e</load_address>
         <run_address>0x377e</run_address>
         <size>0x3a</size>
         <input_file_ref idref="fl-146"/>
      </object_component>
      <object_component id="oc-534">
         <name>.text:USBFIFOConfigSet</name>
         <load_address>0x37b8</load_address>
         <run_address>0x37b8</run_address>
         <size>0x3a</size>
         <input_file_ref idref="fl-14e"/>
      </object_component>
      <object_component id="oc-4ff">
         <name>.text:iDMAUSBChannelRelease</name>
         <load_address>0x37f2</load_address>
         <run_address>0x37f2</run_address>
         <size>0x3a</size>
         <input_file_ref idref="fl-14a"/>
      </object_component>
      <object_component id="oc-be">
         <name>.text:USBIntStatusControl</name>
         <load_address>0x382c</load_address>
         <run_address>0x382c</run_address>
         <size>0x38</size>
         <input_file_ref idref="fl-14e"/>
      </object_component>
      <object_component id="oc-465">
         <name>.text:HandleEndpoints</name>
         <load_address>0x3864</load_address>
         <run_address>0x3864</run_address>
         <size>0x36</size>
         <input_file_ref idref="fl-142"/>
      </object_component>
      <object_component id="oc-372">
         <name>.text:HIDTickHandler</name>
         <load_address>0x389c</load_address>
         <run_address>0x389c</run_address>
         <size>0x34</size>
         <input_file_ref idref="fl-142"/>
      </object_component>
      <object_component id="oc-369">
         <name>.text:InternalUSBRegisterTickHandler</name>
         <load_address>0x38d0</load_address>
         <run_address>0x38d0</run_address>
         <size>0x34</size>
         <input_file_ref idref="fl-148"/>
      </object_component>
      <object_component id="oc-132">
         <name>.text:InternalUSBStartOfFrameTick</name>
         <load_address>0x3904</load_address>
         <run_address>0x3904</run_address>
         <size>0x34</size>
         <input_file_ref idref="fl-148"/>
      </object_component>
      <object_component id="oc-7c">
         <name>.text:SysCtlPeripheralEnable</name>
         <load_address>0x3938</load_address>
         <run_address>0x3938</run_address>
         <size>0x34</size>
         <input_file_ref idref="fl-151"/>
      </object_component>
      <object_component id="oc-4e6">
         <name>.text:iDMAUSBChannelStatus</name>
         <load_address>0x396c</load_address>
         <run_address>0x396c</run_address>
         <size>0x34</size>
         <input_file_ref idref="fl-14a"/>
      </object_component>
      <object_component id="oc-2c0">
         <name>.text:ClearReportTimer</name>
         <load_address>0x39a0</load_address>
         <run_address>0x39a0</run_address>
         <size>0x32</size>
         <input_file_ref idref="fl-142"/>
      </object_component>
      <object_component id="oc-42e">
         <name>.text:NextConfigDescGet</name>
         <load_address>0x39d2</load_address>
         <run_address>0x39d2</run_address>
         <size>0x32</size>
         <input_file_ref idref="fl-146"/>
      </object_component>
      <object_component id="oc-2fb">
         <name>.text:USBDevEndpointStall</name>
         <load_address>0x3a04</load_address>
         <run_address>0x3a04</run_address>
         <size>0x32</size>
         <input_file_ref idref="fl-14e"/>
      </object_component>
      <object_component id="oc-509">
         <name>.text:iDMAUSBChannelDisable</name>
         <load_address>0x3a36</load_address>
         <run_address>0x3a36</run_address>
         <size>0x32</size>
         <input_file_ref idref="fl-14a"/>
      </object_component>
      <object_component id="oc-4be">
         <name>.text:DMAUSBIntHandler</name>
         <load_address>0x3a68</load_address>
         <run_address>0x3a68</run_address>
         <size>0x30</size>
         <input_file_ref idref="fl-14a"/>
      </object_component>
      <object_component id="oc-442">
         <name>.text:HandleConfigChange</name>
         <load_address>0x3a98</load_address>
         <run_address>0x3a98</run_address>
         <size>0x30</size>
         <input_file_ref idref="fl-142"/>
      </object_component>
      <object_component id="oc-364">
         <name>.text:InternalUSBTickInit</name>
         <load_address>0x3ac8</load_address>
         <run_address>0x3ac8</run_address>
         <size>0x30</size>
         <input_file_ref idref="fl-148"/>
      </object_component>
      <object_component id="oc-321">
         <name>.text:USBDGetConfiguration</name>
         <load_address>0x3af8</load_address>
         <run_address>0x3af8</run_address>
         <size>0x30</size>
         <input_file_ref idref="fl-144"/>
      </object_component>
      <object_component id="oc-27c">
         <name>.text:USBEndpointDataPut</name>
         <load_address>0x3b28</load_address>
         <run_address>0x3b28</run_address>
         <size>0x30</size>
         <input_file_ref idref="fl-14e"/>
      </object_component>
      <object_component id="oc-281">
         <name>.text:USBEndpointDataSend</name>
         <load_address>0x3b58</load_address>
         <run_address>0x3b58</run_address>
         <size>0x2e</size>
         <input_file_ref idref="fl-14e"/>
      </object_component>
      <object_component id="oc-612">
         <name>.text:USBDescGet</name>
         <load_address>0x3b86</load_address>
         <run_address>0x3b86</run_address>
         <size>0x2c</size>
         <input_file_ref idref="fl-14b"/>
      </object_component>
      <object_component id="oc-4c3">
         <name>.text:uDMAUSBIntStatus</name>
         <load_address>0x3bb2</load_address>
         <run_address>0x3bb2</run_address>
         <size>0x2c</size>
         <input_file_ref idref="fl-14a"/>
      </object_component>
      <object_component id="oc-114">
         <name>.text:GPIODirModeSet</name>
         <load_address>0x3bde</load_address>
         <run_address>0x3bde</run_address>
         <size>0x2a</size>
         <input_file_ref idref="fl-153"/>
      </object_component>
      <object_component id="oc-40c">
         <name>.text:USBDCDConfigDescGetNum</name>
         <load_address>0x3c08</load_address>
         <run_address>0x3c08</run_address>
         <size>0x2a</size>
         <input_file_ref idref="fl-146"/>
      </object_component>
      <object_component id="oc-53b">
         <name>.text:USBDescGetNum</name>
         <load_address>0x3c32</load_address>
         <run_address>0x3c32</run_address>
         <size>0x28</size>
         <input_file_ref idref="fl-14b"/>
      </object_component>
      <object_component id="oc-3b4">
         <name>.text:USBIntEnableControl</name>
         <load_address>0x3c5c</load_address>
         <run_address>0x3c5c</run_address>
         <size>0x28</size>
         <input_file_ref idref="fl-14e"/>
      </object_component>
      <object_component id="oc-5ba">
         <name>.text:uDMAChannelModeGet</name>
         <load_address>0x3c84</load_address>
         <run_address>0x3c84</run_address>
         <size>0x28</size>
         <input_file_ref idref="fl-14f"/>
      </object_component>
      <object_component id="oc-55e">
         <name>.text:GetIdleTimeout</name>
         <load_address>0x3cac</load_address>
         <run_address>0x3cac</run_address>
         <size>0x26</size>
         <input_file_ref idref="fl-142"/>
      </object_component>
      <object_component id="oc-447">
         <name>.text:HandleEP0DataReceived</name>
         <load_address>0x3cd2</load_address>
         <run_address>0x3cd2</run_address>
         <size>0x26</size>
         <input_file_ref idref="fl-142"/>
      </object_component>
      <object_component id="oc-205">
         <name>.text:USBDHIDInit</name>
         <load_address>0x3cf8</load_address>
         <run_address>0x3cf8</run_address>
         <size>0x26</size>
         <input_file_ref idref="fl-142"/>
      </object_component>
      <object_component id="oc-312">
         <name>.text:USBDSetAddress</name>
         <load_address>0x3d20</load_address>
         <run_address>0x3d20</run_address>
         <size>0x24</size>
         <input_file_ref idref="fl-144"/>
      </object_component>
      <object_component id="oc-1c3">
         <name>.text:USBDevEndpointDataAck</name>
         <load_address>0x3d44</load_address>
         <run_address>0x3d44</run_address>
         <size>0x24</size>
         <input_file_ref idref="fl-14e"/>
      </object_component>
      <object_component id="oc-594">
         <name>.text:USBEndpointDMADisable</name>
         <load_address>0x3d68</load_address>
         <run_address>0x3d68</run_address>
         <size>0x24</size>
         <input_file_ref idref="fl-14e"/>
      </object_component>
      <object_component id="oc-5aa">
         <name>.text:USBEndpointDMAEnable</name>
         <load_address>0x3d8c</load_address>
         <run_address>0x3d8c</run_address>
         <size>0x24</size>
         <input_file_ref idref="fl-14e"/>
      </object_component>
      <object_component id="oc-584">
         <name>.text:uDMAChannelControlSet</name>
         <load_address>0x3db0</load_address>
         <run_address>0x3db0</run_address>
         <size>0x24</size>
         <input_file_ref idref="fl-14f"/>
      </object_component>
      <object_component id="oc-20a">
         <name>.text:USBDHIDRxPacketAvailable</name>
         <load_address>0x3dd4</load_address>
         <run_address>0x3dd4</run_address>
         <size>0x22</size>
         <input_file_ref idref="fl-142"/>
      </object_component>
      <object_component id="oc-4b9">
         <name>.text:uDMAUSBChannelStatus</name>
         <load_address>0x3df6</load_address>
         <run_address>0x3df6</run_address>
         <size>0x22</size>
         <input_file_ref idref="fl-14a"/>
      </object_component>
      <object_component id="oc-52f">
         <name>.text:GetEndpointFIFOSize</name>
         <load_address>0x3e18</load_address>
         <run_address>0x3e18</run_address>
         <size>0x20</size>
         <input_file_ref idref="fl-145"/>
      </object_component>
      <object_component id="oc-200">
         <name>.text:USBStackModeSet</name>
         <load_address>0x3e38</load_address>
         <run_address>0x3e38</run_address>
         <size>0x20</size>
         <input_file_ref idref="fl-149"/>
      </object_component>
      <object_component id="oc-460">
         <name>.text:HandleDisconnect</name>
         <load_address>0x3e58</load_address>
         <run_address>0x3e58</run_address>
         <size>0x1e</size>
         <input_file_ref idref="fl-142"/>
      </object_component>
      <object_component id="oc-44c">
         <name>.text:HandleEP0DataSent</name>
         <load_address>0x3e76</load_address>
         <run_address>0x3e76</run_address>
         <size>0x1e</size>
         <input_file_ref idref="fl-142"/>
      </object_component>
      <object_component id="oc-47d">
         <name>.text:USBULPIRegRead</name>
         <load_address>0x3e94</load_address>
         <run_address>0x3e94</run_address>
         <size>0x1e</size>
         <input_file_ref idref="fl-14e"/>
      </object_component>
      <object_component id="oc-482">
         <name>.text:USBULPIRegWrite</name>
         <load_address>0x3eb2</load_address>
         <run_address>0x3eb2</run_address>
         <size>0x1e</size>
         <input_file_ref idref="fl-14e"/>
      </object_component>
      <object_component id="oc-35f">
         <name>.text:ClearIdleTimers</name>
         <load_address>0x3ed0</load_address>
         <run_address>0x3ed0</run_address>
         <size>0x1c</size>
         <input_file_ref idref="fl-142"/>
      </object_component>
      <object_component id="oc-2cb">
         <name>.text:SetDeferredOpFlag</name>
         <load_address>0x3eec</load_address>
         <run_address>0x3eec</run_address>
         <size>0x1c</size>
         <input_file_ref idref="fl-142"/>
      </object_component>
      <object_component id="oc-230">
         <name>.text:SysCtlGPIOAHBEnable</name>
         <load_address>0x3f08</load_address>
         <run_address>0x3f08</run_address>
         <size>0x1c</size>
         <input_file_ref idref="fl-151"/>
      </object_component>
      <object_component id="oc-411">
         <name>.text:USBDCDConfigGetInterface</name>
         <load_address>0x3f24</load_address>
         <run_address>0x3f24</run_address>
         <size>0x1c</size>
         <input_file_ref idref="fl-146"/>
      </object_component>
      <object_component id="oc-26d">
         <name>.text:USBDCDStallEP0</name>
         <load_address>0x3f40</load_address>
         <run_address>0x3f40</run_address>
         <size>0x1c</size>
         <input_file_ref idref="fl-144"/>
      </object_component>
      <object_component id="oc-2aa">
         <name>.text:USBEndpointDataAvail</name>
         <load_address>0x3f5c</load_address>
         <run_address>0x3f5c</run_address>
         <size>0x1c</size>
         <input_file_ref idref="fl-14e"/>
      </object_component>
      <object_component id="oc-58a">
         <name>.text:USBEndpointDMAChannel</name>
         <load_address>0x3f78</load_address>
         <run_address>0x3f78</run_address>
         <size>0x1a</size>
         <input_file_ref idref="fl-14e"/>
      </object_component>
      <object_component id="oc-167">
         <name>.text:GPIOPinTypeGPIOOutput</name>
         <load_address>0x3f92</load_address>
         <run_address>0x3f92</run_address>
         <size>0x18</size>
         <input_file_ref idref="fl-153"/>
      </object_component>
      <object_component id="oc-2e">
         <name>.text:USB0DeviceIntHandler</name>
         <load_address>0x3fac</load_address>
         <run_address>0x3fac</run_address>
         <size>0x18</size>
         <input_file_ref idref="fl-143"/>
      </object_component>
      <object_component id="oc-277">
         <name>.text:USBDCDConfigDescGetSize</name>
         <load_address>0x3fc4</load_address>
         <run_address>0x3fc4</run_address>
         <size>0x18</size>
         <input_file_ref idref="fl-146"/>
      </object_component>
      <object_component id="oc-31c">
         <name>.text:USBDSetDescriptor</name>
         <load_address>0x3fdc</load_address>
         <run_address>0x3fdc</run_address>
         <size>0x18</size>
         <input_file_ref idref="fl-144"/>
      </object_component>
      <object_component id="oc-335">
         <name>.text:USBDSyncFrame</name>
         <load_address>0x3ff4</load_address>
         <run_address>0x3ff4</run_address>
         <size>0x18</size>
         <input_file_ref idref="fl-144"/>
      </object_component>
      <object_component id="oc-3a">
         <name>.text</name>
         <load_address>0x400c</load_address>
         <run_address>0x400c</run_address>
         <size>0x18</size>
         <input_file_ref idref="fl-13f"/>
      </object_component>
      <object_component id="oc-59a">
         <name>.text:uDMAChannelDisable</name>
         <load_address>0x4024</load_address>
         <run_address>0x4024</run_address>
         <size>0x18</size>
         <input_file_ref idref="fl-14f"/>
      </object_component>
      <object_component id="oc-5af">
         <name>.text:uDMAChannelEnable</name>
         <load_address>0x403c</load_address>
         <run_address>0x403c</run_address>
         <size>0x18</size>
         <input_file_ref idref="fl-14f"/>
      </object_component>
      <object_component id="oc-37d">
         <name>.text:SysCtlUSBPLLEnable</name>
         <load_address>0x4054</load_address>
         <run_address>0x4054</run_address>
         <size>0x14</size>
         <input_file_ref idref="fl-151"/>
      </object_component>
      <object_component id="oc-559">
         <name>.text:USBDCDRequestDataEP0</name>
         <load_address>0x4068</load_address>
         <run_address>0x4068</run_address>
         <size>0x14</size>
         <input_file_ref idref="fl-144"/>
      </object_component>
      <object_component id="oc-553">
         <name>.text:USBDCDSendDataEP0</name>
         <load_address>0x407c</load_address>
         <run_address>0x407c</run_address>
         <size>0x14</size>
         <input_file_ref idref="fl-144"/>
      </object_component>
      <object_component id="oc-601">
         <name>.text:USBDMAChannelConfigSet</name>
         <load_address>0x4090</load_address>
         <run_address>0x4090</run_address>
         <size>0x14</size>
         <input_file_ref idref="fl-14e"/>
      </object_component>
      <object_component id="oc-1a2">
         <name>.text:USBHostResume</name>
         <load_address>0x40a4</load_address>
         <run_address>0x40a4</run_address>
         <size>0x14</size>
         <input_file_ref idref="fl-14e"/>
      </object_component>
      <object_component id="oc-3b9">
         <name>.text:USBIntEnableEndpoint</name>
         <load_address>0x40b8</load_address>
         <run_address>0x40b8</run_address>
         <size>0x14</size>
         <input_file_ref idref="fl-14e"/>
      </object_component>
      <object_component id="oc-61b">
         <name>.text:_USBIndexWrite</name>
         <load_address>0x40cc</load_address>
         <run_address>0x40cc</run_address>
         <size>0x14</size>
         <input_file_ref idref="fl-14e"/>
      </object_component>
      <object_component id="oc-17f">
         <name>.text</name>
         <load_address>0x40e0</load_address>
         <run_address>0x40e0</run_address>
         <size>0x14</size>
         <input_file_ref idref="fl-13e"/>
      </object_component>
      <object_component id="oc-9f">
         <name>.text:GPIOPinTypeGPIOInput</name>
         <load_address>0x40f4</load_address>
         <run_address>0x40f4</run_address>
         <size>0x12</size>
         <input_file_ref idref="fl-153"/>
      </object_component>
      <object_component id="oc-1fb">
         <name>.text:GPIOPinTypeUSBAnalog</name>
         <load_address>0x4106</load_address>
         <run_address>0x4106</run_address>
         <size>0x12</size>
         <input_file_ref idref="fl-153"/>
      </object_component>
      <object_component id="oc-45b">
         <name>.text:HandleResume</name>
         <load_address>0x4118</load_address>
         <run_address>0x4118</run_address>
         <size>0x12</size>
         <input_file_ref idref="fl-142"/>
      </object_component>
      <object_component id="oc-456">
         <name>.text:HandleSuspend</name>
         <load_address>0x412a</load_address>
         <run_address>0x412a</run_address>
         <size>0x12</size>
         <input_file_ref idref="fl-142"/>
      </object_component>
      <object_component id="oc-8b">
         <name>.text:TimerLoadSet</name>
         <load_address>0x413c</load_address>
         <run_address>0x413c</run_address>
         <size>0x12</size>
         <input_file_ref idref="fl-150"/>
      </object_component>
      <object_component id="oc-5d9">
         <name>.text:USBDMAChannelDisable</name>
         <load_address>0x414e</load_address>
         <run_address>0x414e</run_address>
         <size>0x12</size>
         <input_file_ref idref="fl-14e"/>
      </object_component>
      <object_component id="oc-606">
         <name>.text:USBDMAChannelEnable</name>
         <load_address>0x4160</load_address>
         <run_address>0x4160</run_address>
         <size>0x12</size>
         <input_file_ref idref="fl-14e"/>
      </object_component>
      <object_component id="oc-5f1">
         <name>.text:USBDMAChannelIntDisable</name>
         <load_address>0x4172</load_address>
         <run_address>0x4172</run_address>
         <size>0x12</size>
         <input_file_ref idref="fl-14e"/>
      </object_component>
      <object_component id="oc-5eb">
         <name>.text:USBDMAChannelIntEnable</name>
         <load_address>0x4184</load_address>
         <run_address>0x4184</run_address>
         <size>0x12</size>
         <input_file_ref idref="fl-14e"/>
      </object_component>
      <object_component id="oc-19">
         <name>.text:decompress:ZI</name>
         <load_address>0x4196</load_address>
         <run_address>0x4196</run_address>
         <size>0x12</size>
         <input_file_ref idref="fl-139"/>
      </object_component>
      <object_component id="oc-95">
         <name>.text:IntMasterEnable</name>
         <load_address>0x41a8</load_address>
         <run_address>0x41a8</run_address>
         <size>0x10</size>
         <input_file_ref idref="fl-152"/>
      </object_component>
      <object_component id="oc-1af">
         <name>.text:USBEndpointStatus</name>
         <load_address>0x41b8</load_address>
         <run_address>0x41b8</run_address>
         <size>0x10</size>
         <input_file_ref idref="fl-14e"/>
      </object_component>
      <object_component id="oc-4c8">
         <name>.text:DMAUSBIntStatusClear</name>
         <load_address>0x41c8</load_address>
         <run_address>0x41c8</run_address>
         <size>0xe</size>
         <input_file_ref idref="fl-14a"/>
      </object_component>
      <object_component id="oc-77">
         <name>.text:GPIOIntDisable</name>
         <load_address>0x41d6</load_address>
         <run_address>0x41d6</run_address>
         <size>0xe</size>
         <input_file_ref idref="fl-153"/>
      </object_component>
      <object_component id="oc-20f">
         <name>.text:USBDHIDTxPacketAvailable</name>
         <load_address>0x41e4</load_address>
         <run_address>0x41e4</run_address>
         <size>0xe</size>
         <input_file_ref idref="fl-142"/>
      </object_component>
      <object_component id="oc-5df">
         <name>.text:USBDMAChannelStatus</name>
         <load_address>0x41f2</load_address>
         <run_address>0x41f2</run_address>
         <size>0xe</size>
         <input_file_ref idref="fl-14e"/>
      </object_component>
      <object_component id="oc-3a0">
         <name>.text:USBDevLPMDisable</name>
         <load_address>0x4200</load_address>
         <run_address>0x4200</run_address>
         <size>0xe</size>
         <input_file_ref idref="fl-14e"/>
      </object_component>
      <object_component id="oc-13c">
         <name>.text:USBDevLPMEnable</name>
         <load_address>0x420e</load_address>
         <run_address>0x420e</run_address>
         <size>0xe</size>
         <input_file_ref idref="fl-14e"/>
      </object_component>
      <object_component id="oc-391">
         <name>.text:USBULPIDisable</name>
         <load_address>0x421c</load_address>
         <run_address>0x421c</run_address>
         <size>0xe</size>
         <input_file_ref idref="fl-14e"/>
      </object_component>
      <object_component id="oc-387">
         <name>.text:USBULPIEnable</name>
         <load_address>0x422a</load_address>
         <run_address>0x422a</run_address>
         <size>0xe</size>
         <input_file_ref idref="fl-14e"/>
      </object_component>
      <object_component id="oc-14">
         <name>.text:decompress:none</name>
         <load_address>0x4238</load_address>
         <run_address>0x4238</run_address>
         <size>0xe</size>
         <input_file_ref idref="fl-137"/>
      </object_component>
      <object_component id="oc-10a">
         <name>.text:CPUcpsie</name>
         <load_address>0x4246</load_address>
         <run_address>0x4246</run_address>
         <size>0xc</size>
         <input_file_ref idref="fl-154"/>
      </object_component>
      <object_component id="oc-6d">
         <name>.text:GPIOIntEnable</name>
         <load_address>0x4252</load_address>
         <run_address>0x4252</run_address>
         <size>0xc</size>
         <input_file_ref idref="fl-153"/>
      </object_component>
      <object_component id="oc-5cc">
         <name>.text:USBEndpointPacketCountSet</name>
         <load_address>0x425e</load_address>
         <run_address>0x425e</run_address>
         <size>0xc</size>
         <input_file_ref idref="fl-14e"/>
      </object_component>
      <object_component id="oc-3aa">
         <name>.text:USBLPMIntEnable</name>
         <load_address>0x426a</load_address>
         <run_address>0x426a</run_address>
         <size>0xc</size>
         <input_file_ref idref="fl-14e"/>
      </object_component>
      <object_component id="oc-24">
         <name>.text</name>
         <load_address>0x4276</load_address>
         <run_address>0x4276</run_address>
         <size>0xc</size>
         <input_file_ref idref="fl-3"/>
      </object_component>
      <object_component id="oc-382">
         <name>.text:USBClockEnable</name>
         <load_address>0x4282</load_address>
         <run_address>0x4282</run_address>
         <size>0xa</size>
         <input_file_ref idref="fl-14e"/>
      </object_component>
      <object_component id="oc-48f">
         <name>.text:USBControllerVersion</name>
         <load_address>0x428c</load_address>
         <run_address>0x428c</run_address>
         <size>0xa</size>
         <input_file_ref idref="fl-14e"/>
      </object_component>
      <object_component id="oc-5f7">
         <name>.text:USBDMAChannelAddressSet</name>
         <load_address>0x4296</load_address>
         <run_address>0x4296</run_address>
         <size>0xa</size>
         <input_file_ref idref="fl-14e"/>
      </object_component>
      <object_component id="oc-5fc">
         <name>.text:USBDMAChannelCountSet</name>
         <load_address>0x42a0</load_address>
         <run_address>0x42a0</run_address>
         <size>0xa</size>
         <input_file_ref idref="fl-14e"/>
      </object_component>
      <object_component id="oc-3be">
         <name>.text:USBDevConnect</name>
         <load_address>0x42aa</load_address>
         <run_address>0x42aa</run_address>
         <size>0xa</size>
         <input_file_ref idref="fl-14e"/>
      </object_component>
      <object_component id="oc-14b">
         <name>.text:USBDevDisconnect</name>
         <load_address>0x42b4</load_address>
         <run_address>0x42b4</run_address>
         <size>0xa</size>
         <input_file_ref idref="fl-14e"/>
      </object_component>
      <object_component id="oc-141">
         <name>.text:USBIntStatusEndpoint</name>
         <load_address>0x42be</load_address>
         <run_address>0x42be</run_address>
         <size>0xa</size>
         <input_file_ref idref="fl-14e"/>
      </object_component>
      <object_component id="oc-90">
         <name>.text:TimerIntEnable</name>
         <load_address>0x42c8</load_address>
         <run_address>0x42c8</run_address>
         <size>0x8</size>
         <input_file_ref idref="fl-150"/>
      </object_component>
      <object_component id="oc-39b">
         <name>.text:USBDevMode</name>
         <load_address>0x42d0</load_address>
         <run_address>0x42d0</run_address>
         <size>0x8</size>
         <input_file_ref idref="fl-14e"/>
      </object_component>
      <object_component id="oc-5c2">
         <name>.text:USBFIFOAddrGet</name>
         <load_address>0x42d8</load_address>
         <run_address>0x42d8</run_address>
         <size>0x8</size>
         <input_file_ref idref="fl-14e"/>
      </object_component>
      <object_component id="oc-396">
         <name>.text:USBOTGMode</name>
         <load_address>0x42e0</load_address>
         <run_address>0x42e0</run_address>
         <size>0x8</size>
         <input_file_ref idref="fl-14e"/>
      </object_component>
      <object_component id="oc-4f5">
         <name>.text:iDMAUSBChannelIntDisable</name>
         <load_address>0x42e8</load_address>
         <run_address>0x42e8</run_address>
         <size>0x8</size>
         <input_file_ref idref="fl-14a"/>
      </object_component>
      <object_component id="oc-4f0">
         <name>.text:iDMAUSBChannelIntEnable</name>
         <load_address>0x42f0</load_address>
         <run_address>0x42f0</run_address>
         <size>0x8</size>
         <input_file_ref idref="fl-14a"/>
      </object_component>
      <object_component id="oc-72">
         <name>.text:GPIOPinWrite</name>
         <load_address>0x42f8</load_address>
         <run_address>0x42f8</run_address>
         <size>0x6</size>
         <input_file_ref idref="fl-153"/>
      </object_component>
      <object_component id="oc-161">
         <name>.text:SysCtlDelay</name>
         <load_address>0x42fe</load_address>
         <run_address>0x42fe</run_address>
         <size>0x6</size>
         <input_file_ref idref="fl-151"/>
      </object_component>
      <object_component id="oc-5e5">
         <name>.text:USBDMAChannelIntStatus</name>
         <load_address>0x4304</load_address>
         <run_address>0x4304</run_address>
         <size>0x6</size>
         <input_file_ref idref="fl-14e"/>
      </object_component>
      <object_component id="oc-3a5">
         <name>.text:USBDevLPMConfig</name>
         <load_address>0x430a</load_address>
         <run_address>0x430a</run_address>
         <size>0x6</size>
         <input_file_ref idref="fl-14e"/>
      </object_component>
      <object_component id="oc-137">
         <name>.text:USBLPMIntStatus</name>
         <load_address>0x4310</load_address>
         <run_address>0x4310</run_address>
         <size>0x6</size>
         <input_file_ref idref="fl-14e"/>
      </object_component>
      <object_component id="oc-1e">
         <name>.text:decompress:rle24</name>
         <load_address>0x4316</load_address>
         <run_address>0x4316</run_address>
         <size>0x6</size>
         <input_file_ref idref="fl-138"/>
      </object_component>
      <object_component id="oc-4eb">
         <name>.text:iDMAUSBIntStatus</name>
         <load_address>0x431c</load_address>
         <run_address>0x431c</run_address>
         <size>0x6</size>
         <input_file_ref idref="fl-14a"/>
      </object_component>
      <object_component id="oc-4cd">
         <name>.text:DMAUSBStatus</name>
         <load_address>0x4322</load_address>
         <run_address>0x4322</run_address>
         <size>0x4</size>
         <input_file_ref idref="fl-14a"/>
      </object_component>
      <object_component id="oc-451">
         <name>.text:HandleReset</name>
         <load_address>0x4326</load_address>
         <run_address>0x4326</run_address>
         <size>0x4</size>
         <input_file_ref idref="fl-142"/>
      </object_component>
      <object_component id="oc-1b9">
         <name>.text:USBDevAddrSet</name>
         <load_address>0x432a</load_address>
         <run_address>0x432a</run_address>
         <size>0x4</size>
         <input_file_ref idref="fl-14e"/>
      </object_component>
      <object_component id="oc-110">
         <name>.const</name>
         <load_address>0x4330</load_address>
         <run_address>0x4330</run_address>
         <size>0x70</size>
         <input_file_ref idref="fl-152"/>
      </object_component>
      <object_component id="oc-105">
         <name>.const:g_pui32Xtals</name>
         <load_address>0x43a0</load_address>
         <run_address>0x43a0</run_address>
         <size>0x6c</size>
         <input_file_ref idref="fl-151"/>
      </object_component>
      <object_component id="oc-3eb">
         <name>.const:.string</name>
         <load_address>0x440c</load_address>
         <run_address>0x440c</run_address>
         <size>0x60</size>
         <input_file_ref idref="fl-5"/>
      </object_component>
      <object_component id="oc-2d1">
         <name>.const</name>
         <load_address>0x446c</load_address>
         <run_address>0x446c</run_address>
         <size>0x4c</size>
         <input_file_ref idref="fl-5"/>
      </object_component>
      <object_component id="oc-3ef">
         <name>.const:.string:hidReportDescriptor</name>
         <load_address>0x44b8</load_address>
         <run_address>0x44b8</run_address>
         <size>0x3e</size>
         <input_file_ref idref="fl-5"/>
      </object_component>
      <object_component id="oc-274">
         <name>.const:g_psUSBDStdRequests</name>
         <load_address>0x44f8</load_address>
         <run_address>0x44f8</run_address>
         <size>0x34</size>
         <input_file_ref idref="fl-144"/>
      </object_component>
      <object_component id="oc-36e">
         <name>.const:g_sHIDHandlers</name>
         <load_address>0x452c</load_address>
         <run_address>0x452c</run_address>
         <size>0x30</size>
         <input_file_ref idref="fl-142"/>
      </object_component>
      <object_component id="oc-3ed">
         <name>.const:.string:configString</name>
         <load_address>0x455c</load_address>
         <run_address>0x455c</run_address>
         <size>0x2e</size>
         <input_file_ref idref="fl-5"/>
      </object_component>
      <object_component id="oc-237">
         <name>.const</name>
         <load_address>0x458c</load_address>
         <run_address>0x458c</run_address>
         <size>0x20</size>
         <input_file_ref idref="fl-7"/>
      </object_component>
      <object_component id="oc-2b5">
         <name>.const</name>
         <load_address>0x45ac</load_address>
         <run_address>0x45ac</run_address>
         <size>0x1c</size>
         <input_file_ref idref="fl-2"/>
      </object_component>
      <object_component id="oc-3e1">
         <name>.const:.string</name>
         <load_address>0x45c8</load_address>
         <run_address>0x45c8</run_address>
         <size>0x12</size>
         <input_file_ref idref="fl-2"/>
      </object_component>
      <object_component id="oc-687">
         <name>.cinit..data.load</name>
         <load_address>0x45e0</load_address>
         <run_address>0x45e0</run_address>
         <size>0xae</size>
      </object_component>
      <object_component id="oc-685">
         <name>__TI_handler_table</name>
         <load_address>0x4690</load_address>
         <run_address>0x4690</run_address>
         <size>0xc</size>
      </object_component>
      <object_component id="oc-688">
         <name>.cinit..bss.load</name>
         <load_address>0x46a0</load_address>
         <run_address>0x46a0</run_address>
         <size>0x8</size>
      </object_component>
      <object_component id="oc-686">
         <name>__TI_cinit_table</name>
         <load_address>0x46a8</load_address>
         <run_address>0x46a8</run_address>
         <size>0x10</size>
      </object_component>
      <object_component id="oc-44">
         <name>.data</name>
         <load_address>0x20000c50</load_address>
         <run_address>0x20000c50</run_address>
         <size>0x4</size>
         <input_file_ref idref="fl-13c"/>
      </object_component>
      <object_component id="oc-b5">
         <name>.data</name>
         <load_address>0x20000c0a</load_address>
         <run_address>0x20000c0a</run_address>
         <size>0x2</size>
         <input_file_ref idref="fl-4"/>
      </object_component>
      <object_component id="oc-dd">
         <name>.data</name>
         <load_address>0x20000c38</load_address>
         <run_address>0x20000c38</run_address>
         <size>0x8</size>
         <input_file_ref idref="fl-13e"/>
      </object_component>
      <object_component id="oc-df">
         <name>.data</name>
         <load_address>0x20000c40</load_address>
         <run_address>0x20000c40</run_address>
         <size>0x8</size>
         <input_file_ref idref="fl-13a"/>
      </object_component>
      <object_component id="oc-154">
         <name>.data</name>
         <load_address>0x20000c20</load_address>
         <run_address>0x20000c20</run_address>
         <size>0xc</size>
         <input_file_ref idref="fl-148"/>
      </object_component>
      <object_component id="oc-156">
         <name>.data</name>
         <load_address>0x20000c48</load_address>
         <run_address>0x20000c48</run_address>
         <size>0x8</size>
         <input_file_ref idref="fl-144"/>
      </object_component>
      <object_component id="oc-223">
         <name>.data:hidDevice</name>
         <load_address>0x20000b5c</load_address>
         <run_address>0x20000b5c</run_address>
         <size>0x6c</size>
         <input_file_ref idref="fl-5"/>
      </object_component>
      <object_component id="oc-225">
         <name>.data</name>
         <load_address>0x20000bc8</load_address>
         <run_address>0x20000bc8</run_address>
         <size>0x42</size>
         <input_file_ref idref="fl-5"/>
      </object_component>
      <object_component id="oc-293">
         <name>.data</name>
         <load_address>0x20000c2c</load_address>
         <run_address>0x20000c2c</run_address>
         <size>0x9</size>
         <input_file_ref idref="fl-149"/>
      </object_component>
      <object_component id="oc-2b7">
         <name>.data</name>
         <load_address>0x20000c54</load_address>
         <run_address>0x20000c54</run_address>
         <size>0x4</size>
         <input_file_ref idref="fl-2"/>
      </object_component>
      <object_component id="oc-370">
         <name>.data</name>
         <load_address>0x20000c0c</load_address>
         <run_address>0x20000c0c</run_address>
         <size>0x12</size>
         <input_file_ref idref="fl-142"/>
      </object_component>
      <object_component id="oc-a9">
         <name>.bss:buffer</name>
         <uninitialized>true</uninitialized>
         <run_address>0x20000910</run_address>
         <size>0x100</size>
         <input_file_ref idref="fl-4"/>
      </object_component>
      <object_component id="oc-150">
         <name>.bss</name>
         <uninitialized>true</uninitialized>
         <run_address>0x20000b40</run_address>
         <size>0x8</size>
         <input_file_ref idref="fl-144"/>
      </object_component>
      <object_component id="oc-152">
         <name>.bss:g_psDCDInst</name>
         <uninitialized>true</uninitialized>
         <run_address>0x20000a10</run_address>
         <size>0x50</size>
         <input_file_ref idref="fl-144"/>
      </object_component>
      <object_component id="oc-1a8">
         <name>.bss</name>
         <uninitialized>true</uninitialized>
         <run_address>0x20000ae0</run_address>
         <size>0x30</size>
         <input_file_ref idref="fl-148"/>
      </object_component>
      <object_component id="oc-227">
         <name>.bss:readBuffer</name>
         <uninitialized>true</uninitialized>
         <run_address>0x20000aa0</run_address>
         <size>0x40</size>
         <input_file_ref idref="fl-5"/>
      </object_component>
      <object_component id="oc-235">
         <name>.bss:gcN64Buffer</name>
         <uninitialized>true</uninitialized>
         <run_address>0x20000b10</run_address>
         <size>0x24</size>
         <input_file_ref idref="fl-7"/>
      </object_component>
      <object_component id="oc-272">
         <name>.bss:g_pui8DataBufferIn</name>
         <uninitialized>true</uninitialized>
         <run_address>0x20000a60</run_address>
         <size>0x40</size>
         <input_file_ref idref="fl-144"/>
      </object_component>
      <object_component id="oc-295">
         <name>.bss</name>
         <uninitialized>true</uninitialized>
         <run_address>0x20000b34</run_address>
         <size>0xc</size>
         <input_file_ref idref="fl-149"/>
      </object_component>
      <object_component id="oc-494">
         <name>.bss:g_psUSBDMAInst</name>
         <uninitialized>true</uninitialized>
         <run_address>0x20000800</run_address>
         <size>0x110</size>
         <input_file_ref idref="fl-14a"/>
      </object_component>
      <object_component id="oc-b7">
         <name>.common:g_ucNextDelay</name>
         <uninitialized>true</uninitialized>
         <run_address>0x20000b5b</run_address>
         <size>0x1</size>
      </object_component>
      <object_component id="oc-f7">
         <name>.common:currentBit</name>
         <uninitialized>true</uninitialized>
         <run_address>0x20000b58</run_address>
         <size>0x1</size>
      </object_component>
      <object_component id="oc-ad">
         <name>.common:currentByte</name>
         <uninitialized>true</uninitialized>
         <run_address>0x20000b48</run_address>
         <size>0x4</size>
      </object_component>
      <object_component id="oc-af">
         <name>.common:txNumBytes</name>
         <uninitialized>true</uninitialized>
         <run_address>0x20000b54</run_address>
         <size>0x4</size>
      </object_component>
      <object_component id="oc-ae">
         <name>.common:interruptCount</name>
         <uninitialized>true</uninitialized>
         <run_address>0x20000b4c</run_address>
         <size>0x4</size>
      </object_component>
      <object_component id="oc-fc">
         <name>.common:outputSteps</name>
         <uninitialized>true</uninitialized>
         <run_address>0x20000b50</run_address>
         <size>0x4</size>
      </object_component>
      <object_component id="oc-b0">
         <name>.common:doSomething</name>
         <uninitialized>true</uninitialized>
         <run_address>0x20000b5a</run_address>
         <size>0x1</size>
      </object_component>
      <object_component id="oc-f8">
         <name>.common:data</name>
         <uninitialized>true</uninitialized>
         <run_address>0x20000b59</run_address>
         <size>0x1</size>
      </object_component>
      <object_component id="oc-23">
         <name>.stack</name>
         <uninitialized>true</uninitialized>
         <run_address>0x20000000</run_address>
         <size>0x0</size>
         <input_file_ref idref="fl-136"/>
      </object_component>
      <object_component id="oc-689">
         <name>.stack</name>
         <uninitialized>true</uninitialized>
         <run_address>0x20000000</run_address>
         <size>0x0</size>
      </object_component>
      <object_component id="oc-f">
         <name>.debug_info</name>
         <load_address>0x0</load_address>
         <run_address>0x0</run_address>
         <size>0xe3</size>
         <input_file_ref idref="fl-3"/>
      </object_component>
      <object_component id="oc-11">
         <name>.debug_info</name>
         <load_address>0xe3</load_address>
         <run_address>0xe3</run_address>
         <size>0xf3</size>
         <input_file_ref idref="fl-136"/>
      </object_component>
      <object_component id="oc-15">
         <name>.debug_info</name>
         <load_address>0x1d6</load_address>
         <run_address>0x1d6</run_address>
         <size>0x194</size>
         <input_file_ref idref="fl-137"/>
      </object_component>
      <object_component id="oc-1a">
         <name>.debug_info</name>
         <load_address>0x36a</load_address>
         <run_address>0x36a</run_address>
         <size>0x16a</size>
         <input_file_ref idref="fl-139"/>
      </object_component>
      <object_component id="oc-1f">
         <name>.debug_info</name>
         <load_address>0x4d4</load_address>
         <run_address>0x4d4</run_address>
         <size>0x18e</size>
         <input_file_ref idref="fl-138"/>
      </object_component>
      <object_component id="oc-25">
         <name>.debug_info</name>
         <load_address>0x662</load_address>
         <run_address>0x662</run_address>
         <size>0x25f</size>
         <input_file_ref idref="fl-3"/>
      </object_component>
      <object_component id="oc-2a">
         <name>.debug_info</name>
         <load_address>0x8c1</load_address>
         <run_address>0x8c1</run_address>
         <size>0x627</size>
         <input_file_ref idref="fl-4"/>
      </object_component>
      <object_component id="oc-2f">
         <name>.debug_info</name>
         <load_address>0xee8</load_address>
         <run_address>0xee8</run_address>
         <size>0x1e4</size>
         <input_file_ref idref="fl-143"/>
      </object_component>
      <object_component id="oc-35">
         <name>.debug_info</name>
         <load_address>0x10cc</load_address>
         <run_address>0x10cc</run_address>
         <size>0x17c</size>
         <input_file_ref idref="fl-3"/>
      </object_component>
      <object_component id="oc-37">
         <name>.debug_info</name>
         <load_address>0x1248</load_address>
         <run_address>0x1248</run_address>
         <size>0x13d</size>
         <input_file_ref idref="fl-140"/>
      </object_component>
      <object_component id="oc-3b">
         <name>.debug_info</name>
         <load_address>0x1385</load_address>
         <run_address>0x1385</run_address>
         <size>0x11c</size>
         <input_file_ref idref="fl-13f"/>
      </object_component>
      <object_component id="oc-40">
         <name>.debug_info</name>
         <load_address>0x14a1</load_address>
         <run_address>0x14a1</run_address>
         <size>0x1c2</size>
         <input_file_ref idref="fl-13a"/>
      </object_component>
      <object_component id="oc-45">
         <name>.debug_info</name>
         <load_address>0x1663</load_address>
         <run_address>0x1663</run_address>
         <size>0xbe</size>
         <input_file_ref idref="fl-13c"/>
      </object_component>
      <object_component id="oc-48">
         <name>.debug_info</name>
         <load_address>0x1721</load_address>
         <run_address>0x1721</run_address>
         <size>0xcc</size>
         <input_file_ref idref="fl-13b"/>
      </object_component>
      <object_component id="oc-4c">
         <name>.debug_info</name>
         <load_address>0x17ed</load_address>
         <run_address>0x17ed</run_address>
         <size>0x46</size>
         <input_file_ref idref="fl-137"/>
      </object_component>
      <object_component id="oc-51">
         <name>.debug_info</name>
         <load_address>0x1833</load_address>
         <run_address>0x1833</run_address>
         <size>0xf2</size>
         <input_file_ref idref="fl-137"/>
      </object_component>
      <object_component id="oc-53">
         <name>.debug_info</name>
         <load_address>0x1925</load_address>
         <run_address>0x1925</run_address>
         <size>0x46</size>
         <input_file_ref idref="fl-139"/>
      </object_component>
      <object_component id="oc-58">
         <name>.debug_info</name>
         <load_address>0x196b</load_address>
         <run_address>0x196b</run_address>
         <size>0xad</size>
         <input_file_ref idref="fl-139"/>
      </object_component>
      <object_component id="oc-5a">
         <name>.debug_info</name>
         <load_address>0x1a18</load_address>
         <run_address>0x1a18</run_address>
         <size>0x1ef</size>
         <input_file_ref idref="fl-138"/>
      </object_component>
      <object_component id="oc-5f">
         <name>.debug_info</name>
         <load_address>0x1c07</load_address>
         <run_address>0x1c07</run_address>
         <size>0xb7</size>
         <input_file_ref idref="fl-138"/>
      </object_component>
      <object_component id="oc-60">
         <name>.debug_info</name>
         <load_address>0x1cbe</load_address>
         <run_address>0x1cbe</run_address>
         <size>0x39</size>
         <input_file_ref idref="fl-138"/>
      </object_component>
      <object_component id="oc-67">
         <name>.debug_info</name>
         <load_address>0x1cf7</load_address>
         <run_address>0x1cf7</run_address>
         <size>0x111</size>
         <input_file_ref idref="fl-4"/>
      </object_component>
      <object_component id="oc-6e">
         <name>.debug_info</name>
         <load_address>0x1e08</load_address>
         <run_address>0x1e08</run_address>
         <size>0x1b9</size>
         <input_file_ref idref="fl-153"/>
      </object_component>
      <object_component id="oc-73">
         <name>.debug_info</name>
         <load_address>0x1fc1</load_address>
         <run_address>0x1fc1</run_address>
         <size>0x1cd</size>
         <input_file_ref idref="fl-153"/>
      </object_component>
      <object_component id="oc-78">
         <name>.debug_info</name>
         <load_address>0x218e</load_address>
         <run_address>0x218e</run_address>
         <size>0x1bb</size>
         <input_file_ref idref="fl-153"/>
      </object_component>
      <object_component id="oc-7d">
         <name>.debug_info</name>
         <load_address>0x2349</load_address>
         <run_address>0x2349</run_address>
         <size>0x1a7</size>
         <input_file_ref idref="fl-151"/>
      </object_component>
      <object_component id="oc-82">
         <name>.debug_info</name>
         <load_address>0x24f0</load_address>
         <run_address>0x24f0</run_address>
         <size>0x1b6</size>
         <input_file_ref idref="fl-150"/>
      </object_component>
      <object_component id="oc-87">
         <name>.debug_info</name>
         <load_address>0x26a6</load_address>
         <run_address>0x26a6</run_address>
         <size>0x1c8</size>
         <input_file_ref idref="fl-151"/>
      </object_component>
      <object_component id="oc-8c">
         <name>.debug_info</name>
         <load_address>0x286e</load_address>
         <run_address>0x286e</run_address>
         <size>0x1e4</size>
         <input_file_ref idref="fl-150"/>
      </object_component>
      <object_component id="oc-91">
         <name>.debug_info</name>
         <load_address>0x2a52</load_address>
         <run_address>0x2a52</run_address>
         <size>0x1be</size>
         <input_file_ref idref="fl-150"/>
      </object_component>
      <object_component id="oc-96">
         <name>.debug_info</name>
         <load_address>0x2c10</load_address>
         <run_address>0x2c10</run_address>
         <size>0x168</size>
         <input_file_ref idref="fl-152"/>
      </object_component>
      <object_component id="oc-9b">
         <name>.debug_info</name>
         <load_address>0x2d78</load_address>
         <run_address>0x2d78</run_address>
         <size>0x192</size>
         <input_file_ref idref="fl-152"/>
      </object_component>
      <object_component id="oc-a0">
         <name>.debug_info</name>
         <load_address>0x2f0a</load_address>
         <run_address>0x2f0a</run_address>
         <size>0x1df</size>
         <input_file_ref idref="fl-153"/>
      </object_component>
      <object_component id="oc-a5">
         <name>.debug_info</name>
         <load_address>0x30e9</load_address>
         <run_address>0x30e9</run_address>
         <size>0x1e5</size>
         <input_file_ref idref="fl-153"/>
      </object_component>
      <object_component id="oc-aa">
         <name>.debug_info</name>
         <load_address>0x32ce</load_address>
         <run_address>0x32ce</run_address>
         <size>0xc7</size>
         <input_file_ref idref="fl-4"/>
      </object_component>
      <object_component id="oc-ac">
[...]
         <object_component_ref idref="oc-219"/>
      </symbol>
      <symbol id="sm-531">
         <name>g_sHIDHandlers</name>
         <value>0x452c</value>
         <object_component_ref idref="oc-36e"/>
      </symbol>
      <symbol id="sm-532">
         <name>USBDHIDCompositeInit</name>
         <value>0x1da9</value>
         <object_component_ref idref="oc-29e"/>
      </symbol>
      <symbol id="sm-533">
         <name>USBDHIDRxPacketAvailable</name>
         <value>0x3dd5</value>
         <object_component_ref idref="oc-20a"/>
      </symbol>
      <symbol id="sm-534">
         <name>g_pui8HIDDeviceDescriptor</name>
         <value>0x20000c0c</value>
         <object_component_ref idref="oc-370"/>
      </symbol>
      <symbol id="sm-535">
         <name>USBDHIDPacketRead</name>
         <value>0x2879</value>
         <object_component_ref idref="oc-21e"/>
      </symbol>
      <symbol id="sm-536">
         <name>USBDHIDTxPacketAvailable</name>
         <value>0x41e5</value>
         <object_component_ref idref="oc-20f"/>
      </symbol>
      <symbol id="sm-541">
         <name>USB0DeviceIntHandler</name>
         <value>0x3fad</value>
         <object_component_ref idref="oc-2e"/>
      </symbol>
      <symbol id="sm-6e5">
         <name>USBDCDSendDataEP0</name>
         <value>0x407d</value>
         <object_component_ref idref="oc-553"/>
      </symbol>
      <symbol id="sm-6e6">
         <name>USBDCDStallEP0</name>
         <value>0x3f41</value>
         <object_component_ref idref="oc-26d"/>
      </symbol>
      <symbol id="sm-6e7">
         <name>USBDCDRequestDataEP0</name>
         <value>0x4069</value>
         <object_component_ref idref="oc-559"/>
      </symbol>
      <symbol id="sm-6e8">
         <name>g_ppsDevInfo</name>
         <value>0x20000b44</value>
         <object_component_ref idref="oc-150"/>
      </symbol>
      <symbol id="sm-6e9">
         <name>USBDeviceEnumHandler</name>
         <value>0x1f65</value>
         <object_component_ref idref="oc-146"/>
      </symbol>
      <symbol id="sm-6ea">
         <name>USBDCDInit</name>
         <value>0x1391</value>
         <object_component_ref idref="oc-2a3"/>
      </symbol>
      <symbol id="sm-6eb">
         <name>USBDeviceEnumResetHandler</name>
         <value>0x356d</value>
         <object_component_ref idref="oc-128"/>
      </symbol>
      <symbol id="sm-6ec">
         <name>g_psDCDInst</name>
         <value>0x20000a10</value>
         <object_component_ref idref="oc-152"/>
      </symbol>
      <symbol id="sm-6ed">
         <name>USBDCDDeviceInfoInit</name>
         <value>0x3529</value>
         <object_component_ref idref="oc-35a"/>
      </symbol>
      <symbol id="sm-6ee">
         <name>USBDeviceIntHandlerInternal</name>
         <value>0x1619</value>
         <object_component_ref idref="oc-c3"/>
      </symbol>
      <symbol id="sm-6ef">
         <name>USBDeviceResumeTickHandler</name>
         <value>0x3239</value>
         <object_component_ref idref="oc-12d"/>
      </symbol>
      <symbol id="sm-783">
         <name>USBDeviceConfigAlternate</name>
         <value>0x25f1</value>
         <object_component_ref idref="oc-416"/>
      </symbol>
      <symbol id="sm-784">
         <name>USBDeviceConfig</name>
         <value>0x14d9</value>
         <object_component_ref idref="oc-405"/>
      </symbol>
      <symbol id="sm-7fa">
         <name>USBDCDConfigDescGet</name>
         <value>0x31e9</value>
         <object_component_ref idref="oc-520"/>
      </symbol>
      <symbol id="sm-7fb">
         <name>USBDCDConfigGetInterface</name>
         <value>0x3f25</value>
         <object_component_ref idref="oc-411"/>
      </symbol>
      <symbol id="sm-7fc">
         <name>USBDCDConfigDescGetSize</name>
         <value>0x3fc5</value>
         <object_component_ref idref="oc-277"/>
      </symbol>
      <symbol id="sm-7fd">
         <name>USBDCDConfigGetInterfaceEndpoint</name>
         <value>0x377f</value>
         <object_component_ref idref="oc-355"/>
      </symbol>
      <symbol id="sm-7fe">
         <name>USBDCDConfigDescGetNum</name>
         <value>0x3c09</value>
         <object_component_ref idref="oc-40c"/>
      </symbol>
      <symbol id="sm-80a">
         <name>ULPIConfigSet</name>
         <value>0x3147</value>
         <object_component_ref idref="oc-38c"/>
      </symbol>
      <symbol id="sm-857">
         <name>g_ui32USBSOFCount</name>
         <value>0x20000c28</value>
         <object_component_ref idref="oc-154"/>
      </symbol>
      <symbol id="sm-858">
         <name>g_pvTickInstance</name>
         <value>0x20000af8</value>
         <object_component_ref idref="oc-1a8"/>
      </symbol>
      <symbol id="sm-859">
         <name>g_bUSBTimerInitialized</name>
         <value>0x20000c20</value>
         <object_component_ref idref="oc-154"/>
      </symbol>
      <symbol id="sm-85a">
         <name>g_ui32CurrentUSBTick</name>
         <value>0x20000c24</value>
         <object_component_ref idref="oc-154"/>
      </symbol>
      <symbol id="sm-85b">
         <name>InternalUSBStartOfFrameTick</name>
         <value>0x3905</value>
         <object_component_ref idref="oc-132"/>
      </symbol>
      <symbol id="sm-85c">
         <name>g_pfnTickHandlers</name>
         <value>0x20000ae0</value>
         <object_component_ref idref="oc-1a8"/>
      </symbol>
      <symbol id="sm-85d">
         <name>InternalUSBRegisterTickHandler</name>
         <value>0x38d1</value>
         <object_component_ref idref="oc-369"/>
      </symbol>
      <symbol id="sm-85e">
         <name>InternalUSBTickInit</name>
         <value>0x3ac9</value>
         <object_component_ref idref="oc-364"/>
      </symbol>
      <symbol id="sm-894">
         <name>g_eOTGModeState</name>
         <value>0x20000b38</value>
         <object_component_ref idref="oc-295"/>
      </symbol>
      <symbol id="sm-895">
         <name>g_ui32PollRate</name>
         <value>0x20000b34</value>
         <object_component_ref idref="oc-295"/>
      </symbol>
      <symbol id="sm-896">
         <name>g_iUSBMode</name>
         <value>0x20000c2c</value>
         <object_component_ref idref="oc-293"/>
      </symbol>
      <symbol id="sm-897">
         <name>USBStackModeSet</name>
         <value>0x3e39</value>
         <object_component_ref idref="oc-200"/>
      </symbol>
      <symbol id="sm-898">
         <name>g_ui32WaitTicks</name>
         <value>0x20000c30</value>
         <object_component_ref idref="oc-293"/>
      </symbol>
      <symbol id="sm-9d7">
         <name>USBLibDMAInit</name>
         <value>0x1231</value>
         <object_component_ref idref="oc-3af"/>
      </symbol>
      <symbol id="sm-a0a">
         <name>USBDescGet</name>
         <value>0x3b87</value>
         <object_component_ref idref="oc-612"/>
      </symbol>
      <symbol id="sm-a0b">
         <name>USBDescGetNum</name>
         <value>0x3c33</value>
         <object_component_ref idref="oc-53b"/>
      </symbol>
      <symbol id="sm-b91">
         <name>USBLPMIntEnable</name>
         <value>0x426b</value>
         <object_component_ref idref="oc-3aa"/>
      </symbol>
      <symbol id="sm-b92">
         <name>USBEndpointDataAvail</name>
         <value>0x3f5d</value>
         <object_component_ref idref="oc-2aa"/>
      </symbol>
      <symbol id="sm-b93">
         <name>USBClockEnable</name>
         <value>0x4283</value>
         <object_component_ref idref="oc-382"/>
      </symbol>
      <symbol id="sm-b94">
         <name>USBDevDisconnect</name>
         <value>0x42b5</value>
         <object_component_ref idref="oc-14b"/>
      </symbol>
      <symbol id="sm-b95">
         <name>USBDevEndpointStallClear</name>
         <value>0x3289</value>
         <object_component_ref idref="oc-3f5"/>
      </symbol>
      <symbol id="sm-b96">
         <name>USBEndpointDataPut</name>
         <value>0x3b29</value>
         <object_component_ref idref="oc-27c"/>
      </symbol>
      <symbol id="sm-b97">
         <name>USBDMAChannelIntStatus</name>
         <value>0x4305</value>
         <object_component_ref idref="oc-5e5"/>
      </symbol>
      <symbol id="sm-b98">
         <name>USBDevAddrSet</name>
         <value>0x432b</value>
         <object_component_ref idref="oc-1b9"/>
      </symbol>
      <symbol id="sm-b99">
         <name>USBDMAChannelCountSet</name>
         <value>0x42a1</value>
         <object_component_ref idref="oc-5fc"/>
      </symbol>
      <symbol id="sm-b9a">
         <name>USBLPMIntStatus</name>
         <value>0x4311</value>
         <object_component_ref idref="oc-137"/>
      </symbol>
      <symbol id="sm-b9b">
         <name>USBDMAChannelAddressSet</name>
         <value>0x4297</value>
         <object_component_ref idref="oc-5f7"/>
      </symbol>
      <symbol id="sm-b9c">
         <name>USBULPIDisable</name>
         <value>0x421d</value>
         <object_component_ref idref="oc-391"/>
      </symbol>
      <symbol id="sm-b9d">
         <name>USBIntStatusControl</name>
         <value>0x382d</value>
         <object_component_ref idref="oc-be"/>
      </symbol>
      <symbol id="sm-b9e">
         <name>USBEndpointDMADisable</name>
         <value>0x3d69</value>
         <object_component_ref idref="oc-594"/>
      </symbol>
      <symbol id="sm-b9f">
         <name>USBDevEndpointDataAck</name>
         <value>0x3d45</value>
         <object_component_ref idref="oc-1c3"/>
      </symbol>
      <symbol id="sm-ba0">
         <name>USBOTGMode</name>
         <value>0x42e1</value>
         <object_component_ref idref="oc-396"/>
      </symbol>
      <symbol id="sm-ba1">
         <name>USBDMAChannelConfigSet</name>
         <value>0x4091</value>
         <object_component_ref idref="oc-601"/>
      </symbol>
      <symbol id="sm-ba2">
         <name>USBULPIRegRead</name>
         <value>0x3e95</value>
         <object_component_ref idref="oc-47d"/>
      </symbol>
      <symbol id="sm-ba3">
         <name>USBDevMode</name>
         <value>0x42d1</value>
         <object_component_ref idref="oc-39b"/>
      </symbol>
      <symbol id="sm-ba4">
         <name>USBIntEnableEndpoint</name>
         <value>0x40b9</value>
         <object_component_ref idref="oc-3b9"/>
      </symbol>
      <symbol id="sm-ba5">
         <name>USBEndpointDataGet</name>
         <value>0x35b1</value>
         <object_component_ref idref="oc-1be"/>
      </symbol>
      <symbol id="sm-ba6">
         <name>USBDevEndpointStatusClear</name>
         <value>0x2dc9</value>
         <object_component_ref idref="oc-1b4"/>
      </symbol>
      <symbol id="sm-ba7">
         <name>USBULPIEnable</name>
         <value>0x422b</value>
         <object_component_ref idref="oc-387"/>
      </symbol>
      <symbol id="sm-ba8">
         <name>USBFIFOAddrGet</name>
         <value>0x42d9</value>
         <object_component_ref idref="oc-5c2"/>
      </symbol>
      <symbol id="sm-ba9">
         <name>USBDMAChannelStatus</name>
         <value>0x41f3</value>
         <object_component_ref idref="oc-5df"/>
      </symbol>
      <symbol id="sm-baa">
         <name>USBULPIRegWrite</name>
         <value>0x3eb3</value>
         <object_component_ref idref="oc-482"/>
      </symbol>
      <symbol id="sm-bab">
         <name>USBDMAChannelIntEnable</name>
         <value>0x4185</value>
         <object_component_ref idref="oc-5eb"/>
      </symbol>
      <symbol id="sm-bac">
         <name>USBDevLPMConfig</name>
         <value>0x430b</value>
         <object_component_ref idref="oc-3a5"/>
      </symbol>
      <symbol id="sm-bad">
         <name>USBDevLPMEnable</name>
         <value>0x420f</value>
         <object_component_ref idref="oc-13c"/>
      </symbol>
      <symbol id="sm-bae">
         <name>USBControllerVersion</name>
         <value>0x428d</value>
         <object_component_ref idref="oc-48f"/>
      </symbol>
      <symbol id="sm-baf">
         <name>USBFIFOConfigSet</name>
         <value>0x37b9</value>
         <object_component_ref idref="oc-534"/>
      </symbol>
      <symbol id="sm-bb0">
         <name>USBEndpointDMAEnable</name>
         <value>0x3d8d</value>
         <object_component_ref idref="oc-5aa"/>
      </symbol>
      <symbol id="sm-bb1">
         <name>USBDevLPMDisable</name>
         <value>0x4201</value>
         <object_component_ref idref="oc-3a0"/>
      </symbol>
      <symbol id="sm-bb2">
         <name>USBEndpointDataSend</name>
         <value>0x3b59</value>
         <object_component_ref idref="oc-281"/>
      </symbol>
      <symbol id="sm-bb3">
         <name>USBIntStatusEndpoint</name>
         <value>0x42bf</value>
         <object_component_ref idref="oc-141"/>
      </symbol>
      <symbol id="sm-bb4">
         <name>USBEndpointStatus</name>
         <value>0x41b9</value>
         <object_component_ref idref="oc-1af"/>
      </symbol>
      <symbol id="sm-bb5">
         <name>USBEndpointPacketCountSet</name>
         <value>0x425f</value>
         <object_component_ref idref="oc-5cc"/>
      </symbol>
      <symbol id="sm-bb6">
         <name>USBDMAChannelIntDisable</name>
         <value>0x4173</value>
         <object_component_ref idref="oc-5f1"/>
      </symbol>
      <symbol id="sm-bb7">
         <name>USBEndpointDMAConfigSet</name>
         <value>0x336f</value>
         <object_component_ref idref="oc-5d1"/>
      </symbol>
      <symbol id="sm-bb8">
         <name>USBDevEndpointStall</name>
         <value>0x3a05</value>
         <object_component_ref idref="oc-2fb"/>
      </symbol>
      <symbol id="sm-bb9">
         <name>USBDevConnect</name>
         <value>0x42ab</value>
         <object_component_ref idref="oc-3be"/>
      </symbol>
      <symbol id="sm-bba">
         <name>USBDevEndpointConfigSet</name>
         <value>0x2785</value>
         <object_component_ref idref="oc-52a"/>
      </symbol>
      <symbol id="sm-bbb">
         <name>USBDMAChannelDisable</name>
         <value>0x414f</value>
         <object_component_ref idref="oc-5d9"/>
      </symbol>
      <symbol id="sm-bbc">
         <name>USBDMAChannelEnable</name>
         <value>0x4161</value>
         <object_component_ref idref="oc-606"/>
      </symbol>
      <symbol id="sm-bbd">
         <name>USBHostResume</name>
         <value>0x40a5</value>
         <object_component_ref idref="oc-1a2"/>
      </symbol>
      <symbol id="sm-bbe">
         <name>USBIntEnableControl</name>
         <value>0x3c5d</value>
         <object_component_ref idref="oc-3b4"/>
      </symbol>
      <symbol id="sm-bbf">
         <name>USBEndpointDMAChannel</name>
         <value>0x3f79</value>
         <object_component_ref idref="oc-58a"/>
      </symbol>
      <symbol id="sm-c04">
         <name>uDMAChannelControlSet</name>
         <value>0x3db1</value>
         <object_component_ref idref="oc-584"/>
      </symbol>
      <symbol id="sm-c05">
         <name>uDMAChannelDisable</name>
         <value>0x4025</value>
         <object_component_ref idref="oc-59a"/>
      </symbol>
      <symbol id="sm-c06">
         <name>uDMAChannelModeGet</name>
         <value>0x3c85</value>
         <object_component_ref idref="oc-5ba"/>
      </symbol>
      <symbol id="sm-c07">
         <name>uDMAChannelTransferSet</name>
         <value>0x2705</value>
         <object_component_ref idref="oc-5c7"/>
      </symbol>
      <symbol id="sm-c08">
         <name>uDMAChannelAttributeDisable</name>
         <value>0x34e1</value>
         <object_component_ref idref="oc-58f"/>
      </symbol>
      <symbol id="sm-c09">
         <name>uDMAChannelEnable</name>
         <value>0x403d</value>
         <object_component_ref idref="oc-5af"/>
      </symbol>
      <symbol id="sm-c2a">
         <name>TimerLoadSet</name>
         <value>0x413d</value>
         <object_component_ref idref="oc-8b"/>
      </symbol>
      <symbol id="sm-c2b">
         <name>TimerIntEnable</name>
         <value>0x42c9</value>
         <object_component_ref idref="oc-90"/>
      </symbol>
      <symbol id="sm-c2c">
         <name>TimerConfigure</name>
         <value>0x2d09</value>
         <object_component_ref idref="oc-81"/>
      </symbol>
      <symbol id="sm-c91">
         <name>SysCtlGPIOAHBEnable</name>
         <value>0x3f09</value>
         <object_component_ref idref="oc-230"/>
      </symbol>
      <symbol id="sm-c92">
         <name>SysCtlClockSet</name>
         <value>0x1ac5</value>
         <object_component_ref idref="oc-162"/>
      </symbol>
      <symbol id="sm-c93">
         <name>SysCtlDelay</name>
         <value>0x42ff</value>
         <object_component_ref idref="oc-161"/>
      </symbol>
      <symbol id="sm-c94">
         <name>SysCtlPeripheralEnable</name>
         <value>0x3939</value>
         <object_component_ref idref="oc-7c"/>
      </symbol>
      <symbol id="sm-c95">
         <name>SysCtlClockGet</name>
         <value>0x203d</value>
         <object_component_ref idref="oc-86"/>
      </symbol>
      <symbol id="sm-c96">
         <name>SysCtlUSBPLLEnable</name>
         <value>0x4055</value>
         <object_component_ref idref="oc-37d"/>
      </symbol>
      <symbol id="sm-c97">
         <name>SysCtlPeripheralReset</name>
         <value>0x3199</value>
         <object_component_ref idref="oc-378"/>
      </symbol>
      <symbol id="sm-ce6">
         <name>IntIsEnabled</name>
         <value>0x2b7d</value>
         <object_component_ref idref="oc-5a0"/>
      </symbol>
      <symbol id="sm-ce7">
         <name>IntEnable</name>
         <value>0x2b15</value>
         <object_component_ref idref="oc-9a"/>
      </symbol>
      <symbol id="sm-ce8">
         <name>IntDisable</name>
         <value>0x2aad</value>
         <object_component_ref idref="oc-5a5"/>
      </symbol>
      <symbol id="sm-ce9">
         <name>IntMasterEnable</name>
         <value>0x41a9</value>
         <object_component_ref idref="oc-95"/>
      </symbol>
      <symbol id="sm-d2f">
         <name>GPIOPinTypeUSBAnalog</name>
         <value>0x4107</value>
         <object_component_ref idref="oc-1fb"/>
      </symbol>
      <symbol id="sm-d30">
         <name>GPIOIntDisable</name>
         <value>0x41d7</value>
         <object_component_ref idref="oc-77"/>
      </symbol>
      <symbol id="sm-d31">
         <name>GPIOIntEnable</name>
         <value>0x4253</value>
         <object_component_ref idref="oc-6d"/>
      </symbol>
      <symbol id="sm-d32">
         <name>GPIOIntTypeSet</name>
         <value>0x3049</value>
         <object_component_ref idref="oc-a4"/>
      </symbol>
      <symbol id="sm-d33">
         <name>GPIOPinTypeGPIOInput</name>
         <value>0x40f5</value>
         <object_component_ref idref="oc-9f"/>
      </symbol>
      <symbol id="sm-d34">
         <name>GPIOPinTypeGPIOOutput</name>
         <value>0x3f93</value>
         <object_component_ref idref="oc-167"/>
      </symbol>
      <symbol id="sm-d35">
         <name>GPIODirModeSet</name>
         <value>0x3bdf</value>
         <object_component_ref idref="oc-114"/>
      </symbol>
      <symbol id="sm-d36">
         <name>GPIOPinWrite</name>
         <value>0x42f9</value>
         <object_component_ref idref="oc-72"/>
      </symbol>
      <symbol id="sm-d37">
         <name>GPIOPadConfigSet</name>
         <value>0x1759</value>
         <object_component_ref idref="oc-119"/>
      </symbol>
      <symbol id="sm-d40">
         <name>CPUcpsie</name>
         <value>0x4247</value>
         <object_component_ref idref="oc-10a"/>
      </symbol>
      <symbol id="sm-d41">
         <name>__TI_static_base__</name>
         <value>0x0</value>
      </symbol>
      <symbol id="sm-d42">
         <name>__TI_args_main</name>
         <value>0x1</value>
      </symbol>
      <symbol id="sm-d43">
         <name>SHT$$INIT_ARRAY$$Limit</name>
         <value>0x0</value>
      </symbol>
      <symbol id="sm-d44">
         <name>SHT$$INIT_ARRAY$$Base</name>
         <value>0x0</value>
      </symbol>
   </symbol_table>
   <title>Link successful</title>
</link_info>
