******************************************************************************
                  TI ARM Linker Unix v5.1.1                    
******************************************************************************
>> Linked Sat Aug  8 12:17:18 2015

OUTPUT FILE NAME:   <n64controller.out>
ENTRY POINT SYMBOL: "_c_int00"  address: 00001fcd


MEMORY CONFIGURATION

         name            origin    length      used     unused   attr    fill
----------------------  --------  ---------  --------  --------  ----  --------
  FLASH                 00000000   00040000  00002a34  0003d5cc  R  X
  SRAM                  20000000   00008000  0000092f  000076d1  RW X


SEGMENT ALLOCATION MAP

run origin  load origin   length   init length attrs members
----------  ----------- ---------- ----------- ----- -------
00000000    00000000    00002a38   00002a38    r-x
  00000000    00000000    0000026c   0000026c    r-- .intvecs
  0000026c    0000026c    0000259a   0000259a    r-x .text
  00002808    00002808    000001ee   000001ee    r-- .const
  000029f8    000029f8    00000040   00000040    r-- .cinit
20000000    20000000    00000931   00000000    rw-
  20000000    20000000    00000800   00000000    rw- .stack
  20000800    20000800    00000102   00000000    rw- .bss
  20000904    20000904    0000002d   00000000    rw- .data


SECTION ALLOCATION MAP

 output                                  attributes/
section   page    origin      length       input sections
--------  ----  ----------  ----------   ----------------
.intvecs   0    00000000    0000026c     
                  00000000    0000026c     tm4c123gh6pm_startup_ccs.obj (.intvecs)

.init_array 
*          0    00000000    00000000     UNINITIALIZED

.text      0    0000026c    0000259a     
                  0000026c    0000048c     protocol.obj (.text)
                  000006f8    00000430     uartstdio.obj (.text)
                  00000b28    00000160     usblib.lib : usbdenum.obj (.text:USBDEP0StateTxConfig)
                  00000c88    00000140                : usbdconfig.obj (.text:USBDeviceConfig)
                  00000dc8    00000140                : usbdenum.obj (.text:USBDeviceIntHandlerInternal)
                  00000f08    00000130     driverlib.lib : gpio.obj (.text:GPIOPadConfigSet)
                  00001038    00000120     device.obj (.text)
                  00001158    0000010c     main.obj (.text)
                  00001264    00000104     driverlib.lib : sysctl.obj (.text:SysCtlClockSet)
                  00001368    000000dc     usblib.lib : usbdenum.obj (.text:USBDGetDescriptor)
                  00001444    000000d8                : usbdenum.obj (.text:USBDeviceEnumHandler)
                  0000151c    000000c8     driverlib.lib : sysctl.obj (.text:SysCtlClockGet)
                  000015e4    0000009c     rtsv7M4_T_le_v4SPD16_eabi.lib : memcpy_t2.obj (.text)
                  00001680    00000098     usblib.lib : usbdenum.obj (.text:USBDSetInterface)
                  00001718    00000094     rtsv7M4_T_le_v4SPD16_eabi.lib : auto_init.obj (.text)
                  000017ac    0000008c     usblib.lib : usbdenum.obj (.text:USBDSetConfiguration)
                  00001838    0000008c                : usbdconfig.obj (.text:USBDeviceConfigAlternate)
                  000018c4    0000007a     driverlib.lib : usb.obj (.text:USBDevEndpointConfigSet)
                  0000193e    00000002     --HOLE-- [fill = 0]
                  00001940    00000078     usblib.lib : usbdenum.obj (.text:USBDClearFeature)
                  000019b8    00000070                : usbdenum.obj (.text:USBDEP0StateTx)
                  00001a28    00000070                : usbdenum.obj (.text:USBDGetStatus)
                  00001a98    00000068     driverlib.lib : interrupt.obj (.text:IntDisable)
                  00001b00    00000068                   : interrupt.obj (.text:IntEnable)
                  00001b68    00000064     usblib.lib : usbdenum.obj (.text:USBDSetFeature)
                  00001bcc    00000060     driverlib.lib : timer.obj (.text:TimerConfigure)
                  00001c2c    00000060     usblib.lib : usbdenum.obj (.text:USBDReadAndDispatchRequest)
                  00001c8c    0000005e     driverlib.lib : usb.obj (.text:USBDevEndpointStatusClear)
                  00001cea    0000005e     rtsv7M4_T_le_v4SPD16_eabi.lib : copy_decompress_rle.obj (.text)
                  00001d48    0000005c     usblib.lib : usbdenum.obj (.text:USBDStringIndexFromRequest)
                  00001da4    00000056     driverlib.lib : gpio.obj (.text:GPIOIntTypeSet)
                  00001dfa    00000050     usblib.lib : usbdcdesc.obj (.text:USBDCDConfigDescGet)
                  00001e4a    00000002     --HOLE-- [fill = 0]
                  00001e4c    00000050                : usbdenum.obj (.text:USBDeviceResumeTickHandler)
                  00001e9c    0000004e     driverlib.lib : usb.obj (.text:USBDevEndpointStallClear)
                  00001eea    0000004c     usblib.lib : usbdcdesc.obj (.text:ConfigAlternateInterfaceGet)
                  00001f36    0000004c                : usbdconfig.obj (.text:GetEPDescriptorType)
                  00001f82    00000002     --HOLE-- [fill = 0]
                  00001f84    00000048     driverlib.lib : gpio.obj (.text:GPIOPinConfigure)
                  00001fcc    00000048     rtsv7M4_T_le_v4SPD16_eabi.lib : boot.obj (.text)
                  00002014    00000044     usblib.lib : usbdenum.obj (.text:USBDeviceEnumResetHandler)
                  00002058    00000044     driverlib.lib : usb.obj (.text:USBEndpointDataGet)
                  0000209c    00000044     rtsv7M4_T_le_v4SPD16_eabi.lib : cpy_tbl.obj (.text)
                  000020e0    00000044                                   : exit.obj (.text)
                  00002124    00000042     driverlib.lib : uart.obj (.text:UARTConfigSetExpClk)
                  00002166    00000042     rtsv7M4_T_le_v4SPD16_eabi.lib : u_divt2.obj (.text)
                  000021a8    00000040     usblib.lib : usbdenum.obj (.text:USBDGetInterface)
                  000021e8    0000003a                : usbdcdesc.obj (.text:USBDCDConfigGetInterfaceEndpoint)
                  00002222    0000003a     driverlib.lib : usb.obj (.text:USBFIFOConfigSet)
                  0000225c    00000038                   : sysctl.obj (.text:SysCtlPeripheralPresent)
                  00002294    00000038                   : usb.obj (.text:USBIntStatusControl)
                  000022cc    00000034     usblib.lib : usbtick.obj (.text:InternalUSBStartOfFrameTick)
                  00002300    00000034     driverlib.lib : sysctl.obj (.text:SysCtlPeripheralEnable)
                  00002334    00000032     usblib.lib : usbdcdesc.obj (.text:NextConfigDescGet)
                  00002366    00000032     driverlib.lib : usb.obj (.text:USBDevEndpointStall)
                  00002398    00000030     usblib.lib : usbdenum.obj (.text:USBDGetConfiguration)
                  000023c8    00000030     driverlib.lib : usb.obj (.text:USBEndpointDataPut)
                  000023f8    0000002e                   : usb.obj (.text:USBEndpointDataSend)
                  00002426    0000002c     usblib.lib : usbdesc.obj (.text:USBDescGet)
                  00002452    0000002a     driverlib.lib : gpio.obj (.text:GPIODirModeSet)
                  0000247c    0000002a     usblib.lib : usbdcdesc.obj (.text:USBDCDConfigDescGetNum)
                  000024a6    00000028                : usbdesc.obj (.text:USBDescGetNum)
                  000024ce    00000002     --HOLE-- [fill = 0]
                  000024d0    00000024                : usbdenum.obj (.text:USBDSetAddress)
                  000024f4    00000024     driverlib.lib : usb.obj (.text:USBDevEndpointDataAck)
                  00002518    00000024     protocol.obj (.text:delayUs)
                  0000253c    00000020     usblib.lib : usbdconfig.obj (.text:GetEndpointFIFOSize)
                  0000255c    00000020     protocol.obj (.text:transmit0)
                  0000257c    00000020     protocol.obj (.text:transmit1)
                  0000259c    00000020     protocol.obj (.text:transmitStop)
                  000025bc    0000001c     driverlib.lib : sysctl.obj (.text:SysCtlGPIOAHBEnable)
                  000025d8    0000001c                   : uart.obj (.text:UARTDisable)
                  000025f4    0000001c     usblib.lib : usbdcdesc.obj (.text:USBDCDConfigGetInterface)
                  00002610    0000001c                : usbdenum.obj (.text:USBDCDStallEP0)
                  0000262c    00000018     driverlib.lib : gpio.obj (.text:GPIOPinTypeGPIOOutput)
                  00002644    00000018     usblib.lib : usbdhandler.obj (.text:USB0DeviceIntHandler)
                  0000265c    00000018                : usbdcdesc.obj (.text:USBDCDConfigDescGetSize)
                  00002674    00000018                : usbdenum.obj (.text:USBDSetDescriptor)
                  0000268c    00000018                : usbdenum.obj (.text:USBDSyncFrame)
                  000026a4    00000018     rtsv7M4_T_le_v4SPD16_eabi.lib : args_main.obj (.text)
                  000026bc    00000014     driverlib.lib : uart.obj (.text:UARTEnable)
                  000026d0    00000014                   : usb.obj (.text:USBHostResume)
                  000026e4    00000014                   : usb.obj (.text:_USBIndexWrite)
                  000026f8    00000014     rtsv7M4_T_le_v4SPD16_eabi.lib : _lock.obj (.text)
                  0000270c    00000012     driverlib.lib : gpio.obj (.text:GPIOPinTypeGPIOInput)
                  0000271e    00000012                   : gpio.obj (.text:GPIOPinTypeUART)
                  00002730    00000012                   : timer.obj (.text:TimerLoadSet)
                  00002742    00000012     rtsv7M4_T_le_v4SPD16_eabi.lib : copy_zero_init.obj (.text:decompress:ZI)
                  00002754    00000010     driverlib.lib : interrupt.obj (.text:IntMasterEnable)
                  00002764    00000010                   : usb.obj (.text:USBEndpointStatus)
                  00002774    0000000e                   : usb.obj (.text:USBDevLPMEnable)
                  00002782    0000000e     rtsv7M4_T_le_v4SPD16_eabi.lib : copy_decompress_none.obj (.text:decompress:none)
                  00002790    0000000c     driverlib.lib : cpu.obj (.text:CPUcpsie)
                  0000279c    0000000c                   : gpio.obj (.text:GPIOIntEnable)
                  000027a8    0000000c     tm4c123gh6pm_startup_ccs.obj (.text)
                  000027b4    0000000a     driverlib.lib : uart.obj (.text:UARTCharGet)
                  000027be    0000000a                   : uart.obj (.text:UARTCharPut)
                  000027c8    0000000a                   : usb.obj (.text:USBDevDisconnect)
                  000027d2    0000000a                   : usb.obj (.text:USBIntStatusEndpoint)
                  000027dc    00000008                   : timer.obj (.text:TimerIntEnable)
                  000027e4    00000006                   : gpio.obj (.text:GPIOIntClear)
                  000027ea    00000006                   : gpio.obj (.text:GPIOPinWrite)
                  000027f0    00000006                   : sysctl.obj (.text:SysCtlDelay)
                  000027f6    00000006                   : usb.obj (.text:USBLPMIntStatus)
                  000027fc    00000006     rtsv7M4_T_le_v4SPD16_eabi.lib : copy_decompress_rle.obj (.text:decompress:rle24)
                  00002802    00000004     driverlib.lib : usb.obj (.text:USBDevAddrSet)

.const     0    00002808    000001ee     
                  00002808    00000090     driverlib.lib : gpio.obj (.const:g_pui32GPIOBaseAddrs)
                  00002898    00000070                   : interrupt.obj (.const)
                  00002908    0000006c                   : sysctl.obj (.const:g_pui32Xtals)
                  00002974    00000034     usblib.lib : usbdenum.obj (.const:g_psUSBDStdRequests)
                  000029a8    00000020     device.obj (.const)
                  000029c8    0000001c     uartstdio.obj (.const)
                  000029e4    00000012     uartstdio.obj (.const:.string)

.cinit     0    000029f8    00000040     
                  000029f8    0000001a     (.cinit..data.load) [load image, compression = rle]
                  00002a12    00000002     --HOLE-- [fill = 0]
                  00002a14    0000000c     (__TI_handler_table)
                  00002a20    00000008     (.cinit..bss.load) [load image, compression = zero_init]
                  00002a28    00000010     (__TI_cinit_table)

.stack     0    20000000    00000800     UNINITIALIZED
                  20000000    00000800     --HOLE--

.bss       0    20000800    00000102     UNINITIALIZED
                  20000800    00000050     usblib.lib : usbdenum.obj (.bss:g_psDCDInst)
                  20000850    00000040                : usbdenum.obj (.bss:g_pui8DataBufferIn)
                  20000890    00000030                : usbtick.obj (.bss)
                  200008c0    00000024     device.obj (.bss:gcN64Buffer)
                  200008e4    00000008     usblib.lib : usbdenum.obj (.bss)
                  200008ec    00000004     (.common:currentByteNumber)
                  200008f0    00000004     (.common:highTime)
                  200008f4    00000004     (.common:interruptCount)
                  200008f8    00000004     (.common:lowTime)
                  200008fc    00000001     (.common:currentBit)
                  200008fd    00000001     (.common:currentBitMask)
                  200008fe    00000001     (.common:currentByte)
                  200008ff    00000001     (.common:data)
                  20000900    00000001     (.common:g_ucNextDelay)
                  20000901    00000001     (.common:newBit)

.data      0    20000904    0000002d     UNINITIALIZED
                  20000904    0000000c     usblib.lib : usbtick.obj (.data)
                  20000910    00000008     rtsv7M4_T_le_v4SPD16_eabi.lib : _lock.obj (.data)
                  20000918    00000008                                   : exit.obj (.data)
                  20000920    00000008     usblib.lib : usbdenum.obj (.data)
                  20000928    00000004     rtsv7M4_T_le_v4SPD16_eabi.lib : stkdepth_vars.obj (.data)
                  2000092c    00000004     uartstdio.obj (.data)
                  20000930    00000001     protocol.obj (.data)


LINKER GENERATED COPY TABLES

__TI_cinit_table @ 00002a28 records: 2, size/record: 8, table size: 16
	.data: load addr=000029f8, load size=0000001a bytes, run addr=20000904, run size=0000002d bytes, compression=rle
	.bss: load addr=00002a20, load size=00000008 bytes, run addr=20000800, run size=00000102 bytes, compression=zero_init


LINKER GENERATED HANDLER TABLE

__TI_handler_table @ 00002a14 records: 3, size/record: 4, table size: 12
	index: 0, handler: __TI_decompress_rle24
	index: 1, handler: __TI_decompress_none
	index: 2, handler: __TI_zero_init


GLOBAL SYMBOLS: SORTED ALPHABETICALLY BY Name 

address    name
--------   ----
000020e1   C$$EXIT
00002791   CPUcpsie
0000105b   GCN64DevInitialize
0000107b   GCN64DevReset
000010ad   GCN64DevStatus
00000429   GCN64InitializeProtocol
000005e5   GCN64Receive
0000049d   GCN64Send
00002453   GPIODirModeSet
000027e5   GPIOIntClear
0000279d   GPIOIntEnable
00001da5   GPIOIntTypeSet
00000f09   GPIOPadConfigSet
00001f85   GPIOPinConfigure
0000270d   GPIOPinTypeGPIOInput
0000262d   GPIOPinTypeGPIOOutput
0000271f   GPIOPinTypeUART
000027eb   GPIOPinWrite
00000417   GpioBIntHandler
00001a99   IntDisable
00001b01   IntEnable
00002755   IntMasterEnable
000022cd   InternalUSBStartOfFrameTick
000010fd   N64DevButtons
000027a9   ResetISR
UNDEFED    SHT$$INIT_ARRAY$$Base
UNDEFED    SHT$$INIT_ARRAY$$Limit
0000151d   SysCtlClockGet
00001265   SysCtlClockSet
000027f1   SysCtlDelay
000025bd   SysCtlGPIOAHBEnable
00002301   SysCtlPeripheralEnable
0000225d   SysCtlPeripheralPresent
00000401   Timer0IntHandler
00001bcd   TimerConfigure
000027dd   TimerIntEnable
00002731   TimerLoadSet
000027b5   UARTCharGet
000027bf   UARTCharPut
00002125   UARTConfigSetExpClk
000025d9   UARTDisable
000026bd   UARTEnable
000006f9   UARTStdioConfig
0000073f   UARTStdioInit
00000755   UARTStdioInitExpClk
000007f9   UARTgetc
0000079d   UARTgets
00000819   UARTprintf
0000076b   UARTwrite
00002645   USB0DeviceIntHandler
00001dfb   USBDCDConfigDescGet
0000247d   USBDCDConfigDescGetNum
0000265d   USBDCDConfigDescGetSize
000025f5   USBDCDConfigGetInterface
000021e9   USBDCDConfigGetInterfaceEndpoint
00002611   USBDCDStallEP0
00002427   USBDescGet
000024a7   USBDescGetNum
00002803   USBDevAddrSet
000027c9   USBDevDisconnect
000018c5   USBDevEndpointConfigSet
000024f5   USBDevEndpointDataAck
00002367   USBDevEndpointStall
00001e9d   USBDevEndpointStallClear
00001c8d   USBDevEndpointStatusClear
00002775   USBDevLPMEnable
00000c89   USBDeviceConfig
00001839   USBDeviceConfigAlternate
00001445   USBDeviceEnumHandler
00002015   USBDeviceEnumResetHandler
00000dc9   USBDeviceIntHandlerInternal
00001e4d   USBDeviceResumeTickHandler
00002059   USBEndpointDataGet
000023c9   USBEndpointDataPut
000023f9   USBEndpointDataSend
00002765   USBEndpointStatus
00002223   USBFIFOConfigSet
000026d1   USBHostResume
00002295   USBIntStatusControl
000027d3   USBIntStatusEndpoint
000027f7   USBLPMIntStatus
20000800   __STACK_END
00000800   __STACK_SIZE
20000200   __STACK_TOP
00002a28   __TI_CINIT_Base
00002a38   __TI_CINIT_Limit
00002a14   __TI_Handler_Table_Base
00002a20   __TI_Handler_Table_Limit
00000001   __TI_args_main
00001719   __TI_auto_init
20000918   __TI_cleanup_ptr
00002783   __TI_decompress_none
000027fd   __TI_decompress_rle24
2000091c   __TI_dtors_ptr
00000000   __TI_static_base__
00002743   __TI_zero_init
000015e5   __aeabi_memcpy
000015e5   __aeabi_memcpy4
000015e5   __aeabi_memcpy8
00002167   __aeabi_uidivmod
ffffffff   __binit__
ffffffff   __c_args__
20000000   __stack
000026a5   _args_main
00001fcd   _c_int00
20000910   _lock
00002707   _nop
000026ff   _register_lock
000026f9   _register_unlock
20000914   _unlock
000020e5   abort
ffffffff   binit
0000209d   copy_in
200008fc   currentBit
200008fd   currentBitMask
200008fe   currentByte
200008ec   currentByteNumber
200008ff   data
00002519   delayUs
000020ed   exit
20000904   g_bUSBTimerInitialized
20000890   g_pfnTickHandlers
00000000   g_pfnVectors
200008e8   g_ppsDevInfo
20000800   g_psDCDInst
200008a8   g_pvTickInstance
20000908   g_ui32CurrentUSBTick
2000090c   g_ui32USBSOFCount
200008f0   highTime
00001171   init_usb_uart
200008f4   interruptCount
200008f8   lowTime
00001199   main
20000928   main_func_sp
000015e5   memcpy
0000030b   n64Receive
0000026d   n64Transmit
20000901   newBit
00001159   sysDelayUs
0000255d   transmit0
0000257d   transmit1
0000259d   transmitStop


GLOBAL SYMBOLS: SORTED BY Symbol Address 

address    name
--------   ----
00000000   __TI_static_base__
00000000   g_pfnVectors
00000001   __TI_args_main
0000026d   n64Transmit
0000030b   n64Receive
00000401   Timer0IntHandler
00000417   GpioBIntHandler
00000429   GCN64InitializeProtocol
0000049d   GCN64Send
000005e5   GCN64Receive
000006f9   UARTStdioConfig
0000073f   UARTStdioInit
00000755   UARTStdioInitExpClk
0000076b   UARTwrite
0000079d   UARTgets
000007f9   UARTgetc
00000800   __STACK_SIZE
00000819   UARTprintf
00000c89   USBDeviceConfig
00000dc9   USBDeviceIntHandlerInternal
00000f09   GPIOPadConfigSet
0000105b   GCN64DevInitialize
0000107b   GCN64DevReset
000010ad   GCN64DevStatus
000010fd   N64DevButtons
00001159   sysDelayUs
00001171   init_usb_uart
00001199   main
00001265   SysCtlClockSet
00001445   USBDeviceEnumHandler
0000151d   SysCtlClockGet
000015e5   __aeabi_memcpy
000015e5   __aeabi_memcpy4
000015e5   __aeabi_memcpy8
000015e5   memcpy
00001719   __TI_auto_init
00001839   USBDeviceConfigAlternate
000018c5   USBDevEndpointConfigSet
00001a99   IntDisable
00001b01   IntEnable
00001bcd   TimerConfigure
00001c8d   USBDevEndpointStatusClear
00001da5   GPIOIntTypeSet
00001dfb   USBDCDConfigDescGet
00001e4d   USBDeviceResumeTickHandler
00001e9d   USBDevEndpointStallClear
00001f85   GPIOPinConfigure
00001fcd   _c_int00
00002015   USBDeviceEnumResetHandler
00002059   USBEndpointDataGet
0000209d   copy_in
000020e1   C$$EXIT
000020e5   abort
000020ed   exit
00002125   UARTConfigSetExpClk
00002167   __aeabi_uidivmod
000021e9   USBDCDConfigGetInterfaceEndpoint
00002223   USBFIFOConfigSet
0000225d   SysCtlPeripheralPresent
00002295   USBIntStatusControl
000022cd   InternalUSBStartOfFrameTick
00002301   SysCtlPeripheralEnable
00002367   USBDevEndpointStall
000023c9   USBEndpointDataPut
000023f9   USBEndpointDataSend
00002427   USBDescGet
00002453   GPIODirModeSet
0000247d   USBDCDConfigDescGetNum
000024a7   USBDescGetNum
000024f5   USBDevEndpointDataAck
00002519   delayUs
0000255d   transmit0
0000257d   transmit1
0000259d   transmitStop
000025bd   SysCtlGPIOAHBEnable
000025d9   UARTDisable
000025f5   USBDCDConfigGetInterface
00002611   USBDCDStallEP0
0000262d   GPIOPinTypeGPIOOutput
00002645   USB0DeviceIntHandler
0000265d   USBDCDConfigDescGetSize
000026a5   _args_main
000026bd   UARTEnable
000026d1   USBHostResume
000026f9   _register_unlock
000026ff   _register_lock
00002707   _nop
0000270d   GPIOPinTypeGPIOInput
0000271f   GPIOPinTypeUART
00002731   TimerLoadSet
00002743   __TI_zero_init
00002755   IntMasterEnable
00002765   USBEndpointStatus
00002775   USBDevLPMEnable
00002783   __TI_decompress_none
00002791   CPUcpsie
0000279d   GPIOIntEnable
000027a9   ResetISR
000027b5   UARTCharGet
000027bf   UARTCharPut
000027c9   USBDevDisconnect
000027d3   USBIntStatusEndpoint
000027dd   TimerIntEnable
000027e5   GPIOIntClear
000027eb   GPIOPinWrite
000027f1   SysCtlDelay
000027f7   USBLPMIntStatus
000027fd   __TI_decompress_rle24
00002803   USBDevAddrSet
00002a14   __TI_Handler_Table_Base
00002a20   __TI_Handler_Table_Limit
00002a28   __TI_CINIT_Base
00002a38   __TI_CINIT_Limit
20000000   __stack
20000200   __STACK_TOP
20000800   __STACK_END
20000800   g_psDCDInst
20000890   g_pfnTickHandlers
200008a8   g_pvTickInstance
200008e8   g_ppsDevInfo
200008ec   currentByteNumber
200008f0   highTime
200008f4   interruptCount
200008f8   lowTime
200008fc   currentBit
200008fd   currentBitMask
200008fe   currentByte
200008ff   data
20000901   newBit
20000904   g_bUSBTimerInitialized
20000908   g_ui32CurrentUSBTick
2000090c   g_ui32USBSOFCount
20000910   _lock
20000914   _unlock
20000918   __TI_cleanup_ptr
2000091c   __TI_dtors_ptr
20000928   main_func_sp
ffffffff   __binit__
ffffffff   __c_args__
ffffffff   binit
UNDEFED    SHT$$INIT_ARRAY$$Base
UNDEFED    SHT$$INIT_ARRAY$$Limit

[142 symbols]
